<html>
<body>
<pre>
<h1>µVision Build Log</h1>
<h2>Project:</h2>
F:\◊¿√Ê¡Ÿ ±≥Ã–Ú\Dlion_Firmware_V02\Project\Pro\3Dprinter_firmware.uvproj
Project File Date:  10/20/2016

<h2>Output:</h2>
Build target '3Dprinter_firmware'
compiling fattester.c...
linking...
Program Size: Code=143318 RO-data=9942 RW-data=1264 ZI-data=277720  
FromELF: creating hex file...
"..\Obj\3Dprinter_firmware.axf" - 0 Error(s), 0 Warning(s).
</pre>
</body>
</html>
g mycc936.c...
compiling diskio.c...
compiling ff.c...
compiling fontupd.c...
compiling text.c...
compiling bmp.c...
compiling piclib.c...
compiling gif.c...
compiling tjpgd.c...
compiling lcdmenu.c...
compiling gui.c...
compiling button.c...
compiling filelistbox.c...
compiling scrollbar.c...
compiling main.c...
assembling startup_stm32f10x_hd.s...
compiling stepper.c...
compiling temperature.c...
compiling gcodeplayer.c...
compiling Dlion.c...
compiling ConfigurationStore.c...
compiling motion_control.c...
compiling planner.c...
"..\Obj\3Dprinter_firmware.axf" - 1 Error(s), 0 Warning(s).
Target not created
