<html>
<body>
<pre>
<h1>礦ision Build Log</h1>
<h2>Tool Versions:</h2>
IDE-Version: μVision V5.21.1.0
Copyright (C) 2016 ARM Ltd and ARM Germany GmbH. All rights reserved.
License Information: Big Lion, ZJNU, LIC=EPP74-FSXVN-NRFXL-0JEEG-K5DIH-Q0T8Y
 
Tool Versions:
Toolchain:       MDK-ARM Professional  Version: 5.21a
Toolchain Path:  F:\4-tools\Keil 5.21\ARM\ARMCC\Bin
C Compiler:      Armcc.exe V5.06 update 3 (build 300)
Assembler:       Armasm.exe V5.06 update 3 (build 300)
Linker/Locator:  ArmLink.exe V5.06 update 3 (build 300)
Library Manager: ArmAr.exe V5.06 update 3 (build 300)
Hex Converter:   FromElf.exe V5.06 update 3 (build 300)
CPU DLL:         SARMCM3.DLL V5.21a
Dialog DLL:      DARMSTM.DLL V1.66.0.1
Target DLL:      Segger\JL2CM3.dll V2.99.23.0
Dialog DLL:      TARMSTM.DLL V1.65.0.0
 
<h2>Project:</h2>
C:\Users\biglion\Desktop\实验33 无线通信实验\USER\NRF24L01.uvprojx
Project File Date:  10/14/2016

<h2>Output:</h2>
*** Using Compiler 'V5.06 update 3 (build 300)', folder: 'F:\4-tools\Keil 5.21\ARM\ARMCC\Bin'
Build target 'NRF24L01'
compiling 24l01.c...
..\HARDWARE\NRF24L01\24l01.c(252): warning:  #223-D: function "SPI2_ReadWriteByte16" declared implicitly
    	status =SPI2_ReadWriteByte16(reg);//发?图拇??骱? 
..\HARDWARE\NRF24L01\24l01.c(263): warning:  #223-D: function "SPI2_ReadWriteByte16" declared implicitly
    	SPI2_ReadWriteByte16((u16)reg);   //发?图拇??骱?
..\HARDWARE\NRF24L01\24l01.c(277): warning:  #223-D: function "SPI2_ReadWriteByte16" declared implicitly
    	status=SPI2_ReadWriteByte16((u16)reg);//发?图拇???值(位??),并??取状态值   	   
..\HARDWARE\NRF24L01\24l01.c(291): warning:  #223-D: function "SPI2_ReadWriteByte16" declared implicitly
    	status = SPI2_ReadWriteByte16(reg);//发?图拇???值(位??),并??取状态值
..\HARDWARE\NRF24L01\24l01.c: 4 warnings, 0 errors
linking...
Program Size: Code=28736 RO-data=6488 RW-data=60 ZI-data=1868  
FromELF: creating hex file...
"..\OBJ\NRF24L01.axf" - 0 Error(s), 4 Warning(s).

<h2>Collection of Component include folders:</h2>
  C:\Users\biglion\Desktop\实验33 无线通信实验\USER\RTE
  F:\4-tools\Keil 5.21\ARM\PACK\Keil\STM32F1xx_DFP\2.1.0\Device\Include

<h2>Collection of Component Files used:</h2>
Build Time Elapsed:  00:00:01
</pre>
</body>
</html>
