Product: MDK-ARM Standard 5.10
Component: ARM Compiler 5.04 update 1 (build 49)
Tool: armlink [5040049]

==============================================================================

Section Cross References

    delay.o(.text) refers to misc.o(.text) for SysTick_CLKSourceConfig
    delay.o(.text) refers to stm32f10x_rcc.o(.text) for RCC_APB1PeriphClockCmd
    delay.o(.text) refers to stm32f10x_tim.o(.text) for TIM_TimeBaseInit
    delay.o(.text) refers to system_stm32f10x.o(.data) for SystemCoreClock
    delay.o(.text) refers to delay.o(.data) for fac_us
    system_stm32f10x.o(.text) refers to system_stm32f10x.o(.data) for SystemCoreClock
    sys.o(.text) refers to misc.o(.text) for NVIC_PriorityGroupConfig
    usart.o(.rev16_text) refers (Special) to use_no_semi_2.o(.text) for __use_no_semihosting
    usart.o(.revsh_text) refers (Special) to use_no_semi_2.o(.text) for __use_no_semihosting
    usart.o(.text) refers (Special) to use_no_semi_2.o(.text) for __use_no_semihosting
    usart.o(.text) refers to stm32f10x_usart.o(.text) for USART_GetFlagStatus
    usart.o(.text) refers to configurationstore.o(.text) for Config_PrintSettings
    usart.o(.text) refers to stm32f10x_rcc.o(.text) for RCC_APB2PeriphClockCmd
    usart.o(.text) refers to stm32f10x_gpio.o(.text) for GPIO_Init
    usart.o(.text) refers to misc.o(.text) for NVIC_Init
    usart.o(.text) refers to usart.o(.bss) for rx_buffer
    usart.o(.text) refers to usart.o(.data) for DTR_state
    usart.o(.bss) refers (Special) to use_no_semi_2.o(.text) for __use_no_semihosting
    usart.o(.data) refers (Special) to use_no_semi_2.o(.text) for __use_no_semihosting
    adc.o(.text) refers to stm32f10x_rcc.o(.text) for RCC_APB2PeriphClockCmd
    adc.o(.text) refers to stm32f10x_adc.o(.text) for ADC_DeInit
    adc.o(.text) refers to delay.o(.text) for delay_ms
    iic.o(.text) refers to stm32f10x_rcc.o(.text) for RCC_APB2PeriphClockCmd
    iic.o(.text) refers to stm32f10x_gpio.o(.text) for GPIO_Init
    iic.o(.text) refers to delay.o(.text) for delay_us
    rtc.o(.text) refers to misc.o(.text) for NVIC_Init
    rtc.o(.text) refers to stm32f10x_rtc.o(.text) for RTC_GetCounter
    rtc.o(.text) refers to stm32f10x_rcc.o(.text) for RCC_APB1PeriphClockCmd
    rtc.o(.text) refers to stm32f10x_pwr.o(.text) for PWR_BackupAccessCmd
    rtc.o(.text) refers to stm32f10x_bkp.o(.text) for BKP_ReadBackupRegister
    rtc.o(.text) refers to delay.o(.text) for delay_ms
    rtc.o(.text) refers to rtc.o(.constdata) for table_week
    rtc.o(.text) refers to rtc.o(.data) for daycnt
    rtc.o(.text) refers to rtc.o(.bss) for calendar
    spi.o(.text) refers to stm32f10x_spi.o(.text) for SPI_Cmd
    spi.o(.text) refers to stm32f10x_rcc.o(.text) for RCC_APB2PeriphClockCmd
    spi.o(.text) refers to stm32f10x_gpio.o(.text) for GPIO_Init
    stm32f10x_gpio.o(.text) refers to stm32f10x_rcc.o(.text) for RCC_APB2PeriphResetCmd
    stm32f10x_rcc.o(.text) refers to stm32f10x_rcc.o(.data) for APBAHBPrescTable
    stm32f10x_usart.o(.text) refers to stm32f10x_rcc.o(.text) for RCC_APB2PeriphResetCmd
    stm32f10x_tim.o(.text) refers to stm32f10x_rcc.o(.text) for RCC_APB2PeriphResetCmd
    stm32f10x_bkp.o(.text) refers to stm32f10x_rcc.o(.text) for RCC_BackupResetCmd
    stm32f10x_pwr.o(.text) refers to stm32f10x_rcc.o(.text) for RCC_APB1PeriphResetCmd
    stm32f10x_adc.o(.text) refers to stm32f10x_rcc.o(.text) for RCC_APB2PeriphResetCmd
    stm32f10x_spi.o(.text) refers to stm32f10x_rcc.o(.text) for RCC_APB2PeriphResetCmd
    lcd.o(.text) refers to _printf_percent.o(.ARM.Collect$$_printf_percent$$00000000) for _printf_percent
    lcd.o(.text) refers to _printf_x.o(.ARM.Collect$$_printf_percent$$0000000C) for _printf_x
    lcd.o(.text) refers to _printf_hex_int.o(.text) for _printf_longlong_hex
    lcd.o(.text) refers to delay.o(.text) for delay_us
    lcd.o(.text) refers to lcd.o(.bss) for lcddev
    lcd.o(.text) refers to lcd.o(.data) for POINT_COLOR
    lcd.o(.text) refers to stm32f10x_rcc.o(.text) for RCC_AHBPeriphClockCmd
    lcd.o(.text) refers to stm32f10x_gpio.o(.text) for GPIO_Init
    lcd.o(.text) refers to stm32f10x_fsmc.o(.text) for FSMC_NORSRAMInit
    lcd.o(.text) refers to noretval__2printf.o(.text) for __2printf
    lcd.o(.text) refers to lcd.o(.constdata) for asc2_1206
    beep.o(.text) refers to stm32f10x_rcc.o(.text) for RCC_APB2PeriphClockCmd
    beep.o(.text) refers to stm32f10x_gpio.o(.text) for GPIO_Init
    beep.o(.text) refers to delay.o(.text) for delay_ms
    switch.o(.text) refers to stm32f10x_rcc.o(.text) for RCC_APB2PeriphClockCmd
    switch.o(.text) refers to stm32f10x_gpio.o(.text) for GPIO_Init
    switch.o(.text) refers to stm32f10x_exti.o(.text) for EXTI_Init
    switch.o(.text) refers to misc.o(.text) for NVIC_Init
    switch.o(.text) refers to delay.o(.text) for delay_ms
    24cxx.o(.text) refers to iic.o(.text) for IIC_Start
    24cxx.o(.text) refers to delay.o(.text) for delay_ms
    flash.o(.text) refers to spi.o(.text) for SPI2_ReadWriteByte
[...]
    DMA1_Channel1_IRQHandler                 0x080175c3   Thumb Code     0  startup_stm32f10x_hd.o(.text)
    DMA1_Channel2_IRQHandler                 0x080175c3   Thumb Code     0  startup_stm32f10x_hd.o(.text)
    DMA1_Channel3_IRQHandler                 0x080175c3   Thumb Code     0  startup_stm32f10x_hd.o(.text)
    DMA1_Channel4_IRQHandler                 0x080175c3   Thumb Code     0  startup_stm32f10x_hd.o(.text)
    DMA1_Channel5_IRQHandler                 0x080175c3   Thumb Code     0  startup_stm32f10x_hd.o(.text)
    DMA1_Channel6_IRQHandler                 0x080175c3   Thumb Code     0  startup_stm32f10x_hd.o(.text)
    DMA1_Channel7_IRQHandler                 0x080175c3   Thumb Code     0  startup_stm32f10x_hd.o(.text)
    DMA2_Channel1_IRQHandler                 0x080175c3   Thumb Code     0  startup_stm32f10x_hd.o(.text)
    DMA2_Channel2_IRQHandler                 0x080175c3   Thumb Code     0  startup_stm32f10x_hd.o(.text)
    DMA2_Channel3_IRQHandler                 0x080175c3   Thumb Code     0  startup_stm32f10x_hd.o(.text)
    DMA2_Channel4_5_IRQHandler               0x080175c3   Thumb Code     0  startup_stm32f10x_hd.o(.text)
    EXTI0_IRQHandler                         0x080175c3   Thumb Code     0  startup_stm32f10x_hd.o(.text)
    EXTI1_IRQHandler                         0x080175c3   Thumb Code     0  startup_stm32f10x_hd.o(.text)
    EXTI2_IRQHandler                         0x080175c3   Thumb Code     0  startup_stm32f10x_hd.o(.text)
    EXTI3_IRQHandler                         0x080175c3   Thumb Code     0  startup_stm32f10x_hd.o(.text)
    EXTI4_IRQHandler                         0x080175c3   Thumb Code     0  startup_stm32f10x_hd.o(.text)
    EXTI9_5_IRQHandler                       0x080175c3   Thumb Code     0  startup_stm32f10x_hd.o(.text)
    FLASH_IRQHandler                         0x080175c3   Thumb Code     0  startup_stm32f10x_hd.o(.text)
    FSMC_IRQHandler                          0x080175c3   Thumb Code     0  startup_stm32f10x_hd.o(.text)
    I2C1_ER_IRQHandler                       0x080175c3   Thumb Code     0  startup_stm32f10x_hd.o(.text)
    I2C1_EV_IRQHandler                       0x080175c3   Thumb Code     0  startup_stm32f10x_hd.o(.text)
    I2C2_ER_IRQHandler                       0x080175c3   Thumb Code     0  startup_stm32f10x_hd.o(.text)
    I2C2_EV_IRQHandler                       0x080175c3   Thumb Code     0  startup_stm32f10x_hd.o(.text)
    PVD_IRQHandler                           0x080175c3   Thumb Code     0  startup_stm32f10x_hd.o(.text)
    RCC_IRQHandler                           0x080175c3   Thumb Code     0  startup_stm32f10x_hd.o(.text)
    RTCAlarm_IRQHandler                      0x080175c3   Thumb Code     0  startup_stm32f10x_hd.o(.text)
    SPI1_IRQHandler                          0x080175c3   Thumb Code     0  startup_stm32f10x_hd.o(.text)
    SPI2_IRQHandler                          0x080175c3   Thumb Code     0  startup_stm32f10x_hd.o(.text)
    SPI3_IRQHandler                          0x080175c3   Thumb Code     0  startup_stm32f10x_hd.o(.text)
    TAMPER_IRQHandler                        0x080175c3   Thumb Code     0  startup_stm32f10x_hd.o(.text)
    TIM1_BRK_IRQHandler                      0x080175c3   Thumb Code     0  startup_stm32f10x_hd.o(.text)
    TIM1_CC_IRQHandler                       0x080175c3   Thumb Code     0  startup_stm32f10x_hd.o(.text)
    TIM1_TRG_COM_IRQHandler                  0x080175c3   Thumb Code     0  startup_stm32f10x_hd.o(.text)
    TIM1_UP_IRQHandler                       0x080175c3   Thumb Code     0  startup_stm32f10x_hd.o(.text)
    TIM2_IRQHandler                          0x080175c3   Thumb Code     0  startup_stm32f10x_hd.o(.text)
    TIM5_IRQHandler                          0x080175c3   Thumb Code     0  startup_stm32f10x_hd.o(.text)
    TIM7_IRQHandler                          0x080175c3   Thumb Code     0  startup_stm32f10x_hd.o(.text)
    TIM8_BRK_IRQHandler                      0x080175c3   Thumb Code     0  startup_stm32f10x_hd.o(.text)
    TIM8_CC_IRQHandler                       0x080175c3   Thumb Code     0  startup_stm32f10x_hd.o(.text)
    TIM8_TRG_COM_IRQHandler                  0x080175c3   Thumb Code     0  startup_stm32f10x_hd.o(.text)
    TIM8_UP_IRQHandler                       0x080175c3   Thumb Code     0  startup_stm32f10x_hd.o(.text)
    UART4_IRQHandler                         0x080175c3   Thumb Code     0  startup_stm32f10x_hd.o(.text)
    UART5_IRQHandler                         0x080175c3   Thumb Code     0  startup_stm32f10x_hd.o(.text)
    USART2_IRQHandler                        0x080175c3   Thumb Code     0  startup_stm32f10x_hd.o(.text)
    USART3_IRQHandler                        0x080175c3   Thumb Code     0  startup_stm32f10x_hd.o(.text)
    USBWakeUp_IRQHandler                     0x080175c3   Thumb Code     0  startup_stm32f10x_hd.o(.text)
    USB_HP_CAN1_TX_IRQHandler                0x080175c3   Thumb Code     0  startup_stm32f10x_hd.o(.text)
    USB_LP_CAN1_RX0_IRQHandler               0x080175c3   Thumb Code     0  startup_stm32f10x_hd.o(.text)
    WWDG_IRQHandler                          0x080175c3   Thumb Code     0  startup_stm32f10x_hd.o(.text)
    __user_initial_stackheap                 0x080175c5   Thumb Code     0  startup_stm32f10x_hd.o(.text)
    checkHitEndstops                         0x080175e5   Thumb Code   192  stepper.o(.text)
    endstops_hit_on_purpose                  0x080176a5   Thumb Code    16  stepper.o(.text)
    enable_endstops                          0x080176b5   Thumb Code     6  stepper.o(.text)
    st_wake_up                               0x080176bb   Thumb Code    14  stepper.o(.text)
    step_wait                                0x080176c9   Thumb Code    14  stepper.o(.text)
    calc_timer                               0x080176d7   Thumb Code    96  stepper.o(.text)
    trapezoid_generator_reset                0x08017737   Thumb Code    64  stepper.o(.text)
    TIM3_IRQHandler                          0x08017777   Thumb Code  1278  stepper.o(.text)
    st_init                                  0x08017c75   Thumb Code   304  stepper.o(.text)
    st_synchronize                           0x08017da5   Thumb Code    26  stepper.o(.text)
    st_set_position                          0x08017dbf   Thumb Code    18  stepper.o(.text)
    st_set_e_position                        0x08017dd1   Thumb Code    10  stepper.o(.text)
    st_get_position                          0x08017ddb   Thumb Code    14  stepper.o(.text)
    finishAndDisableSteppers                 0x08017de9   Thumb Code    36  stepper.o(.text)
    quickStop                                0x08017e0d   Thumb Code    42  stepper.o(.text)
    digitalPotWrite                          0x08017e37   Thumb Code     2  stepper.o(.text)
    digipot_current                          0x08017e39   Thumb Code    26  stepper.o(.text)
    digipot_init                             0x08017e53   Thumb Code    32  stepper.o(.text)
    microstep_ms                             0x08017e73   Thumb Code     2  stepper.o(.text)
    microstep_mode                           0x08017e75   Thumb Code   324  stepper.o(.text)
    microstep_init                           0x08017fb9   Thumb Code    22  stepper.o(.text)
    microstep_readings                       0x08017fcf   Thumb Code    60  stepper.o(.text)
    setTargetBed                             0x0801821d   Thumb Code    34  temperature.o(.text)
    setTargetHotend                          0x0801823f   Thumb Code    66  temperature.o(.text)
    disable_heater                           0x08018281   Thumb Code    62  temperature.o(.text)
    PID_autotune                             0x080182bf   Thumb Code  1140  temperature.o(.text)
    updatePID                                0x08018733   Thumb Code    30  temperature.o(.text)
    getHeaterPower                           0x08018751   Thumb Code    18  temperature.o(.text)
    manage_heater                            0x08018763   Thumb Code  1002  temperature.o(.text)
    tp_init                                  0x08018b4d   Thumb Code   566  temperature.o(.text)
    setWatch                                 0x08018d83   Thumb Code     2  temperature.o(.text)
    max_temp_error                           0x08018d85   Thumb Code    44  temperature.o(.text)
    min_temp_error                           0x08018db1   Thumb Code    44  temperature.o(.text)
    bed_max_temp_error                       0x08018ddd   Thumb Code   244  temperature.o(.text)
    TIM6_IRQHandler                          0x08018ed1   Thumb Code   256  temperature.o(.text)
    scalePID_i                               0x08018fd1   Thumb Code    32  temperature.o(.text)
    unscalePID_i                             0x08018ff1   Thumb Code    32  temperature.o(.text)
    scalePID_d                               0x08019011   Thumb Code    32  temperature.o(.text)
    unscalePID_d                             0x08019031   Thumb Code    32  temperature.o(.text)
    degHotend                                0x08019051   Thumb Code    10  temperature.o(.text)
    degBed                                   0x0801905b   Thumb Code     6  temperature.o(.text)
    degTargetHotend                          0x08019061   Thumb Code    16  temperature.o(.text)
    degTargetBed                             0x08019071   Thumb Code    12  temperature.o(.text)
    isHeatingHotend                          0x0801907d   Thumb Code    38  temperature.o(.text)
    isHeatingBed                             0x080190a3   Thumb Code    32  temperature.o(.text)
    isCoolingHotend                          0x080190c3   Thumb Code    38  temperature.o(.text)
    isCoolingBed                             0x080190e9   Thumb Code    32  temperature.o(.text)
    autotempShutdown                         0x08019109   Thumb Code    48  temperature.o(.text)
    gcode_ls                                 0x080191d9   Thumb Code   120  gcodeplayer.o(.text)
    card_ls                                  0x08019251   Thumb Code    24  gcodeplayer.o(.text)
    card_initsd                              0x08019269   Thumb Code    42  gcodeplayer.o(.text)
    card_release                             0x08019293   Thumb Code    10  gcodeplayer.o(.text)
    card_openFile                            0x0801929d   Thumb Code   212  gcodeplayer.o(.text)
    card_removeFile                          0x08019371   Thumb Code    48  gcodeplayer.o(.text)
    card_startFileprint                      0x080193a1   Thumb Code    14  gcodeplayer.o(.text)
    card_pauseSDPrint                        0x080193af   Thumb Code    14  gcodeplayer.o(.text)
    card_setIndex                            0x080193bd   Thumb Code    16  gcodeplayer.o(.text)
    card_getStatus                           0x080193cd   Thumb Code    56  gcodeplayer.o(.text)
    card_closefile                           0x08019405   Thumb Code    18  gcodeplayer.o(.text)
    card_write_command                       0x08019417   Thumb Code     2  gcodeplayer.o(.text)
    card_checkautostart                      0x08019419   Thumb Code    30  gcodeplayer.o(.text)
    card_printingHasFinished                 0x08019437   Thumb Code    36  gcodeplayer.o(.text)
    card_eof                                 0x0801945b   Thumb Code    18  gcodeplayer.o(.text)
    file_read                                0x0801946d   Thumb Code    36  gcodeplayer.o(.text)
    card_get                                 0x08019491   Thumb Code     8  gcodeplayer.o(.text)
    enquecommand                             0x080195a9   Thumb Code    84  dlion.o(.text)
    setup                                    0x080195fd   Thumb Code    24  dlion.o(.text)
    kill                                     0x08019615   Thumb Code    46  dlion.o(.text)
    manage_inactivity                        0x08019643   Thumb Code    90  dlion.o(.text)
    ClearToSend                              0x0801969d   Thumb Code    38  dlion.o(.text)
    code_value                               0x080196c3   Thumb Code    44  dlion.o(.text)
    code_seen                                0x080196ef   Thumb Code    38  dlion.o(.text)
    FlushSerialRequestResend                 0x08019715   Thumb Code    30  dlion.o(.text)
    setTargetedHotend                        0x08019733   Thumb Code   120  dlion.o(.text)
    code_value_long                          0x080197ab   Thumb Code    40  dlion.o(.text)
    axis_is_at_home                          0x080197d3   Thumb Code    72  dlion.o(.text)
    prepare_arc_move                         0x08019ae9   Thumb Code   170  dlion.o(.text)
    get_coordinates                          0x08019b93   Thumb Code   152  dlion.o(.text)
    get_arc_coordinates                      0x08019c2b   Thumb Code    56  dlion.o(.text)
    clamp_to_software_endstops               0x08019c63   Thumb Code   114  dlion.o(.text)
    prepare_move                             0x08019cd5   Thumb Code   184  dlion.o(.text)
    process_commands                         0x08019d8d   Thumb Code  5756  dlion.o(.text)
    get_command                              0x0801b409   Thumb Code  1480  dlion.o(.text)
    loop                                     0x0801b9d1   Thumb Code   482  dlion.o(.text)
    Stop                                     0x0801bbb3   Thumb Code    40  dlion.o(.text)
    IsStopped                                0x0801bbdb   Thumb Code     6  dlion.o(.text)
    Config_PrintSettings                     0x0801bc11   Thumb Code   612  configurationstore.o(.text)
    mc_arc                                   0x0801c019   Thumb Code  1026  motion_control.o(.text)
    estimate_acceleration_distance           0x0801c44b   Thumb Code   102  planner.o(.text)
    intersection_distance                    0x0801c4b1   Thumb Code   174  planner.o(.text)
    calculate_trapezoid_for_block            0x0801c55f   Thumb Code   358  planner.o(.text)
    max_allowable_speed                      0x0801c6c5   Thumb Code    68  planner.o(.text)
    planner_reverse_pass_kernel              0x0801c709   Thumb Code   108  planner.o(.text)
    planner_reverse_pass                     0x0801c775   Thumb Code    96  planner.o(.text)
    planner_forward_pass_kernel              0x0801c7d5   Thumb Code   140  planner.o(.text)
    planner_forward_pass                     0x0801c861   Thumb Code    92  planner.o(.text)
    planner_recalculate_trapezoids           0x0801c8bd   Thumb Code   164  planner.o(.text)
    planner_recalculate                      0x0801c961   Thumb Code    16  planner.o(.text)
    plan_init                                0x0801c971   Thumb Code    40  planner.o(.text)
    getHighESpeed                            0x0801c999   Thumb Code   350  planner.o(.text)
    check_axes_activity                      0x0801caf7   Thumb Code   112  planner.o(.text)
    plan_buffer_line                         0x0801cb67   Thumb Code  4126  planner.o(.text)
    plan_set_position                        0x0801db85   Thumb Code   406  planner.o(.text)
    plan_set_e_position                      0x0801dd1b   Thumb Code   106  planner.o(.text)
    movesplanned                             0x0801dd85   Thumb Code    16  planner.o(.text)
    allow_cold_extrudes                      0x0801dd95   Thumb Code     6  planner.o(.text)
    reset_acceleration_rates                 0x0801dd9b   Thumb Code    52  planner.o(.text)
    plan_discard_current_block               0x0801ddcf   Thumb Code    28  planner.o(.text)
    plan_get_current_block                   0x0801ddeb   Thumb Code    44  planner.o(.text)
    blocks_queued                            0x0801de17   Thumb Code    74  planner.o(.text)
    __use_no_semihosting                     0x0801de61   Thumb Code     2  use_no_semi_2.o(.text)
    __aeabi_ldivmod                          0x0801de63   Thumb Code     0  llsdiv.o(.text)
    _ll_sdiv                                 0x0801de63   Thumb Code    72  llsdiv.o(.text)
    __2printf                                0x0801dead   Thumb Code    20  noretval__2printf.o(.text)
    __2sprintf                               0x0801dec5   Thumb Code    34  noretval__2sprintf.o(.text)
    _printf_pre_padding                      0x0801deed   Thumb Code    44  _printf_pad.o(.text)
    _printf_post_padding                     0x0801df19   Thumb Code    34  _printf_pad.o(.text)
    _printf_str                              0x0801df3b   Thumb Code    82  _printf_str.o(.text)
    _printf_int_dec                          0x0801df8d   Thumb Code   100  _printf_dec.o(.text)
    _printf_int_hex                          0x0801e001   Thumb Code    84  _printf_hex_int.o(.text)
    _printf_longlong_hex                     0x0801e001   Thumb Code     0  _printf_hex_int.o(.text)
    __printf                                 0x0801e059   Thumb Code   388  __printf_flags_ss_wp.o(.text)
    strtol                                   0x0801e1e1   Thumb Code   112  strtol.o(.text)
    strchr                                   0x0801e251   Thumb Code    20  strchr.o(.text)
    strstr                                   0x0801e265   Thumb Code    36  strstr.o(.text)
    strcpy                                   0x0801e289   Thumb Code    72  strcpy.o(.text)
    strlen                                   0x0801e2d1   Thumb Code    62  strlen.o(.text)
    strcat                                   0x0801e30f   Thumb Code    24  strcat.o(.text)
    __aeabi_memcpy                           0x0801e327   Thumb Code     0  rt_memcpy_v6.o(.text)
    __rt_memcpy                              0x0801e327   Thumb Code   138  rt_memcpy_v6.o(.text)
    _memcpy_lastbytes                        0x0801e38d   Thumb Code     0  rt_memcpy_v6.o(.text)
    strcmp                                   0x0801e3b1   Thumb Code   128  strcmpv7m.o(.text)
    __use_two_region_memory                  0x0801e431   Thumb Code     2  heapauxi.o(.text)
    __rt_heap_escrow$2region                 0x0801e433   Thumb Code     2  heapauxi.o(.text)
    __rt_heap_expand$2region                 0x0801e435   Thumb Code     2  heapauxi.o(.text)
    __I$use$semihosting                      0x0801e437   Thumb Code     0  use_no_semi.o(.text)
    __use_no_semihosting_swi                 0x0801e437   Thumb Code     2  use_no_semi.o(.text)
    __rt_ctype_table                         0x0801e439   Thumb Code    16  rt_ctype_table.o(.text)
    __aeabi_errno_addr                       0x0801e449   Thumb Code     8  rt_errno_addr_intlibspace.o(.text)
    __errno$intlibspace                      0x0801e449   Thumb Code     0  rt_errno_addr_intlibspace.o(.text)
    __rt_errno_addr$intlibspace              0x0801e449   Thumb Code     0  rt_errno_addr_intlibspace.o(.text)
    __aeabi_uldivmod                         0x0801e451   Thumb Code     0  lludivv7m.o(.text)
    _ll_udiv                                 0x0801e451   Thumb Code   238  lludivv7m.o(.text)
    __read_errno                             0x0801e53f   Thumb Code    10  _rserrno.o(.text)
    __set_errno                              0x0801e549   Thumb Code    12  _rserrno.o(.text)
    _printf_int_common                       0x0801e555   Thumb Code   178  _printf_intcommon.o(.text)
    __lib_sel_fp_printf                      0x0801e607   Thumb Code     2  _printf_fp_dec.o(.text)
    _printf_fp_dec_real                      0x0801e7b5   Thumb Code   616  _printf_fp_dec.o(.text)
    _printf_char_common                      0x0801ea27   Thumb Code    32  _printf_char_common.o(.text)
    _sputc                                   0x0801ea4d   Thumb Code    10  _sputc.o(.text)
    _printf_cs_common                        0x0801ea57   Thumb Code    20  _printf_char.o(.text)
    _printf_char                             0x0801ea6b   Thumb Code    16  _printf_char.o(.text)
    _printf_string                           0x0801ea7b   Thumb Code     8  _printf_char.o(.text)
    _printf_char_file                        0x0801ea85   Thumb Code    32  _printf_char_file.o(.text)
    _strtoul                                 0x0801eaa9   Thumb Code   158  _strtoul.o(.text)
    __strtod_int                             0x0801eb85   Thumb Code    88  strtod.o(.text)
    __aeabi_memcpy4                          0x0801ebe9   Thumb Code     0  rt_memcpy_w.o(.text)
    __aeabi_memcpy8                          0x0801ebe9   Thumb Code     0  rt_memcpy_w.o(.text)
    __rt_memcpy_w                            0x0801ebe9   Thumb Code   100  rt_memcpy_w.o(.text)
    _memcpy_lastbytes_aligned                0x0801ec31   Thumb Code     0  rt_memcpy_w.o(.text)
    __user_libspace                          0x0801ec4d   Thumb Code     8  libspace.o(.text)
    __user_perproc_libspace                  0x0801ec4d   Thumb Code     0  libspace.o(.text)
    __user_perthread_libspace                0x0801ec4d   Thumb Code     0  libspace.o(.text)
    __rt_locale                              0x0801ec55   Thumb Code     8  rt_locale_intlibspace.o(.text)
    _ll_udiv10                               0x0801ec5d   Thumb Code   138  lludiv10.o(.text)
    isspace                                  0x0801ece7   Thumb Code    18  isspace.o(.text)
    _printf_fp_infnan                        0x0801ecf9   Thumb Code   112  _printf_fp_infnan.o(.text)
    _chval                                   0x0801ed79   Thumb Code    28  _chval.o(.text)
    _sgetc                                   0x0801ed95   Thumb Code    30  _sgetc.o(.text)
    _sbackspace                              0x0801edb3   Thumb Code    34  _sgetc.o(.text)
    _btod_etento                             0x0801edd5   Thumb Code   212  bigflt0.o(.text)
    ferror                                   0x0801eead   Thumb Code     8  ferror.o(.text)
    __user_setup_stackheap                   0x0801eeb5   Thumb Code    74  sys_stackheap_outer.o(.text)
    _scanf_really_real                       0x0801f0fd   Thumb Code   668  scanf_fp.o(.text)
    exit                                     0x0801f3a5   Thumb Code    12  exit.o(.text)
    _scanf_really_hex_real                   0x0801f3b1   Thumb Code   778  scanf_hexfp.o(.text)
    _scanf_really_infnan                     0x0801f6c9   Thumb Code   292  scanf_infnan.o(.text)
    __aeabi_llsl                             0x0801f7fd   Thumb Code     0  llshl.o(.text)
    _ll_shift_l                              0x0801f7fd   Thumb Code    38  llshl.o(.text)
    _btod_d2e                                0x0801f823   Thumb Code    62  btod.o(CL$$btod_d2e)
    _d2e_denorm_low                          0x0801f861   Thumb Code    70  btod.o(CL$$btod_d2e_denorm_low)
    _d2e_norm_op1                            0x0801f8a7   Thumb Code    96  btod.o(CL$$btod_d2e_norm_op1)
    __btod_div_common                        0x0801f907   Thumb Code   696  btod.o(CL$$btod_div_common)
    _e2d                                     0x0801fc41   Thumb Code    80  btod.o(CL$$btod_e2d)
    _e2e                                     0x0801fc95   Thumb Code   198  btod.o(CL$$btod_e2e)
    _btod_ediv                               0x0801fd5b   Thumb Code    40  btod.o(CL$$btod_ediv)
    _btod_edivd                              0x0801fd83   Thumb Code    40  btod.o(CL$$btod_edivd)
    _btod_emul                               0x0801fdab   Thumb Code    40  btod.o(CL$$btod_emul)
    _btod_emuld                              0x0801fdd3   Thumb Code    40  btod.o(CL$$btod_emuld)
    __btod_mult_common                       0x0801fdfb   Thumb Code   580  btod.o(CL$$btod_mult_common)
    __ARM_fpclassify                         0x0802003f   Thumb Code    40  fpclassify.o(i.__ARM_fpclassify)
    __ieee754_rem_pio2                       0x08020069   Thumb Code   830  rred.o(i.__ieee754_rem_pio2)
    __kernel_cos                             0x080203f1   Thumb Code   230  cos_i.o(i.__kernel_cos)
    __kernel_poly                            0x080204ed   Thumb Code   170  poly.o(i.__kernel_poly)
    __kernel_sin                             0x08020599   Thumb Code   224  sin_i.o(i.__kernel_sin)
    __mathlib_dbl_underflow                  0x08020685   Thumb Code    10  dunder.o(i.__mathlib_dbl_underflow)
    __mathlib_narrow                         0x08020695   Thumb Code    16  narrow.o(i.__mathlib_narrow)
    __mathlib_tofloat                        0x080206a5   Thumb Code   132  narrow.o(i.__mathlib_tofloat)
    __support_ldexp                          0x0802072d   Thumb Code    22  ldexp.o(i.__support_ldexp)
    _is_digit                                0x08020743   Thumb Code    14  __printf_wp.o(i._is_digit)
    atan                                     0x08020751   Thumb Code   478  atan.o(i.atan)
    atan2                                    0x08020975   Thumb Code   346  atan2.o(i.atan2)
    ceil                                     0x08020af5   Thumb Code   204  ceil.o(i.ceil)
    cos                                      0x08020bd1   Thumb Code   164  cos.o(i.cos)
    floor                                    0x08020c7d   Thumb Code   204  floor.o(i.floor)
    frexp                                    0x08020d59   Thumb Code    80  frexp.o(i.frexp)
    hypot                                    0x08020db1   Thumb Code   642  hypot.o(i.hypot)
    ldexp                                    0x0802104d   Thumb Code   126  ldexp.o(i.ldexp)
    pow                                      0x080210cd   Thumb Code  2510  pow.o(i.pow)
    sin                                      0x08021aad   Thumb Code   166  sin.o(i.sin)
    sqrt                                     0x08021b5d   Thumb Code    76  sqrt.o(i.sqrt)
    strtod                                   0x08021ba9   Thumb Code    28  strtod.o(i.strtod)
    _get_lc_ctype                            0x08021bc5   Thumb Code    44  lc_ctype_c.o(locale$$code)
    _get_lc_numeric                          0x08021bf1   Thumb Code    44  lc_numeric_c.o(locale$$code)
    __aeabi_d2f                              0x08021c1d   Thumb Code     0  d2f.o(x$fpl$d2f)
    _d2f                                     0x08021c1d   Thumb Code    98  d2f.o(x$fpl$d2f)
    __aeabi_dadd                             0x08021c81   Thumb Code     0  daddsub_clz.o(x$fpl$dadd)
    _dadd                                    0x08021c81   Thumb Code   332  daddsub_clz.o(x$fpl$dadd)
    __fpl_dcheck_NaN1                        0x08021dd1   Thumb Code    10  dcheck1.o(x$fpl$dcheck1)
    __fpl_dcmp_Inf                           0x08021de1   Thumb Code    24  dcmpi.o(x$fpl$dcmpinf)
    __aeabi_ddiv                             0x08021df9   Thumb Code     0  ddiv.o(x$fpl$ddiv)
    _ddiv                                    0x08021df9   Thumb Code   552  ddiv.o(x$fpl$ddiv)
    __aeabi_cdcmpeq                          0x080220a9   Thumb Code     0  deqf.o(x$fpl$deqf)
    _dcmpeq                                  0x080220a9   Thumb Code   120  deqf.o(x$fpl$deqf)
    __aeabi_d2iz                             0x08022121   Thumb Code     0  dfix.o(x$fpl$dfix)
    _dfix                                    0x08022121   Thumb Code    94  dfix.o(x$fpl$dfix)
    __aeabi_d2uiz                            0x08022181   Thumb Code     0  dfixu.o(x$fpl$dfixu)
    _dfixu                                   0x08022181   Thumb Code    90  dfixu.o(x$fpl$dfixu)
    __aeabi_i2d                              0x080221db   Thumb Code     0  dflt_clz.o(x$fpl$dflt)
    _dflt                                    0x080221db   Thumb Code    46  dflt_clz.o(x$fpl$dflt)
    __aeabi_ui2d                             0x08022209   Thumb Code     0  dflt_clz.o(x$fpl$dfltu)
    _dfltu                                   0x08022209   Thumb Code    38  dflt_clz.o(x$fpl$dfltu)
    __aeabi_cdcmple                          0x08022231   Thumb Code     0  dleqf.o(x$fpl$dleqf)
    _dcmple                                  0x08022231   Thumb Code   120  dleqf.o(x$fpl$dleqf)
    __fpl_dcmple_InfNaN                      0x08022293   Thumb Code     0  dleqf.o(x$fpl$dleqf)
    __aeabi_dmul                             0x080222a9   Thumb Code     0  dmul.o(x$fpl$dmul)
    _dmul                                    0x080222a9   Thumb Code   332  dmul.o(x$fpl$dmul)
    __fpl_dnaninf                            0x080223fd   Thumb Code   156  dnaninf.o(x$fpl$dnaninf)
    __fpl_dretinf                            0x08022499   Thumb Code    12  dretinf.o(x$fpl$dretinf)
    __aeabi_cdrcmple                         0x080224a5   Thumb Code     0  drleqf.o(x$fpl$drleqf)
    _drcmple                                 0x080224a5   Thumb Code   108  drleqf.o(x$fpl$drleqf)
    __aeabi_drsub                            0x08022511   Thumb Code     0  daddsub_clz.o(x$fpl$drsb)
    _drsb                                    0x08022511   Thumb Code    22  daddsub_clz.o(x$fpl$drsb)
    _dsqrt                                   0x08022529   Thumb Code   456  dsqrt_noumaal.o(x$fpl$dsqrt)
    __aeabi_dsub                             0x080226f5   Thumb Code     0  daddsub_clz.o(x$fpl$dsub)
    _dsub                                    0x080226f5   Thumb Code   464  daddsub_clz.o(x$fpl$dsub)
    __aeabi_f2d                              0x080228c9   Thumb Code     0  f2d.o(x$fpl$f2d)
    _f2d                                     0x080228c9   Thumb Code    86  f2d.o(x$fpl$f2d)
    __aeabi_fadd                             0x08022921   Thumb Code     0  faddsub_clz.o(x$fpl$fadd)
    _fadd                                    0x08022921   Thumb Code   196  faddsub_clz.o(x$fpl$fadd)
    __fpl_fcmp_Inf                           0x080229e5   Thumb Code    24  fcmpi.o(x$fpl$fcmpinf)
    __aeabi_fdiv                             0x080229fd   Thumb Code     0  fdiv.o(x$fpl$fdiv)
    _fdiv                                    0x080229fd   Thumb Code   384  fdiv.o(x$fpl$fdiv)
    __aeabi_cfcmpeq                          0x08022b81   Thumb Code     0  feqf.o(x$fpl$feqf)
    _fcmpeq                                  0x08022b81   Thumb Code   104  feqf.o(x$fpl$feqf)
    __aeabi_f2iz                             0x08022be9   Thumb Code     0  ffix.o(x$fpl$ffix)
    _ffix                                    0x08022be9   Thumb Code    54  ffix.o(x$fpl$ffix)
    __aeabi_f2uiz                            0x08022c21   Thumb Code     0  ffixu.o(x$fpl$ffixu)
    _ffixu                                   0x08022c21   Thumb Code    62  ffixu.o(x$fpl$ffixu)
    __aeabi_i2f                              0x08022c61   Thumb Code     0  fflt_clz.o(x$fpl$fflt)
    _fflt                                    0x08022c61   Thumb Code    48  fflt_clz.o(x$fpl$fflt)
    __aeabi_ui2f                             0x08022c91   Thumb Code     0  fflt_clz.o(x$fpl$ffltu)
    _ffltu                                   0x08022c91   Thumb Code    38  fflt_clz.o(x$fpl$ffltu)
    __aeabi_cfcmple                          0x08022cb9   Thumb Code     0  fleqf.o(x$fpl$fleqf)
    _fcmple                                  0x08022cb9   Thumb Code   104  fleqf.o(x$fpl$fleqf)
    __fpl_fcmple_InfNaN                      0x08022d0b   Thumb Code     0  fleqf.o(x$fpl$fleqf)
    __aeabi_fmul                             0x08022d21   Thumb Code     0  fmul.o(x$fpl$fmul)
    _fmul                                    0x08022d21   Thumb Code   258  fmul.o(x$fpl$fmul)
    __fpl_fnaninf                            0x08022e23   Thumb Code   140  fnaninf.o(x$fpl$fnaninf)
    __fpl_fretinf                            0x08022eaf   Thumb Code    10  fretinf.o(x$fpl$fretinf)
    __aeabi_cfrcmple                         0x08022eb9   Thumb Code     0  frleqf.o(x$fpl$frleqf)
    _frcmple                                 0x08022eb9   Thumb Code    98  frleqf.o(x$fpl$frleqf)
    __aeabi_fsub                             0x08022f1d   Thumb Code     0  faddsub_clz.o(x$fpl$fsub)
    _fsub                                    0x08022f1d   Thumb Code   234  faddsub_clz.o(x$fpl$fsub)
    _printf_fp_dec                           0x08023007   Thumb Code     4  printf1.o(x$fpl$printf1)
    __fpl_return_NaN                         0x0802300b   Thumb Code   100  retnan.o(x$fpl$retnan)
    __ARM_scalbn                             0x0802306f   Thumb Code    92  scalbn.o(x$fpl$scalbn)
    _scanf_real                              0x080230cb   Thumb Code     4  scanf1.o(x$fpl$scanf1)
    _scanf_hex_real                          0x080230cf   Thumb Code     4  scanf2.o(x$fpl$scanf2)
    _scanf_infnan                            0x080230d3   Thumb Code     4  scanf2.o(x$fpl$scanf2)
    __fpl_cmpreturn                          0x080230d7   Thumb Code    48  trapv.o(x$fpl$trapveneer)
    __I$use$fp                               0x08023106   Number         0  usenofp.o(x$fpl$usenofp)
    table_week                               0x08023106   Data          12  rtc.o(.constdata)
    mon_table                                0x08023112   Data          12  rtc.o(.constdata)
    asc2_1206                                0x0802311e   Data        1140  lcd.o(.constdata)
    asc2_1608                                0x08023592   Data        1520  lcd.o(.constdata)
    memtblsize                               0x08023b84   Data           8  malloc.o(.constdata)
    memblksize                               0x08023b8c   Data           8  malloc.o(.constdata)
    memsize                                  0x08023b94   Data           8  malloc.o(.constdata)
    _aMaskTbl                                0x08023f96   Data          32  gif.o(.constdata)
    _aInterlaceOffset                        0x08023fb6   Data           4  gif.o(.constdata)
    _aInterlaceYPos                          0x08023fba   Data           4  gif.o(.constdata)
    pathico                                  0x0802447e   Data        2048  gui.o(.constdata)
    scrollsign                               0x08024c7e   Data          48  scrollbar.o(.constdata)
    temptable_1                              0x08024cae   Data         244  temperature.o(.constdata)
    axis_codes                               0x08024dcb   Data           4  dlion.o(.constdata)
    __mathlib_zero                           0x08024f58   Data           8  qnan.o(.constdata)
    Region$$Table$$Base                      0x08025558   Number         0  anon$$obj.o(Region$$Table)
    Region$$Table$$Limit                     0x08025578   Number         0  anon$$obj.o(Region$$Table)
    __aeabi_HUGE_VAL                         0x08025578   Data           0  fpconst.o(c$$dinf)
    __aeabi_HUGE_VALL                        0x08025578   Data           0  fpconst.o(c$$dinf)
    __aeabi_INFINITY                         0x08025578   Data           0  fpconst.o(c$$dinf)
    __dInf                                   0x08025578   Data           0  fpconst.o(c$$dinf)
    __huge_val                               0x08025578   Data           0  fpconst.o(c$$dinf)
    __ctype                                  0x0802558d   Data           0  lc_ctype_c.o(locale$$data)
    timer4_millis                            0x20000000   Data           4  delay.o(.data)
    SystemCoreClock                          0x20000008   Data           4  system_stm32f10x.o(.data)
    AHBPrescTable                            0x2000000c   Data          16  system_stm32f10x.o(.data)
    __stdout                                 0x2000001c   Data           4  usart.o(.data)
    POINT_COLOR                              0x20000038   Data           2  lcd.o(.data)
    BACK_COLOR                               0x2000003a   Data           2  lcd.o(.data)
    SPI_FLASH_TYPE                           0x2000003c   Data           2  flash.o(.data)
    tp_dev                                   0x20000040   Data          52  touch.o(.data)
    CMD_RDX                                  0x20000074   Data           1  touch.o(.data)
    CMD_RDY                                  0x20000075   Data           1  touch.o(.data)
    TP_REMIND_MSG_TBL                        0x20000078   Data           4  touch.o(.data)
    TransferError                            0x20000086   Data           1  sdio_sdcard.o(.data)
    TransferEnd                              0x20000087   Data           1  sdio_sdcard.o(.data)
    mallco_dev                               0x20000088   Data          28  malloc.o(.data)
    FILE_TYPE_TBL                            0x200000a4   Data         364  exfuns.o(.data)
    fs                                       0x20000210   Data           8  exfuns.o(.data)
    file                                     0x20000218   Data           4  exfuns.o(.data)
    br                                       0x2000021c   Data           4  exfuns.o(.data)
    bw                                       0x20000220   Data           4  exfuns.o(.data)
    fatbuf                                   0x20000224   Data           4  exfuns.o(.data)
    FLASH_SECTOR_COUNT                       0x20000228   Data           2  diskio.o(.data)
    GBK16_SDPATH                             0x20000238   Data           4  fontupd.o(.data)
    GBK12_SDPATH                             0x2000023c   Data           4  fontupd.o(.data)
    UNIGBK_SDPATH                            0x20000240   Data           4  fontupd.o(.data)
    ICON_CODE_SDPATH                         0x20000244   Data           4  fontupd.o(.data)
    GBK16_25QPATH                            0x20000248   Data           4  fontupd.o(.data)
    GBK12_25QPATH                            0x2000024c   Data           4  fontupd.o(.data)
    UNIGBK_25QPATH                           0x20000250   Data           4  fontupd.o(.data)
    gifdecoding                              0x20000254   Data           1  gif.o(.data)
    f_jpeg                                   0x20000258   Data           4  tjpgd.o(.data)
    jpeg_dev                                 0x2000025c   Data           4  tjpgd.o(.data)
    jpg_buffer                               0x20000260   Data           4  tjpgd.o(.data)
    currentMenu                              0x2000026c   Data           4  lcdmenu.o(.data)
    lastMenu                                 0x20000270   Data           4  lcdmenu.o(.data)
    redraw_screen                            0x20000274   Data           1  lcdmenu.o(.data)
    test_data_2                              0x20000275   Data           1  lcdmenu.o(.data)
    test_data_1                              0x20000278   Data           4  lcdmenu.o(.data)
    windows_flag                             0x2000027c   Data           1  lcdmenu.o(.data)
    ioc_key                                  0x2000027d   Data           1  lcdmenu.o(.data)
    flistbox                                 0x20000280   Data           4  lcdmenu.o(.data)
    filelistx                                0x20000284   Data           4  lcdmenu.o(.data)
    screen_key_group                         0x20000288   Data           4  lcdmenu.o(.data)
    manual_move_length                       0x2000028c   Data           4  lcdmenu.o(.data)
    manual_move_xy_speed                     0x20000290   Data           4  lcdmenu.o(.data)
    manual_move_z_speed                      0x20000294   Data           4  lcdmenu.o(.data)
    preheat_e0_length                        0x20000298   Data           4  lcdmenu.o(.data)
    preheat_e0_speed                         0x2000029c   Data           4  lcdmenu.o(.data)
    heater_0_temp                            0x200002a0   Data           4  lcdmenu.o(.data)
    bed_temp                                 0x200002a4   Data           4  lcdmenu.o(.data)
    fanSpeed_temp                            0x200002a8   Data           4  lcdmenu.o(.data)
    in_obj                                   0x200002ac   Data          14  gui.o(.data)
    FLBOX_DISK_SIZE_CAPTION_TBL              0x200002bc   Data          12  filelistbox.o(.data)
    FLBOX_DISK_FREE_CAPTION_TBL              0x200002c8   Data          12  filelistbox.o(.data)
    FLBOX_FOLDER_CAPTION_TBL                 0x200002d4   Data          12  filelistbox.o(.data)
    FLBOX_FILES_CAPTION_TBL                  0x200002e0   Data          12  filelistbox.o(.data)
    FLIST_DISK_NAME_TBL                      0x200002ec   Data          24  filelistbox.o(.data)
    tfilelistbox                             0x20000304   Data           4  filelistbox.o(.data)
    current_block                            0x20000310   Data           4  stepper.o(.data)
    endstops_stepsTotal                      0x2000033c   Data           4  stepper.o(.data)
    endstops_stepsDone                       0x20000340   Data           4  stepper.o(.data)
    count_direction                          0x2000034b   Data           4  stepper.o(.data)
    target_temperature                       0x20000350   Data           4  temperature.o(.data)
    target_temperature_bed                   0x20000354   Data           4  temperature.o(.data)
    current_temperature_raw                  0x20000358   Data           4  temperature.o(.data)
    current_temperature                      0x2000035c   Data           4  temperature.o(.data)
    current_temperature_bed_raw              0x20000360   Data           4  temperature.o(.data)
    current_temperature_bed                  0x20000364   Data           4  temperature.o(.data)
    Kp                                       0x20000368   Data           4  temperature.o(.data)
    Ki                                       0x2000036c   Data           4  temperature.o(.data)
    Kd                                       0x20000370   Data           4  temperature.o(.data)
    homing_feedrate                          0x200003cc   Data          16  dlion.o(.data)
    axis_relative_modes                      0x200003dc   Data           4  dlion.o(.data)
    feedmultiply                             0x200003e0   Data           4  dlion.o(.data)
    saved_feedmultiply                       0x200003e4   Data           4  dlion.o(.data)
    extrudemultiply                          0x200003e8   Data           4  dlion.o(.data)
    max_pos                                  0x200003ec   Data          12  dlion.o(.data)
    active_extruder                          0x20000410   Data           1  dlion.o(.data)
    fanSpeed                                 0x20000414   Data           4  dlion.o(.data)
    starttime                                0x20000468   Data           4  dlion.o(.data)
    stoptime                                 0x2000046c   Data           4  dlion.o(.data)
    Stopped                                  0x20000471   Data           1  dlion.o(.data)
    max_feedrate                             0x20000474   Data          16  planner.o(.data)
    axis_steps_per_unit                      0x20000484   Data          16  planner.o(.data)
    max_acceleration_units_per_sq_second     0x20000494   Data          16  planner.o(.data)
    axis_steps_per_sqr_second                0x200004a4   Data          16  planner.o(.data)
    minsegmenttime                           0x200004b4   Data           4  planner.o(.data)
    minimumfeedrate                          0x200004b8   Data           4  planner.o(.data)
    acceleration                             0x200004bc   Data           4  planner.o(.data)
    retract_acceleration                     0x200004c0   Data           4  planner.o(.data)
    max_xy_jerk                              0x200004c4   Data           4  planner.o(.data)
    max_z_jerk                               0x200004c8   Data           4  planner.o(.data)
    max_e_jerk                               0x200004cc   Data           4  planner.o(.data)
    mintravelfeedrate                        0x200004d0   Data           4  planner.o(.data)
    autotemp_max                             0x200004d8   Data           4  planner.o(.data)
    autotemp_min                             0x200004dc   Data           4  planner.o(.data)
    autotemp_factor                          0x200004e0   Data           4  planner.o(.data)
    autotemp_enabled                         0x200004e4   Data           1  planner.o(.data)
    block_buffer_head                        0x200004e5   Data           1  planner.o(.data)
    block_buffer_tail                        0x200004e6   Data           1  planner.o(.data)
    allow_cold_extrude                       0x200004e7   Data           1  planner.o(.data)
    junction_deviation                       0x200004e8   Data           4  planner.o(.data)
    rx_buffer                                0x200004f0   Data         136  usart.o(.bss)
    calendar                                 0x20000578   Data          10  rtc.o(.bss)
    lcddev                                   0x20000582   Data          14  lcd.o(.bss)
    SPI_FLASH_BUF                            0x20000590   Data        4096  flash.o(.bss)
    SDCardInfo                               0x200015b0   Data          88  sdio_sdcard.o(.bss)
    SDIO_DATA_BUFFER                         0x20001608   Data         512  sdio_sdcard.o(.bss)
    mem1base                                 0x20001808   Data       46080  malloc.o(.bss)
    mem1mapbase                              0x2000cc08   Data        2880  malloc.o(.bss)
    fileinfo                                 0x2000d748   Data          32  exfuns.o(.bss)
    dir                                      0x2000d768   Data          36  exfuns.o(.bss)
    ftinfo                                   0x2000d78c   Data          33  fontupd.o(.bss)
    picinfo                                  0x2000d7b0   Data          40  piclib.o(.bss)
    pic_phy                                  0x2000d7d8   Data          28  piclib.o(.bss)
    gui_phy                                  0x2000d7f4   Data          23  gui.o(.bss)
    endstops_trigsteps                       0x2000d80c   Data          12  stepper.o(.bss)
    count_position                           0x2000d818   Data          16  stepper.o(.bss)
    card                                     0x2000d828   Data         600  dlion.o(.bss)
    current_position                         0x2000da80   Data          16  dlion.o(.bss)
    add_homeing                              0x2000da90   Data          12  dlion.o(.bss)
    min_pos                                  0x2000da9c   Data          12  dlion.o(.bss)
    destination                              0x2000daa8   Data          16  dlion.o(.bss)
    offset                                   0x2000dab8   Data          12  dlion.o(.bss)
    position                                 0x2000dec4   Data          16  planner.o(.bss)
    block_buffer                             0x2000dee4   Data        2688  planner.o(.bss)
    __libspace_start                         0x2000e964   Data          96  libspace.o(.bss)
    __temporary_stack_top$libspace           0x2000e9c4   Data           0  libspace.o(.bss)
    mem2base                                 0x68000000   Data       204800  malloc.o(.ARM.__AT_0x68000000)
    mem2mapbase                              0x68032000   Data       12800  malloc.o(.ARM.__AT_0x68032000)



==============================================================================

Memory Map of the image

  Image Entry point : 0x08000131

  Load Region LR_IROM1 (Base: 0x08000000, Size: 0x00025b9c, Max: 0x00080000, ABSOLUTE, COMPRESSED[0x00025840])

    Execution Region ER_IROM1 (Base: 0x08000000, Size: 0x000256ac, Max: 0x00080000, ABSOLUTE)

    Base Addr    Size         Type   Attr      Idx    E Section Name        Object

    0x08000000   0x00000130   Data   RO         1395    RESET               startup_stm32f10x_hd.o
    0x08000130   0x00000008   Code   RO         1677  * !!!main             c_w.l(__main.o)
    0x08000138   0x00000034   Code   RO         2152    !!!scatter          c_w.l(__scatter.o)
    0x0800016c   0x0000005a   Code   RO         2150    !!dczerorl2         c_w.l(__dczerorl2.o)
    0x080001c6   0x00000002   PAD
    0x080001c8   0x0000001c   Code   RO         2154    !!handler_zi        c_w.l(__scatter_zi.o)
    0x080001e4   0x00000000   Code   RO         1658    .ARM.Collect$$_printf_percent$$00000000  c_w.l(_printf_percent.o)
    0x080001e4   0x00000006   Code   RO         1657    .ARM.Collect$$_printf_percent$$00000003  c_w.l(_printf_f.o)
    0x080001ea   0x00000006   Code   RO         1655    .ARM.Collect$$_printf_percent$$00000008  c_w.l(_printf_i.o)
    0x080001f0   0x00000006   Code   RO         1656    .ARM.Collect$$_printf_percent$$00000009  c_w.l(_printf_d.o)
    0x080001f6   0x00000006   Code   RO         1654    .ARM.Collect$$_printf_percent$$0000000C  c_w.l(_printf_x.o)
    0x080001fc   0x00000006   Code   RO         1652    .ARM.Collect$$_printf_percent$$00000013  c_w.l(_printf_c.o)
    0x08000202   0x00000006   Code   RO         1653    .ARM.Collect$$_printf_percent$$00000014  c_w.l(_printf_s.o)
    0x08000208   0x00000004   Code   RO         1837    .ARM.Collect$$_printf_percent$$00000017  c_w.l(_printf_percent_end.o)
    0x0800020c   0x00000002   Code   RO         1985    .ARM.Collect$$libinit$$00000000  c_w.l(libinit.o)
    0x0800020e   0x00000000   Code   RO         1987    .ARM.Collect$$libinit$$00000002  c_w.l(libinit2.o)
    0x0800020e   0x00000000   Code   RO         1990    .ARM.Collect$$libinit$$00000008  c_w.l(libinit2.o)
    0x0800020e   0x00000000   Code   RO         1992    .ARM.Collect$$libinit$$0000000A  c_w.l(libinit2.o)
    0x0800020e   0x00000000   Code   RO         1994    .ARM.Collect$$libinit$$0000000C  c_w.l(libinit2.o)
    0x0800020e   0x00000006   Code   RO         1995    .ARM.Collect$$libinit$$0000000D  c_w.l(libinit2.o)
    0x08000214   0x00000000   Code   RO         1997    .ARM.Collect$$libinit$$0000000F  c_w.l(libinit2.o)
    0x08000214   0x0000000c   Code   RO         1998    .ARM.Collect$$libinit$$00000010  c_w.l(libinit2.o)
    0x08000220   0x00000000   Code   RO         1999    .ARM.Collect$$libinit$$00000011  c_w.l(libinit2.o)
    0x08000220   0x00000000   Code   RO         2001    .ARM.Collect$$libinit$$00000013  c_w.l(libinit2.o)
    0x08000220   0x0000000a   Code   RO         2002    .ARM.Collect$$libinit$$00000014  c_w.l(libinit2.o)
    0x0800022a   0x00000000   Code   RO         2003    .ARM.Collect$$libinit$$00000015  c_w.l(libinit2.o)
    0x0800022a   0x00000000   Code   RO         2005    .ARM.Collect$$libinit$$00000017  c_w.l(libinit2.o)
    0x0800022a   0x00000000   Code   RO         2007    .ARM.Collect$$libinit$$00000019  c_w.l(libinit2.o)
    0x0800022a   0x00000000   Code   RO         2009    .ARM.Collect$$libinit$$0000001B  c_w.l(libinit2.o)
    0x0800022a   0x00000000   Code   RO         2011    .ARM.Collect$$libinit$$0000001D  c_w.l(libinit2.o)
    0x0800022a   0x00000000   Code   RO         2013    .ARM.Collect$$libinit$$0000001F  c_w.l(libinit2.o)
    0x0800022a   0x00000000   Code   RO         2015    .ARM.Collect$$libinit$$00000021  c_w.l(libinit2.o)
    0x0800022a   0x00000000   Code   RO         2017    .ARM.Collect$$libinit$$00000023  c_w.l(libinit2.o)
    0x0800022a   0x00000000   Code   RO         2021    .ARM.Collect$$libinit$$0000002A  c_w.l(libinit2.o)
    0x0800022a   0x00000000   Code   RO         2023    .ARM.Collect$$libinit$$0000002C  c_w.l(libinit2.o)
    0x0800022a   0x00000000   Code   RO         2025    .ARM.Collect$$libinit$$0000002E  c_w.l(libinit2.o)
    0x0800022a   0x00000000   Code   RO         2027    .ARM.Collect$$libinit$$00000030  c_w.l(libinit2.o)
    0x0800022a   0x00000002   Code   RO         2028    .ARM.Collect$$libinit$$00000031  c_w.l(libinit2.o)
    0x0800022c   0x00000002   Code   RO         2099    .ARM.Collect$$libshutdown$$00000000  c_w.l(libshutdown.o)
    0x0800022e   0x00000000   Code   RO         2121    .ARM.Collect$$libshutdown$$00000003  c_w.l(libshutdown2.o)
    0x0800022e   0x00000000   Code   RO         2124    .ARM.Collect$$libshutdown$$00000006  c_w.l(libshutdown2.o)
    0x0800022e   0x00000000   Code   RO         2127    .ARM.Collect$$libshutdown$$00000009  c_w.l(libshutdown2.o)
    0x0800022e   0x00000000   Code   RO         2129    .ARM.Collect$$libshutdown$$0000000B  c_w.l(libshutdown2.o)
    0x0800022e   0x00000000   Code   RO         2132    .ARM.Collect$$libshutdown$$0000000E  c_w.l(libshutdown2.o)
    0x0800022e   0x00000002   Code   RO         2133    .ARM.Collect$$libshutdown$$0000000F  c_w.l(libshutdown2.o)
    0x08000230   0x00000000   Code   RO         1813    .ARM.Collect$$rtentry$$00000000  c_w.l(rtentry.o)
    0x08000230   0x00000000   Code   RO         1896    .ARM.Collect$$rtentry$$00000002  c_w.l(rtentry2.o)
    0x08000230   0x00000006   Code   RO         1908    .ARM.Collect$$rtentry$$00000004  c_w.l(rtentry4.o)
    0x08000236   0x00000000   Code   RO         1898    .ARM.Collect$$rtentry$$00000009  c_w.l(rtentry2.o)
    0x08000236   0x00000004   Code   RO         1899    .ARM.Collect$$rtentry$$0000000A  c_w.l(rtentry2.o)
    0x0800023a   0x00000000   Code   RO         1901    .ARM.Collect$$rtentry$$0000000C  c_w.l(rtentry2.o)
    0x0800023a   0x00000008   Code   RO         1902    .ARM.Collect$$rtentry$$0000000D  c_w.l(rtentry2.o)
    0x08000242   0x00000002   Code   RO         2031    .ARM.Collect$$rtexit$$00000000  c_w.l(rtexit.o)
    0x08000244   0x00000000   Code   RO         2059    .ARM.Collect$$rtexit$$00000002  c_w.l(rtexit2.o)
    0x08000244   0x00000004   Code   RO         2060    .ARM.Collect$$rtexit$$00000003  c_w.l(rtexit2.o)
    0x08000248   0x00000006   Code   RO         2061    .ARM.Collect$$rtexit$$00000004  c_w.l(rtexit2.o)
    0x0800024e   0x00000002   PAD
    0x08000250   0x00000154   Code   RO            3    .text               delay.o
    0x080003a4   0x000001e0   Code   RO          103    .text               system_stm32f10x.o
    0x08000584   0x0000000c   Code   RO          129    .text               sys.o
    0x08000590   0x000001dc   Code   RO          149    .text               usart.o
    0x0800076c   0x000000d0   Code   RO          197    .text               adc.o
    0x0800083c   0x0000026c   Code   RO          224    .text               iic.o
    0x08000aa8   0x00000378   Code   RO          247    .text               rtc.o
    0x08000e20   0x00000238   Code   RO          275    .text               spi.o
    0x08001058   0x000000dc   Code   RO          298    .text               misc.o
    0x08001134   0x0000035c   Code   RO          318    .text               stm32f10x_gpio.o
    0x08001490   0x000003a4   Code   RO          338    .text               stm32f10x_rcc.o
    0x08001834   0x00000408   Code   RO          360    .text               stm32f10x_usart.o
    0x08001c3c   0x0000060c   Code   RO          380    .text               stm32f10x_fsmc.o
    0x08002248   0x0000011c   Code   RO          400    .text               stm32f10x_exti.o
    0x08002364   0x00000e1a   Code   RO          420    .text               stm32f10x_tim.o
    0x0800317e   0x00000002   PAD
    0x08003180   0x00000148   Code   RO          440    .text               stm32f10x_rtc.o
    0x080032c8   0x000000c4   Code   RO          460    .text               stm32f10x_bkp.o
    0x0800338c   0x000000cc   Code   RO          480    .text               stm32f10x_pwr.o
    0x08003458   0x0000044e   Code   RO          500    .text               stm32f10x_adc.o
    0x080038a6   0x00000002   PAD
    0x080038a8   0x0000030c   Code   RO          520    .text               stm32f10x_spi.o
    0x08003bb4   0x000001d4   Code   RO          540    .text               stm32f10x_sdio.o
    0x08003d88   0x00004852   Code   RO          563    .text               lcd.o
    0x080085da   0x00000002   PAD
    0x080085dc   0x00000058   Code   RO          605    .text               beep.o
    0x08008634   0x00000108   Code   RO          628    .text               switch.o
    0x0800873c   0x00000178   Code   RO          659    .text               24cxx.o
    0x080088b4   0x00000300   Code   RO          682    .text               flash.o
    0x08008bb4   0x00000eec   Code   RO          732    .text               touch.o
    0x08009aa0   0x00000038   Code   RO          766    .text               watchdog.o
    0x08009ad8   0x000018f2   Code   RO          789    .text               sdio_sdcard.o
    0x0800b3ca   0x00000002   PAD
    0x0800b3cc   0x00000234   Code   RO          823    .text               malloc.o
    0x0800b600   0x00000600   Code   RO          853    .text               exfuns.o
    0x0800bc00   0x000006dc   Code   RO          897    .text               fattester.o
    0x0800c2dc   0x000000cc   Code   RO          928    .text               mycc936.o
    0x0800c3a8   0x000001c4   Code   RO          953    .text               diskio.o
    0x0800c56c   0x00002fa8   Code   RO          977    .text               ff.o
    0x0800f514   0x000003e0   Code   RO          997    .text               fontupd.o
    0x0800f8f4   0x000002c0   Code   RO         1029    .text               text.o
    0x0800fbb4   0x00000878   Code   RO         1052    .text               bmp.o
    0x0801042c   0x000002c4   Code   RO         1086    .text               piclib.o
    0x080106f0   0x00000ea8   Code   RO         1112    .text               gif.o
    0x08011598   0x000012b8   Code   RO         1149    .text               tjpgd.o
    0x08012850   0x000010dc   Code   RO         1190    .text               lcdmenu.o
    0x0801392c   0x00001710   Code   RO         1266    .text               gui.o
    0x0801503c   0x00000bf8   Code   RO         1299    .text               button.o
    0x08015c34   0x00001140   Code   RO         1320    .text               filelistbox.o
    0x08016d74   0x0000071e   Code   RO         1344    .text               scrollbar.o
    0x08017492   0x00000002   PAD
    0x08017494   0x00000118   Code   RO         1367    .text               main.o
    0x080175ac   0x00000038   Code   RO         1396    .text               startup_stm32f10x_hd.o
    0x080175e4   0x00000a78   Code   RO         1402    .text               stepper.o
    0x0801805c   0x0000117c   Code   RO         1432    .text               temperature.o
    0x080191d8   0x000003d0   Code   RO         1464    .text               gcodeplayer.o
    0x080195a8   0x00002668   Code   RO         1488    .text               dlion.o
    0x0801bc10   0x00000408   Code   RO         1523    .text               configurationstore.o
    0x0801c018   0x0000041c   Code   RO         1544    .text               motion_control.o
    0x0801c434   0x00001a2c   Code   RO         1564    .text               planner.o
    0x0801de60   0x00000002   Code   RO         1591    .text               c_w.l(use_no_semi_2.o)
    0x0801de62   0x00000048   Code   RO         1593    .text               c_w.l(llsdiv.o)
    0x0801deaa   0x00000002   PAD
    0x0801deac   0x00000018   Code   RO         1599    .text               c_w.l(noretval__2printf.o)
    0x0801dec4   0x00000028   Code   RO         1601    .text               c_w.l(noretval__2sprintf.o)
    0x0801deec   0x0000004e   Code   RO         1605    .text               c_w.l(_printf_pad.o)
    0x0801df3a   0x00000052   Code   RO         1607    .text               c_w.l(_printf_str.o)
    0x0801df8c   0x00000074   Code   RO         1609    .text               c_w.l(_printf_dec.o)
    0x0801e000   0x00000058   Code   RO         1614    .text               c_w.l(_printf_hex_int.o)
    0x0801e058   0x00000188   Code   RO         1649    .text               c_w.l(__printf_flags_ss_wp.o)
    0x0801e1e0   0x00000070   Code   RO         1659    .text               c_w.l(strtol.o)
    0x0801e250   0x00000014   Code   RO         1661    .text               c_w.l(strchr.o)
    0x0801e264   0x00000024   Code   RO         1663    .text               c_w.l(strstr.o)
    0x0801e288   0x00000048   Code   RO         1665    .text               c_w.l(strcpy.o)
    0x0801e2d0   0x0000003e   Code   RO         1667    .text               c_w.l(strlen.o)
    0x0801e30e   0x00000018   Code   RO         1669    .text               c_w.l(strcat.o)
    0x0801e326   0x0000008a   Code   RO         1671    .text               c_w.l(rt_memcpy_v6.o)
    0x0801e3b0   0x00000080   Code   RO         1673    .text               c_w.l(strcmpv7m.o)
    0x0801e430   0x00000006   Code   RO         1675    .text               c_w.l(heapauxi.o)
    0x0801e436   0x00000002   Code   RO         1811    .text               c_w.l(use_no_semi.o)
    0x0801e438   0x00000010   Code   RO         1814    .text               c_w.l(rt_ctype_table.o)
    0x0801e448   0x00000008   Code   RO         1819    .text               c_w.l(rt_errno_addr_intlibspace.o)
    0x0801e450   0x000000ee   Code   RO         1821    .text               c_w.l(lludivv7m.o)
    0x0801e53e   0x00000016   Code   RO         1823    .text               c_w.l(_rserrno.o)
    0x0801e554   0x000000b2   Code   RO         1825    .text               c_w.l(_printf_intcommon.o)
    0x0801e606   0x00000416   Code   RO         1827    .text               c_w.l(_printf_fp_dec.o)
    0x0801ea1c   0x00000030   Code   RO         1829    .text               c_w.l(_printf_char_common.o)
    0x0801ea4c   0x0000000a   Code   RO         1831    .text               c_w.l(_sputc.o)
    0x0801ea56   0x0000002c   Code   RO         1833    .text               c_w.l(_printf_char.o)
    0x0801ea82   0x00000002   PAD
    0x0801ea84   0x00000024   Code   RO         1835    .text               c_w.l(_printf_char_file.o)
    0x0801eaa8   0x0000009e   Code   RO         1838    .text               c_w.l(_strtoul.o)
    0x0801eb46   0x00000002   PAD
    0x0801eb48   0x000000a0   Code   RO         1840    .text               c_w.l(strtod.o)
    0x0801ebe8   0x00000064   Code   RO         1842    .text               c_w.l(rt_memcpy_w.o)
    0x0801ec4c   0x00000008   Code   RO         1892    .text               c_w.l(libspace.o)
    0x0801ec54   0x00000008   Code   RO         1917    .text               c_w.l(rt_locale_intlibspace.o)
    0x0801ec5c   0x0000008a   Code   RO         1919    .text               c_w.l(lludiv10.o)
    0x0801ece6   0x00000012   Code   RO         1921    .text               c_w.l(isspace.o)
    0x0801ecf8   0x00000080   Code   RO         1923    .text               c_w.l(_printf_fp_infnan.o)
    0x0801ed78   0x0000001c   Code   RO         1927    .text               c_w.l(_chval.o)
    0x0801ed94   0x00000040   Code   RO         1929    .text               c_w.l(_sgetc.o)
    0x0801edd4   0x000000d8   Code   RO         1931    .text               c_w.l(bigflt0.o)
    0x0801eeac   0x00000008   Code   RO         1956    .text               c_w.l(ferror.o)
    0x0801eeb4   0x0000004a   Code   RO         1972    .text               c_w.l(sys_stackheap_outer.o)
    0x0801eefe   0x00000002   PAD
    0x0801ef00   0x000004a4   Code   RO         1976    .text               c_w.l(scanf_fp.o)
    0x0801f3a4   0x0000000c   Code   RO         1978    .text               c_w.l(exit.o)
    0x0801f3b0   0x00000318   Code   RO         2067    .text               c_w.l(scanf_hexfp.o)
    0x0801f6c8   0x00000134   Code   RO         2069    .text               c_w.l(scanf_infnan.o)
    0x0801f7fc   0x00000026   Code   RO         2087    .text               c_w.l(llshl.o)
    0x0801f822   0x0000003e   Code   RO         1934    CL$$btod_d2e        c_w.l(btod.o)
    0x0801f860   0x00000046   Code   RO         1936    CL$$btod_d2e_denorm_low  c_w.l(btod.o)
    0x0801f8a6   0x00000060   Code   RO         1935    CL$$btod_d2e_norm_op1  c_w.l(btod.o)
    0x0801f906   0x00000338   Code   RO         1944    CL$$btod_div_common  c_w.l(btod.o)
    0x0801fc3e   0x00000002   PAD
    0x0801fc40   0x00000054   Code   RO         1942    CL$$btod_e2d        c_w.l(btod.o)
    0x0801fc94   0x000000c6   Code   RO         1941    CL$$btod_e2e        c_w.l(btod.o)
    0x0801fd5a   0x00000028   Code   RO         1938    CL$$btod_ediv       c_w.l(btod.o)
    0x0801fd82   0x00000028   Code   RO         1940    CL$$btod_edivd      c_w.l(btod.o)
    0x0801fdaa   0x00000028   Code   RO         1937    CL$$btod_emul       c_w.l(btod.o)
    0x0801fdd2   0x00000028   Code   RO         1939    CL$$btod_emuld      c_w.l(btod.o)
    0x0801fdfa   0x00000244   Code   RO         1943    CL$$btod_mult_common  c_w.l(btod.o)
    0x0802003e   0x00000028   Code   RO         1876    i.__ARM_fpclassify  m_ws.l(fpclassify.o)
    0x08020066   0x00000002   PAD
    0x08020068   0x00000388   Code   RO         1881    i.__ieee754_rem_pio2  m_ws.l(rred.o)
    0x080203f0   0x000000fc   Code   RO         1871    i.__kernel_cos      m_ws.l(cos_i.o)
    0x080204ec   0x000000aa   Code   RO         1878    i.__kernel_poly     m_ws.l(poly.o)
    0x08020596   0x00000002   PAD
    0x08020598   0x000000ec   Code   RO         1886    i.__kernel_sin      m_ws.l(sin_i.o)
    0x08020684   0x00000010   Code   RO         1874    i.__mathlib_dbl_underflow  m_ws.l(dunder.o)
    0x08020694   0x00000010   Code   RO         2052    i.__mathlib_narrow  m_ws.l(narrow.o)
    0x080206a4   0x00000088   Code   RO         2053    i.__mathlib_tofloat  m_ws.l(narrow.o)
    0x0802072c   0x00000016   Code   RO         2101    i.__support_ldexp   m_ws.l(ldexp.o)
    0x08020742   0x0000000e   Code   RO         1642    i._is_digit         c_w.l(__printf_wp.o)
    0x08020750   0x00000224   Code   RO         1862    i.atan              m_ws.l(atan.o)
    0x08020974   0x00000180   Code   RO         1750    i.atan2             m_ws.l(atan2.o)
    0x08020af4   0x000000dc   Code   RO         1758    i.ceil              m_ws.l(ceil.o)
    0x08020bd0   0x000000ac   Code   RO         1762    i.cos               m_ws.l(cos.o)
    0x08020c7c   0x000000dc   Code   RO         1770    i.floor             m_ws.l(floor.o)
    0x08020d58   0x00000058   Code   RO         2080    i.frexp             m_ws.l(frexp.o)
    0x08020db0   0x0000029c   Code   RO         1774    i.hypot             m_ws.l(hypot.o)
    0x0802104c   0x0000007e   Code   RO         2102    i.ldexp             m_ws.l(ldexp.o)
    0x080210ca   0x00000002   PAD
    0x080210cc   0x000009e0   Code   RO         1782    i.pow               m_ws.l(pow.o)
    0x08021aac   0x000000b0   Code   RO         1792    i.sin               m_ws.l(sin.o)
    0x08021b5c   0x0000004c   Code   RO         1800    i.sqrt              m_ws.l(sqrt.o)
    0x08021ba8   0x0000001c   Code   RO         1808    i.strtod            m_ws.l(strtod.o)
    0x08021bc4   0x0000002c   Code   RO         1961    locale$$code        c_w.l(lc_ctype_c.o)
    0x08021bf0   0x0000002c   Code   RO         1964    locale$$code        c_w.l(lc_numeric_c.o)
    0x08021c1c   0x00000062   Code   RO         1679    x$fpl$d2f           fz_ws.l(d2f.o)
    0x08021c7e   0x00000002   PAD
    0x08021c80   0x00000150   Code   RO         1681    x$fpl$dadd          fz_ws.l(daddsub_clz.o)
    0x08021dd0   0x00000010   Code   RO         1966    x$fpl$dcheck1       fz_ws.l(dcheck1.o)
    0x08021de0   0x00000018   Code   RO         1844    x$fpl$dcmpinf       fz_ws.l(dcmpi.o)
    0x08021df8   0x000002b0   Code   RO         1688    x$fpl$ddiv          fz_ws.l(ddiv.o)
    0x080220a8   0x00000078   Code   RO         1691    x$fpl$deqf          fz_ws.l(deqf.o)
    0x08022120   0x0000005e   Code   RO         1693    x$fpl$dfix          fz_ws.l(dfix.o)
    0x0802217e   0x00000002   PAD
    0x08022180   0x0000005a   Code   RO         1697    x$fpl$dfixu         fz_ws.l(dfixu.o)
    0x080221da   0x0000002e   Code   RO         1702    x$fpl$dflt          fz_ws.l(dflt_clz.o)
    0x08022208   0x00000026   Code   RO         1701    x$fpl$dfltu         fz_ws.l(dflt_clz.o)
    0x0802222e   0x00000002   PAD
    0x08022230   0x00000078   Code   RO         1707    x$fpl$dleqf         fz_ws.l(dleqf.o)
    0x080222a8   0x00000154   Code   RO         1709    x$fpl$dmul          fz_ws.l(dmul.o)
    0x080223fc   0x0000009c   Code   RO         1846    x$fpl$dnaninf       fz_ws.l(dnaninf.o)
    0x08022498   0x0000000c   Code   RO         1848    x$fpl$dretinf       fz_ws.l(dretinf.o)
    0x080224a4   0x0000006c   Code   RO         1711    x$fpl$drleqf        fz_ws.l(drleqf.o)
    0x08022510   0x00000016   Code   RO         1682    x$fpl$drsb          fz_ws.l(daddsub_clz.o)
    0x08022526   0x00000002   PAD
    0x08022528   0x000001cc   Code   RO         1850    x$fpl$dsqrt         fz_ws.l(dsqrt_noumaal.o)
    0x080226f4   0x000001d4   Code   RO         1683    x$fpl$dsub          fz_ws.l(daddsub_clz.o)
    0x080228c8   0x00000056   Code   RO         1713    x$fpl$f2d           fz_ws.l(f2d.o)
    0x0802291e   0x00000002   PAD
    0x08022920   0x000000c4   Code   RO         1715    x$fpl$fadd          fz_ws.l(faddsub_clz.o)
    0x080229e4   0x00000018   Code   RO         1852    x$fpl$fcmpinf       fz_ws.l(fcmpi.o)
    0x080229fc   0x00000184   Code   RO         1722    x$fpl$fdiv          fz_ws.l(fdiv.o)
    0x08022b80   0x00000068   Code   RO         1725    x$fpl$feqf          fz_ws.l(feqf.o)
    0x08022be8   0x00000036   Code   RO         1727    x$fpl$ffix          fz_ws.l(ffix.o)
    0x08022c1e   0x00000002   PAD
    0x08022c20   0x0000003e   Code   RO         1731    x$fpl$ffixu         fz_ws.l(ffixu.o)
    0x08022c5e   0x00000002   PAD
    0x08022c60   0x00000030   Code   RO         1736    x$fpl$fflt          fz_ws.l(fflt_clz.o)
    0x08022c90   0x00000026   Code   RO         1735    x$fpl$ffltu         fz_ws.l(fflt_clz.o)
    0x08022cb6   0x00000002   PAD
    0x08022cb8   0x00000068   Code   RO         1741    x$fpl$fleqf         fz_ws.l(fleqf.o)
    0x08022d20   0x00000102   Code   RO         1743    x$fpl$fmul          fz_ws.l(fmul.o)
    0x08022e22   0x0000008c   Code   RO         1854    x$fpl$fnaninf       fz_ws.l(fnaninf.o)
    0x08022eae   0x0000000a   Code   RO         1856    x$fpl$fretinf       fz_ws.l(fretinf.o)
    0x08022eb8   0x00000062   Code   RO         1745    x$fpl$frleqf        fz_ws.l(frleqf.o)
    0x08022f1a   0x00000002   PAD
    0x08022f1c   0x000000ea   Code   RO         1717    x$fpl$fsub          fz_ws.l(faddsub_clz.o)
    0x08023006   0x00000004   Code   RO         1747    x$fpl$printf1       fz_ws.l(printf1.o)
    0x0802300a   0x00000064   Code   RO         2029    x$fpl$retnan        fz_ws.l(retnan.o)
    0x0802306e   0x0000005c   Code   RO         1858    x$fpl$scalbn        fz_ws.l(scalbn.o)
    0x080230ca   0x00000004   Code   RO         1970    x$fpl$scanf1        fz_ws.l(scanf1.o)
    0x080230ce   0x00000008   Code   RO         2044    x$fpl$scanf2        fz_ws.l(scanf2.o)
    0x080230d6   0x00000030   Code   RO         2050    x$fpl$trapveneer    fz_ws.l(trapv.o)
    0x08023106   0x00000000   Code   RO         1860    x$fpl$usenofp       fz_ws.l(usenofp.o)
    0x08023106   0x00000018   Data   RO          249    .constdata          rtc.o
    0x0802311e   0x00000a64   Data   RO          565    .constdata          lcd.o
    0x08023b82   0x00000002   PAD
    0x08023b84   0x00000018   Data   RO          827    .constdata          malloc.o
    0x08023b9c   0x000003c0   Data   RO          929    .constdata          mycc936.o
    0x08023f5c   0x0000003a   Data   RO          978    .constdata          ff.o
    0x08023f96   0x00000028   Data   RO         1113    .constdata          gif.o
    0x08023fbe   0x000004c0   Data   RO         1150    .constdata          tjpgd.o
    0x0802447e   0x00000800   Data   RO         1268    .constdata          gui.o
    0x08024c7e   0x00000030   Data   RO         1345    .constdata          scrollbar.o
    0x08024cae   0x000000f4   Data   RO         1433    .constdata          temperature.o
    0x08024da2   0x00000002   PAD
    0x08024da4   0x0000002b   Data   RO         1490    .constdata          dlion.o
    0x08024dcf   0x00000028   Data   RO         1615    .constdata          c_w.l(_printf_hex_int.o)
    0x08024df7   0x00000011   Data   RO         1650    .constdata          c_w.l(__printf_flags_ss_wp.o)
    0x08024e08   0x00000088   Data   RO         1783    .constdata          m_ws.l(pow.o)
    0x08024e90   0x00000098   Data   RO         1863    .constdata          m_ws.l(atan.o)
    0x08024f28   0x00000030   Data   RO         1872    .constdata          m_ws.l(cos_i.o)
    0x08024f58   0x00000008   Data   RO         1880    .constdata          m_ws.l(qnan.o)
    0x08024f60   0x000000c8   Data   RO         1883    .constdata          m_ws.l(rred.o)
    0x08025028   0x00000028   Data   RO         1887    .constdata          m_ws.l(sin_i.o)
    0x08025050   0x00000094   Data   RO         1932    .constdata          c_w.l(bigflt0.o)
    0x080250e4   0x00000079   Data   RO          733    .conststring        touch.o
    0x0802515d   0x00000003   PAD
    0x08025160   0x0000006c   Data   RO          855    .conststring        exfuns.o
    0x080251cc   0x000000c5   Data   RO          999    .conststring        fontupd.o
    0x08025291   0x00000003   PAD
    0x08025294   0x000000a2   Data   RO         1321    .conststring        filelistbox.o
    0x08025336   0x00000002   PAD
    0x08025338   0x00000051   Data   RO         1434    .conststring        temperature.o
    0x08025389   0x00000003   PAD
    0x0802538c   0x00000112   Data   RO         1491    .conststring        dlion.o
    0x0802549e   0x00000002   PAD
    0x080254a0   0x000000b5   Data   RO         1524    .conststring        configurationstore.o
    0x08025555   0x00000003   PAD
    0x08025558   0x00000020   Data   RO         2148    Region$$Table       anon$$obj.o
    0x08025578   0x00000008   Data   RO         2039    c$$dinf             fz_ws.l(fpconst.o)
    0x08025580   0x00000110   Data   RO         1960    locale$$data        c_w.l(lc_ctype_c.o)
    0x08025690   0x0000001c   Data   RO         1963    locale$$data        c_w.l(lc_numeric_c.o)


    Execution Region RW_IRAM1 (Base: 0x20000000, Size: 0x0000efc8, Max: 0x00010000, ABSOLUTE, COMPRESSED[0x00000194])

    Base Addr    Size         Type   Attr      Idx    E Section Name        Object

    0x20000000   0x00000008   Data   RW            4    .data               delay.o
    0x20000008   0x00000014   Data   RW          104    .data               system_stm32f10x.o
    0x2000001c   0x00000006   Data   RW          151    .data               usart.o
    0x20000022   0x00000002   Data   RW          250    .data               rtc.o
    0x20000024   0x00000014   Data   RW          339    .data               stm32f10x_rcc.o
    0x20000038   0x00000004   Data   RW          566    .data               lcd.o
    0x2000003c   0x00000002   Data   RW          684    .data               flash.o
    0x2000003e   0x00000002   PAD
    0x20000040   0x0000003c   Data   RW          734    .data               touch.o
    0x2000007c   0x0000000c   Data   RW          791    .data               sdio_sdcard.o
    0x20000088   0x0000001c   Data   RW          828    .data               malloc.o
    0x200000a4   0x00000184   Data   RW          856    .data               exfuns.o
    0x20000228   0x00000002   Data   RW          954    .data               diskio.o
    0x2000022a   0x00000002   PAD
    0x2000022c   0x0000000a   Data   RW          979    .data               ff.o
    0x20000236   0x00000002   PAD
    0x20000238   0x0000001c   Data   RW         1000    .data               fontupd.o
    0x20000254   0x00000001   Data   RW         1114    .data               gif.o
    0x20000255   0x00000003   PAD
    0x20000258   0x0000000c   Data   RW         1151    .data               tjpgd.o
    0x20000264   0x00000048   Data   RW         1192    .data               lcdmenu.o
    0x200002ac   0x0000000e   Data   RW         1269    .data               gui.o
    0x200002ba   0x00000001   Data   RW         1300    .data               button.o
    0x200002bb   0x00000001   PAD
    0x200002bc   0x0000004c   Data   RW         1322    .data               filelistbox.o
    0x20000308   0x00000047   Data   RW         1404    .data               stepper.o
    0x2000034f   0x00000001   PAD
    0x20000350   0x00000079   Data   RW         1435    .data               temperature.o
    0x200003c9   0x00000003   PAD
    0x200003cc   0x000000a6   Data   RW         1492    .data               dlion.o
    0x20000472   0x00000002   PAD
    0x20000474   0x0000007c   Data   RW         1566    .data               planner.o
    0x200004f0   0x00000088   Zero   RW          150    .bss                usart.o
    0x20000578   0x0000000a   Zero   RW          248    .bss                rtc.o
    0x20000582   0x0000000e   Zero   RW          564    .bss                lcd.o
    0x20000590   0x00001000   Zero   RW          683    .bss                flash.o
    0x20001590   0x00000278   Zero   RW          790    .bss                sdio_sdcard.o
    0x20001808   0x0000bf40   Zero   RW          826    .bss                malloc.o
    0x2000d748   0x00000044   Zero   RW          854    .bss                exfuns.o
    0x2000d78c   0x00000021   Zero   RW          998    .bss                fontupd.o
    0x2000d7ad   0x00000003   PAD
    0x2000d7b0   0x00000044   Zero   RW         1087    .bss                piclib.o
    0x2000d7f4   0x00000017   Zero   RW         1267    .bss                gui.o
    0x2000d80b   0x00000001   PAD
    0x2000d80c   0x0000001c   Zero   RW         1403    .bss                stepper.o
    0x2000d828   0x0000069c   Zero   RW         1489    .bss                dlion.o
    0x2000dec4   0x00000aa0   Zero   RW         1565    .bss                planner.o
    0x2000e964   0x00000060   Zero   RW         1893    .bss                c_w.l(libspace.o)
    0x2000e9c4   0x00000004   PAD
    0x2000e9c8   0x00000200   Zero   RW         1394    HEAP                startup_stm32f10x_hd.o
    0x2000ebc8   0x00000400   Zero   RW         1393    STACK               startup_stm32f10x_hd.o



  Load Region LR$$.ARM.__AT_0x68000000 (Base: 0x68000000, Size: 0x00000000, Max: 0x00032000, ABSOLUTE)

    Execution Region ER$$.ARM.__AT_0x68000000 (Base: 0x68000000, Size: 0x00032000, Max: 0x00032000, ABSOLUTE, UNINIT)

    Base Addr    Size         Type   Attr      Idx    E Section Name        Object

    0x68000000   0x00032000   Zero   RW          824    .ARM.__AT_0x68000000  malloc.o



  Load Region LR$$.ARM.__AT_0x68032000 (Base: 0x68032000, Size: 0x00000000, Max: 0x00003200, ABSOLUTE)

    Execution Region ER$$.ARM.__AT_0x68032000 (Base: 0x68032000, Size: 0x00003200, Max: 0x00003200, ABSOLUTE, UNINIT)

    Base Addr    Size         Type   Attr      Idx    E Section Name        Object

    0x68032000   0x00003200   Zero   RW          825    .ARM.__AT_0x68032000  malloc.o


==============================================================================

Image component sizes


      Code (inc. data)   RO Data    RW Data    ZI Data      Debug   Object Name

       376          0          0          0          0       2541   24cxx.o
       208          4          0          0          0       1027   adc.o
        88         14          0          0          0        605   beep.o
      2168         20          0          0          0       6082   bmp.o
      3064         20          0          1          0       5113   button.o
      1032        420        181          0          0        667   configurationstore.o
       340         24          0          8          0     280329   delay.o
       452          8          0          2          0       4214   diskio.o
      9832       1656        317        166       1692      12388   dlion.o
      1536         20        108        388         68       8455   exfuns.o
      1756        656          0          0          0       5899   fattester.o
     12200        122         58         10          0      32065   ff.o
      4416         78        162         76          0      10143   filelistbox.o
       768         12          0          2       4096       4134   flash.o
       992        142        197         28         33       3804   fontupd.o
       976        272          0          0          0       4028   gcodeplayer.o
      3752         22         40          1          0       9858   gif.o
      5904         84       2048         14         23      22666   gui.o
       620         14          0          0          0       1852   iic.o
     18514        150       2660          4         14      21899   lcd.o
      4316        482          0         72          0      16158   lcdmenu.o
       280         40          0          0          0        607   main.o
       564         18         24         28     266560       4524   malloc.o
       220         22          0          0          0       1813   misc.o
      1052         26          0          0          0       2021   motion_control.o
       204         12        960          0          0       1589   mycc936.o
       708         40          0          0         68       3896   piclib.o
      6700        372          0        124       2720      11485   planner.o
       888         28         24          2         10       3560   rtc.o
      1822          8         48          0          0       5417   scrollbar.o
      6386        206          0         12        632      21834   sdio_sdcard.o
       568         16          0          0          0       1904   spi.o
        56         22        304          0       1536        796   startup_stm32f10x_hd.o
      2680        390          0         71         28       7821   stepper.o
      1102         26          0          0          0      10841   stm32f10x_adc.o
       196          8          0          0          0       3472   stm32f10x_bkp.o
       284         10          0          0          0       2243   stm32f10x_exti.o
      1548         18          0          0          0       5351   stm32f10x_fsmc.o
       860         38          0          0          0       5653   stm32f10x_gpio.o
       204         14          0          0          0       1919   stm32f10x_pwr.o
       932         36          0         20          0       8820   stm32f10x_rcc.o
       328          4          0          0          0       2670   stm32f10x_rtc.o
       468         22          0          0          0      16352   stm32f10x_sdio.o
       780         14          0          0          0       6538   stm32f10x_spi.o
      3610         88          0          0          0      22140   stm32f10x_tim.o
      1032         22          0          0          0       8380   stm32f10x_usart.o
       264         10          0          0          0       1031   switch.o
        12          0          0          0          0        453   sys.o
       480         38          0         20          0       1827   system_stm32f10x.o
      4476        874        325        121          0      10874   temperature.o
       704         12          0          0          0       2944   text.o
      4792         70       1216         12          0      17099   tjpgd.o
      3820        196        121         60          0       6405   touch.o
       476         26          0          6        136       4726   usart.o
        56          4          0          0          0        797   watchdog.o

    ----------------------------------------------------------------------
    121872       6950       8845       1264     277620     661729   Object Totals
         0          0         32          0          0          0   (incl. Generated)
        10          0         20         16          4          0   (incl. Padding)

    ----------------------------------------------------------------------

      Code (inc. data)   RO Data    RW Data    ZI Data      Debug   Library Member Name

        90          0          0          0          0          0   __dczerorl2.o
         8          0          0          0          0         68   __main.o
       392          4         17          0          0         92   __printf_flags_ss_wp.o
        14          0          0          0          0         68   __printf_wp.o
        52          8          0          0          0          0   __scatter.o
        28          0          0          0          0          0   __scatter_zi.o
        28          0          0          0          0         68   _chval.o
         6          0          0          0          0          0   _printf_c.o
        44          0          0          0          0        108   _printf_char.o
        48          6          0          0          0         96   _printf_char_common.o
        36          4          0          0          0         80   _printf_char_file.o
         6          0          0          0          0          0   _printf_d.o
       116         16          0          0          0         92   _printf_dec.o
         6          0          0          0          0          0   _printf_f.o
      1046          0          0          0          0        216   _printf_fp_dec.o
       128         16          0          0          0         84   _printf_fp_infnan.o
        88          4         40          0          0         88   _printf_hex_int.o
         6          0          0          0          0          0   _printf_i.o
       178          0          0          0          0         88   _printf_intcommon.o
        78          0          0          0          0        108   _printf_pad.o
         0          0          0          0          0          0   _printf_percent.o
         4          0          0          0          0          0   _printf_percent_end.o
         6          0          0          0          0          0   _printf_s.o
        82          0          0          0          0         80   _printf_str.o
         6          0          0          0          0          0   _printf_x.o
        22          0          0          0          0        100   _rserrno.o
        64          0          0          0          0         84   _sgetc.o
        10          0          0          0          0         68   _sputc.o
       158          0          0          0          0         92   _strtoul.o
       216          4        148          0          0         96   bigflt0.o
      2074        132          0          0          0        940   btod.o
        12          0          0          0          0         72   exit.o
         8          0          0          0          0         68   ferror.o
         6          0          0          0          0        152   heapauxi.o
        18          0          0          0          0         76   isspace.o
        44         10        272          0          0         76   lc_ctype_c.o
        44         10         28          0          0         76   lc_numeric_c.o
         2          0          0          0          0          0   libinit.o
        30          0          0          0          0          0   libinit2.o
         2          0          0          0          0          0   libshutdown.o
         2          0          0          0          0          0   libshutdown2.o
         8          4          0          0         96         68   libspace.o
        72          0          0          0          0         76   llsdiv.o
        38          0          0          0          0         68   llshl.o
       138          0          0          0          0         80   lludiv10.o
       238          0          0          0          0        100   lludivv7m.o
        24          4          0          0          0         84   noretval__2printf.o
        40          6          0          0          0         84   noretval__2sprintf.o
        16          4          0          0          0         76   rt_ctype_table.o
         8          4          0          0          0         68   rt_errno_addr_intlibspace.o
         8          4          0          0          0         68   rt_locale_intlibspace.o
       138          0          0          0          0         68   rt_memcpy_v6.o
       100          0          0          0          0         80   rt_memcpy_w.o
         0          0          0          0          0          0   rtentry.o
        12          0          0          0          0          0   rtentry2.o
         6          0          0          0          0          0   rtentry4.o
         2          0          0          0          0          0   rtexit.o
        10          0          0          0          0          0   rtexit2.o
      1188         12          0          0          0        148   scanf_fp.o
       792         14          0          0          0        100   scanf_hexfp.o
       308         16          0          0          0        100   scanf_infnan.o
        24          0          0          0          0         68   strcat.o
        20          0          0          0          0         68   strchr.o
       128          0          0          0          0         68   strcmpv7m.o
        72          0          0          0          0         80   strcpy.o
        62          0          0          0          0         76   strlen.o
        36          0          0          0          0         80   strstr.o
       160         12          0          0          0        120   strtod.o
       112          0          0          0          0         88   strtol.o
        74          0          0          0          0         80   sys_stackheap_outer.o
         2          0          0          0          0         68   use_no_semi.o
         2          0          0          0          0         68   use_no_semi_2.o
        98          4          0          0          0         92   d2f.o
       826         16          0          0          0        348   daddsub_clz.o
        16          4          0          0          0         68   dcheck1.o
        24          0          0          0          0         68   dcmpi.o
       688        140          0          0          0        208   ddiv.o
       120          4          0          0          0         92   deqf.o
        94          4          0          0          0         92   dfix.o
        90          4          0          0          0         92   dfixu.o
        84          0          0          0          0        136   dflt_clz.o
       120          4          0          0          0         92   dleqf.o
       340         12          0          0          0        104   dmul.o
       156          4          0          0          0         92   dnaninf.o
        12          0          0          0          0         68   dretinf.o
       108          0          0          0          0         80   drleqf.o
       460         56          0          0          0        120   dsqrt_noumaal.o
        86          4          0          0          0         84   f2d.o
       430          8          0          0          0        168   faddsub_clz.o
        24          0          0          0          0         68   fcmpi.o
       388         76          0          0          0         96   fdiv.o
       104          4          0          0          0         84   feqf.o
        54          4          0          0          0         84   ffix.o
        62          4          0          0          0         84   ffixu.o
        86          0          0          0          0        136   fflt_clz.o
       104          4          0          0          0         84   fleqf.o
       258          4          0          0          0         84   fmul.o
       140          4          0          0          0         84   fnaninf.o
         0          0          8          0          0          0   fpconst.o
        10          0          0          0          0         68   fretinf.o
        98          0          0          0          0         68   frleqf.o
         4          0          0          0          0         68   printf1.o
       100          0          0          0          0         68   retnan.o
        92          0          0          0          0         68   scalbn.o
         4          0          0          0          0         68   scanf1.o
         8          0          0          0          0         84   scanf2.o
        48          0          0          0          0         68   trapv.o
         0          0          0          0          0          0   usenofp.o
       548         70        152          0          0        124   atan.o
       384         38          0          0          0        144   atan2.o
       220         16          0          0          0         84   ceil.o
       172          8          0          0          0        112   cos.o
       252         22         48          0          0        124   cos_i.o
        16          6          0          0          0         68   dunder.o
       220         16          0          0          0         84   floor.o
        40          0          0          0          0         68   fpclassify.o
        88          8          0          0          0         76   frexp.o
       668         26          0          0          0        160   hypot.o
       148          0          0          0          0        160   ldexp.o
       152          4          0          0          0        160   narrow.o
       170          0          0          0          0         96   poly.o
      2528        190        136          0          0        332   pow.o
         0          0          8          0          0          0   qnan.o
       904         74        200          0          0        140   rred.o
       176         10          0          0          0        116   sin.o
       236         12         40          0          0        128   sin_i.o
        76          0          0          0          0         84   sqrt.o
        28          0          0          0          0         80   strtod.o

    ----------------------------------------------------------------------
     21446       1160       1097          0        100      11076   Library Totals
        38          2          0          0          4          0   (incl. Padding)

    ----------------------------------------------------------------------

      Code (inc. data)   RO Data    RW Data    ZI Data      Debug   Library Name

      9046        294        505          0         96       5368   c_w.l
      5336        364          8          0          0       3368   fz_ws.l
      7026        500        584          0          0       2340   m_ws.l

    ----------------------------------------------------------------------
     21446       1160       1097          0        100      11076   Library Totals

    ----------------------------------------------------------------------

==============================================================================


      Code (inc. data)   RO Data    RW Data    ZI Data      Debug   

    143318       8110       9942       1264     277720     660685   Grand Totals
    143318       8110       9942        404     277720     660685   ELF Image Totals (compressed)
    143318       8110       9942        404          0          0   ROM Totals

==============================================================================

    Total RO  Size (Code + RO Data)               153260 ( 149.67kB)
    Total RW  Size (RW Data + ZI Data)            278984 ( 272.45kB)
    Total ROM Size (Code + RO Data + RW Data)     153664 ( 150.06kB)

==============================================================================

