<html>
<body>
<pre>
<h1>礦ision Build Log</h1>
<h2>Tool Versions:</h2>
IDE-Version: μVision V5.21.1.0
Copyright (C) 2016 ARM Ltd and ARM Germany GmbH. All rights reserved.
License Information: Big Lion, ZJNU, LIC=EPP74-FSXVN-NRFXL-0JEEG-K5DIH-Q0T8Y
 
Tool Versions:
Toolchain:       MDK-ARM Professional  Version: 5.21a
Toolchain Path:  F:\4-tools\Keil 5.21\ARM\ARMCC\Bin
C Compiler:      Armcc.exe V5.06 update 3 (build 300)
Assembler:       Armasm.exe V5.06 update 3 (build 300)
Linker/Locator:  ArmLink.exe V5.06 update 3 (build 300)
Library Manager: ArmAr.exe V5.06 update 3 (build 300)
Hex Converter:   FromElf.exe V5.06 update 3 (build 300)
CPU DLL:         SARMCM3.DLL V5.21a
Dialog DLL:      DCM.DLL V1.13.8.0
Target DLL:      Segger\JL2CM3.dll V2.99.23.0
Dialog DLL:      TCM.DLL V1.14.14.0
 
<h2>Project:</h2>
F:\3-课题 机械臂\PenDrawer\StepController3\StepController3\MDK-ARM\StepController3.uvprojx
Project File Date:  10/31/2016

<h2>Output:</h2>
*** Using Compiler 'V5.06 update 3 (build 300)', folder: 'F:\4-tools\Keil 5.21\ARM\ARMCC\Bin'
Build target 'StepController3'
compiling bsp.c...
..\Src\bsp.c(93): warning:  #181-D: argument is incompatible with corresponding format string conversion
  		sprintf(buf_str,"%s\r\n",argument);
..\Src\bsp.c: 1 warning, 0 errors
linking...
Program Size: Code=13288 RO-data=428 RW-data=128 ZI-data=4696  
"StepController3\StepController3.axf" - 0 Error(s), 1 Warning(s).

<h2>Software Packages used:</h2>

Package Vendor: ARM
                http://www.keil.com/pack/ARM.CMSIS.4.5.0.pack
                ARM::CMSIS:CORE:4.3.0
                CMSIS (Cortex Microcontroller Software Interface Standard)
   * Component: CORE Version: 4.3.0

<h2>Collection of Component include folders:</h2>
  F:\3-课题 机械臂\PenDrawer\StepController3\StepController3\MDK-ARM\RTE
  F:\4-tools\Keil 5.21\ARM\PACK\ARM\CMSIS\4.5.0\CMSIS\Include
  F:\4-tools\Keil 5.21\ARM\PACK\Keil\STM32F1xx_DFP\2.1.0\Device\Include

<h2>Collection of Component Files used:</h2>

   * Component: ARM::CMSIS:CORE:4.3.0
Build Time Elapsed:  00:00:04
</pre>
</body>
</html>
