<!doctype html public "-//w3c//dtd html 4.0 transitional//en">
<html><head>
<title>Static Call Graph - [StepController3\StepController3.axf]</title></head>
<body><HR>
<H1>Static Call Graph for image StepController3\StepController3.axf</H1><HR>
<BR><P>#&#060CALLGRAPH&#062# ARM Linker, 5060300: Last Updated: Sun Nov 13 12:37:15 2016
<BR><P>
<H3>Maximum Stack Usage =        360 bytes + Unknown(Cycles, Untraceable Function Pointers)</H3><H3>
Call chain for Maximum Stack Depth:</H3>
StepperTask02 &rArr; Stepper_Read_eeprom_pos &rArr; USART_SendData &rArr; xQueueGenericSend &rArr; xTaskResumeAll &rArr; xTaskIncrementTick
<P>
<H3>
Mutually Recursive functions
</H3> <LI><a href="#[1e]">ADC1_2_IRQHandler</a>&nbsp;&nbsp;&nbsp;&rArr;&nbsp;&nbsp;&nbsp;<a href="#[1e]">ADC1_2_IRQHandler</a><BR>
 <LI><a href="#[6]">BusFault_Handler</a>&nbsp;&nbsp;&nbsp;&rArr;&nbsp;&nbsp;&nbsp;<a href="#[6]">BusFault_Handler</a><BR>
 <LI><a href="#[4]">HardFault_Handler</a>&nbsp;&nbsp;&nbsp;&rArr;&nbsp;&nbsp;&nbsp;<a href="#[4]">HardFault_Handler</a><BR>
 <LI><a href="#[5]">MemManage_Handler</a>&nbsp;&nbsp;&nbsp;&rArr;&nbsp;&nbsp;&nbsp;<a href="#[5]">MemManage_Handler</a><BR>
 <LI><a href="#[6a]">Error_Handler</a>&nbsp;&nbsp;&nbsp;&rArr;&nbsp;&nbsp;&nbsp;<a href="#[6a]">Error_Handler</a><BR>
 <LI><a href="#[7]">UsageFault_Handler</a>&nbsp;&nbsp;&nbsp;&rArr;&nbsp;&nbsp;&nbsp;<a href="#[7]">UsageFault_Handler</a><BR>
</UL>
<P>
<H3>
Function Pointers
</H3><UL>
 <LI><a href="#[1e]">ADC1_2_IRQHandler</a> from startup_stm32f103xe.o(.text) referenced from startup_stm32f103xe.o(RESET)
 <LI><a href="#[3b]">ADC3_IRQHandler</a> from startup_stm32f103xe.o(.text) referenced from startup_stm32f103xe.o(RESET)
 <LI><a href="#[6]">BusFault_Handler</a> from stm32f1xx_it.o(i.BusFault_Handler) referenced from startup_stm32f103xe.o(RESET)
 <LI><a href="#[21]">CAN1_RX1_IRQHandler</a> from startup_stm32f103xe.o(.text) referenced from startup_stm32f103xe.o(RESET)
 <LI><a href="#[22]">CAN1_SCE_IRQHandler</a> from startup_stm32f103xe.o(.text) referenced from startup_stm32f103xe.o(RESET)
 <LI><a href="#[17]">DMA1_Channel1_IRQHandler</a> from startup_stm32f103xe.o(.text) referenced from startup_stm32f103xe.o(RESET)
 <LI><a href="#[18]">DMA1_Channel2_IRQHandler</a> from startup_stm32f103xe.o(.text) referenced from startup_stm32f103xe.o(RESET)
 <LI><a href="#[19]">DMA1_Channel3_IRQHandler</a> from stm32f1xx_it.o(i.DMA1_Channel3_IRQHandler) referenced from startup_stm32f103xe.o(RESET)
 <LI><a href="#[1a]">DMA1_Channel4_IRQHandler</a> from startup_stm32f103xe.o(.text) referenced from startup_stm32f103xe.o(RESET)
 <LI><a href="#[1b]">DMA1_Channel5_IRQHandler</a> from stm32f1xx_it.o(i.DMA1_Channel5_IRQHandler) referenced from startup_stm32f103xe.o(RESET)
 <LI><a href="#[1c]">DMA1_Channel6_IRQHandler</a> from startup_stm32f103xe.o(.text) referenced from startup_stm32f103xe.o(RESET)
 <LI><a href="#[1d]">DMA1_Channel7_IRQHandler</a> from startup_stm32f103xe.o(.text) referenced from startup_stm32f103xe.o(RESET)
 <LI><a href="#[44]">DMA2_Channel1_IRQHandler</a> from startup_stm32f103xe.o(.text) referenced from startup_stm32f103xe.o(RESET)
 <LI><a href="#[45]">DMA2_Channel2_IRQHandler</a> from startup_stm32f103xe.o(.text) referenced from startup_stm32f103xe.o(RESET)
 <LI><a href="#[46]">DMA2_Channel3_IRQHandler</a> from startup_stm32f103xe.o(.text) referenced from startup_stm32f103xe.o(RESET)
 <LI><a href="#[47]">DMA2_Channel4_5_IRQHandler</a> from startup_stm32f103xe.o(.text) referenced from startup_stm32f103xe.o(RESET)
 <LI><a href="#[9]">DebugMon_Handler</a> from stm32f1xx_it.o(i.DebugMon_Handler) referenced from startup_stm32f103xe.o(RESET)
 <LI><a href="#[12]">EXTI0_IRQHandler</a> from startup_stm32f103xe.o(.text) referenced from startup_stm32f103xe.o(RESET)
 <LI><a href="#[34]">EXTI15_10_IRQHandler</a> from startup_stm32f103xe.o(.text) referenced from startup_stm32f103xe.o(RESET)
 <LI><a href="#[13]">EXTI1_IRQHandler</a> from startup_stm32f103xe.o(.text) referenced from startup_stm32f103xe.o(RESET)
 <LI><a href="#[14]">EXTI2_IRQHandler</a> from startup_stm32f103xe.o(.text) referenced from startup_stm32f103xe.o(RESET)
 <LI><a href="#[15]">EXTI3_IRQHandler</a> from startup_stm32f103xe.o(.text) referenced from startup_stm32f103xe.o(RESET)
 <LI><a href="#[16]">EXTI4_IRQHandler</a> from startup_stm32f103xe.o(.text) referenced from startup_stm32f103xe.o(RESET)
 <LI><a href="#[23]">EXTI9_5_IRQHandler</a> from startup_stm32f103xe.o(.text) referenced from startup_stm32f103xe.o(RESET)
 <LI><a href="#[10]">FLASH_IRQHandler</a> from startup_stm32f103xe.o(.text) referenced from startup_stm32f103xe.o(RESET)
 <LI><a href="#[3c]">FSMC_IRQHandler</a> from startup_stm32f103xe.o(.text) referenced from startup_stm32f103xe.o(RESET)
 <LI><a href="#[4]">HardFault_Handler</a> from stm32f1xx_it.o(i.HardFault_Handler) referenced from startup_stm32f103xe.o(RESET)
 <LI><a href="#[2c]">I2C1_ER_IRQHandler</a> from startup_stm32f103xe.o(.text) referenced from startup_stm32f103xe.o(RESET)
 <LI><a href="#[2b]">I2C1_EV_IRQHandler</a> from startup_stm32f103xe.o(.text) referenced from startup_stm32f103xe.o(RESET)
 <LI><a href="#[2e]">I2C2_ER_IRQHandler</a> from startup_stm32f103xe.o(.text) referenced from startup_stm32f103xe.o(RESET)
 <LI><a href="#[2d]">I2C2_EV_IRQHandler</a> from startup_stm32f103xe.o(.text) referenced from startup_stm32f103xe.o(RESET)
 <LI><a href="#[5]">MemManage_Handler</a> from stm32f1xx_it.o(i.MemManage_Handler) referenced from startup_stm32f103xe.o(RESET)
 <LI><a href="#[3]">NMI_Handler</a> from stm32f1xx_it.o(i.NMI_Handler) referenced from startup_stm32f103xe.o(RESET)
 <LI><a href="#[4f]">NRFTask</a> from freertos.o(i.NRFTask) referenced from freertos.o(.constdata)
 <LI><a href="#[d]">PVD_IRQHandler</a> from startup_stm32f103xe.o(.text) referenced from startup_stm32f103xe.o(RESET)
 <LI><a href="#[a]">PendSV_Handler</a> from port.o(.emb_text) referenced from startup_stm32f103xe.o(RESET)
 <LI><a href="#[11]">RCC_IRQHandler</a> from startup_stm32f103xe.o(.text) referenced from startup_stm32f103xe.o(RESET)
 <LI><a href="#[35]">RTC_Alarm_IRQHandler</a> from startup_stm32f103xe.o(.text) referenced from startup_stm32f103xe.o(RESET)
 <LI><a href="#[f]">RTC_IRQHandler</a> from startup_stm32f103xe.o(.text) referenced from startup_stm32f103xe.o(RESET)
 <LI><a href="#[2]">Reset_Handler</a> from startup_stm32f103xe.o(.text) referenced from startup_stm32f103xe.o(RESET)
 <LI><a href="#[3d]">SDIO_IRQHandler</a> from startup_stm32f103xe.o(.text) referenced from startup_stm32f103xe.o(RESET)
 <LI><a href="#[2f]">SPI1_IRQHandler</a> from startup_stm32f103xe.o(.text) referenced from startup_stm32f103xe.o(RESET)
 <LI><a href="#[30]">SPI2_IRQHandler</a> from startup_stm32f103xe.o(.text) referenced from startup_stm32f103xe.o(RESET)
 <LI><a href="#[3f]">SPI3_IRQHandler</a> from startup_stm32f103xe.o(.text) referenced from startup_stm32f103xe.o(RESET)
 <LI><a href="#[8]">SVC_Handler</a> from port.o(.emb_text) referenced from startup_stm32f103xe.o(RESET)
 <LI><a href="#[50]">StepperTask02</a> from freertos.o(i.StepperTask02) referenced from freertos.o(.constdata)
 <LI><a href="#[b]">SysTick_Handler</a> from stm32f1xx_it.o(i.SysTick_Handler) referenced from startup_stm32f103xe.o(RESET)
 <LI><a href="#[49]">SystemInit</a> from system_stm32f1xx.o(i.SystemInit) referenced from startup_stm32f103xe.o(.text)
 <LI><a href="#[e]">TAMPER_IRQHandler</a> from startup_stm32f103xe.o(.text) referenced from startup_stm32f103xe.o(RESET)
 <LI><a href="#[24]">TIM1_BRK_IRQHandler</a> from startup_stm32f103xe.o(.text) referenced from startup_stm32f103xe.o(RESET)
 <LI><a href="#[27]">TIM1_CC_IRQHandler</a> from startup_stm32f103xe.o(.text) referenced from startup_stm32f103xe.o(RESET)
 <LI><a href="#[26]">TIM1_TRG_COM_IRQHandler</a> from startup_stm32f103xe.o(.text) referenced from startup_stm32f103xe.o(RESET)
 <LI><a href="#[25]">TIM1_UP_IRQHandler</a> from startup_stm32f103xe.o(.text) referenced from startup_stm32f103xe.o(RESET)
 <LI><a href="#[28]">TIM2_IRQHandler</a> from stm32f1xx_it.o(i.TIM2_IRQHandler) referenced from startup_stm32f103xe.o(RESET)
 <LI><a href="#[29]">TIM3_IRQHandler</a> from stm32f1xx_it.o(i.TIM3_IRQHandler) referenced from startup_stm32f103xe.o(RESET)
 <LI><a href="#[2a]">TIM4_IRQHandler</a> from stm32f1xx_it.o(i.TIM4_IRQHandler) referenced from startup_stm32f103xe.o(RESET)
 <LI><a href="#[3e]">TIM5_IRQHandler</a> from stm32f1xx_it.o(i.TIM5_IRQHandler) referenced from startup_stm32f103xe.o(RESET)
 <LI><a href="#[42]">TIM6_IRQHandler</a> from stm32f1xx_it.o(i.TIM6_IRQHandler) referenced from startup_stm32f103xe.o(RESET)
 <LI><a href="#[43]">TIM7_IRQHandler</a> from stm32f1xx_it.o(i.TIM7_IRQHandler) referenced from startup_stm32f103xe.o(RESET)
 <LI><a href="#[37]">TIM8_BRK_IRQHandler</a> from startup_stm32f103xe.o(.text) referenced from startup_stm32f103xe.o(RESET)
 <LI><a href="#[3a]">TIM8_CC_IRQHandler</a> from startup_stm32f103xe.o(.text) referenced from startup_stm32f103xe.o(RESET)
 <LI><a href="#[39]">TIM8_TRG_COM_IRQHandler</a> from startup_stm32f103xe.o(.text) referenced from startup_stm32f103xe.o(RESET)
 <LI><a href="#[38]">TIM8_UP_IRQHandler</a> from startup_stm32f103xe.o(.text) referenced from startup_stm32f103xe.o(RESET)
 <LI><a href="#[40]">UART4_IRQHandler</a> from startup_stm32f103xe.o(.text) referenced from startup_stm32f103xe.o(RESET)
 <LI><a href="#[41]">UART5_IRQHandler</a> from startup_stm32f103xe.o(.text) referenced from startup_stm32f103xe.o(RESET)
 <LI><a href="#[31]">USART1_IRQHandler</a> from startup_stm32f103xe.o(.text) referenced from startup_stm32f103xe.o(RESET)
 <LI><a href="#[32]">USART2_IRQHandler</a> from startup_stm32f103xe.o(.text) referenced from startup_stm32f103xe.o(RESET)
 <LI><a href="#[33]">USART3_IRQHandler</a> from startup_stm32f103xe.o(.text) referenced from startup_stm32f103xe.o(RESET)
 <LI><a href="#[36]">USBWakeUp_IRQHandler</a> from startup_stm32f103xe.o(.text) referenced from startup_stm32f103xe.o(RESET)
 <LI><a href="#[1f]">USB_HP_CAN1_TX_IRQHandler</a> from startup_stm32f103xe.o(.text) referenced from startup_stm32f103xe.o(RESET)
 <LI><a href="#[20]">USB_LP_CAN1_RX0_IRQHandler</a> from startup_stm32f103xe.o(.text) referenced from startup_stm32f103xe.o(RESET)
 <LI><a href="#[7]">UsageFault_Handler</a> from stm32f1xx_it.o(i.UsageFault_Handler) referenced from startup_stm32f103xe.o(RESET)
 <LI><a href="#[c]">WWDG_IRQHandler</a> from startup_stm32f103xe.o(.text) referenced from startup_stm32f103xe.o(RESET)
 <LI><a href="#[4a]">__main</a> from entry.o(.ARM.Collect$$$$00000000) referenced from startup_stm32f103xe.o(.text)
 <LI><a href="#[4c]">_sputc</a> from printf2.o(i._sputc) referenced from printf2.o(i.__0sprintf$2)
 <LI><a href="#[4b]">fputc</a> from usart.o(i.fputc) referenced from printf2.o(i.__0printf$2)
 <LI><a href="#[48]">main</a> from main.o(i.main) referenced from entry9a.o(.ARM.Collect$$$$0000000B)
 <LI><a href="#[0]">my_mem_init</a> from malloc.o(i.my_mem_init) referenced 2 times from malloc.o(.data)
 <LI><a href="#[1]">my_mem_perused</a> from malloc.o(i.my_mem_perused) referenced 2 times from malloc.o(.data)
 <LI><a href="#[4e]">prvIdleTask</a> from tasks.o(i.prvIdleTask) referenced from tasks.o(i.vTaskStartScheduler)
 <LI><a href="#[4d]">prvTaskExitError</a> from port.o(i.prvTaskExitError) referenced from port.o(i.pxPortInitialiseStack)
</UL>
<P>
<H3>
Global Symbols
</H3>
<P><STRONG><a name="[4a]"></a>__main</STRONG> (Thumb, 0 bytes, Stack size unknown bytes, entry.o(.ARM.Collect$$$$00000000))
<BR>[Address Reference Count : 1]<UL><LI> startup_stm32f103xe.o(.text)
</UL>
<P><STRONG><a name="[115]"></a>_main_stk</STRONG> (Thumb, 0 bytes, Stack size unknown bytes, entry2.o(.ARM.Collect$$$$00000001))

<P><STRONG><a name="[51]"></a>_main_scatterload</STRONG> (Thumb, 0 bytes, Stack size unknown bytes, entry5.o(.ARM.Collect$$$$00000004))
<BR><BR>[Calls]<UL><LI><a href="#[52]">&gt;&gt;</a>&nbsp;&nbsp;&nbsp;__scatterload
</UL>

<P><STRONG><a name="[5b]"></a>__main_after_scatterload</STRONG> (Thumb, 0 bytes, Stack size unknown bytes, entry5.o(.ARM.Collect$$$$00000004))
<BR><BR>[Called By]<UL><LI><a href="#[52]">&gt;&gt;</a>&nbsp;&nbsp;&nbsp;__scatterload
</UL>

<P><STRONG><a name="[116]"></a>_main_clock</STRONG> (Thumb, 0 bytes, Stack size unknown bytes, entry7b.o(.ARM.Collect$$$$00000008))

<P><STRONG><a name="[117]"></a>_main_cpp_init</STRONG> (Thumb, 0 bytes, Stack size unknown bytes, entry8b.o(.ARM.Collect$$$$0000000A))

<P><STRONG><a name="[118]"></a>_main_init</STRONG> (Thumb, 0 bytes, Stack size unknown bytes, entry9a.o(.ARM.Collect$$$$0000000B))

<P><STRONG><a name="[119]"></a>__rt_final_cpp</STRONG> (Thumb, 0 bytes, Stack size unknown bytes, entry10a.o(.ARM.Collect$$$$0000000D))

<P><STRONG><a name="[11a]"></a>__rt_final_exit</STRONG> (Thumb, 0 bytes, Stack size unknown bytes, entry11a.o(.ARM.Collect$$$$0000000F))

<P><STRONG><a name="[8]"></a>SVC_Handler</STRONG> (Thumb, 32 bytes, Stack size 0 bytes, port.o(.emb_text))
<BR>[Address Reference Count : 1]<UL><LI> startup_stm32f103xe.o(RESET)
</UL>
<P><STRONG><a name="[10d]"></a>__asm___6_port_c_39a90d8d__prvStartFirstTask</STRONG> (Thumb, 28 bytes, Stack size 0 bytes, port.o(.emb_text))
<BR><BR>[Called By]<UL><LI><a href="#[10b]">&gt;&gt;</a>&nbsp;&nbsp;&nbsp;xPortStartScheduler
</UL>

<P><STRONG><a name="[a]"></a>PendSV_Handler</STRONG> (Thumb, 64 bytes, Stack size 0 bytes, port.o(.emb_text))
<BR><BR>[Stack]<UL><LI>Max Depth = 8<LI>Call Chain = PendSV_Handler &rArr; vTaskSwitchContext
</UL>
<BR>[Calls]<UL><LI><a href="#[53]">&gt;&gt;</a>&nbsp;&nbsp;&nbsp;vTaskSwitchContext
</UL>
<BR>[Address Reference Count : 1]<UL><LI> startup_stm32f103xe.o(RESET)
</UL>
<P><STRONG><a name="[ff]"></a>ulPortSetInterruptMask</STRONG> (Thumb, 14 bytes, Stack size 0 bytes, port.o(.emb_text))
<BR><BR>[Called By]<UL><LI><a href="#[101]">&gt;&gt;</a>&nbsp;&nbsp;&nbsp;xTaskRemoveFromEventList
<LI><a href="#[fd]">&gt;&gt;</a>&nbsp;&nbsp;&nbsp;xTaskPriorityDisinherit
<LI><a href="#[111]">&gt;&gt;</a>&nbsp;&nbsp;&nbsp;xTaskCheckForTimeOut
<LI><a href="#[10a]">&gt;&gt;</a>&nbsp;&nbsp;&nbsp;vTaskSetTimeOutState
<LI><a href="#[107]">&gt;&gt;</a>&nbsp;&nbsp;&nbsp;vTaskPlaceOnEventList
<LI><a href="#[ca]">&gt;&gt;</a>&nbsp;&nbsp;&nbsp;xQueueGenericSend
<LI><a href="#[dd]">&gt;&gt;</a>&nbsp;&nbsp;&nbsp;xQueueGenericReceive
<LI><a href="#[10e]">&gt;&gt;</a>&nbsp;&nbsp;&nbsp;xTaskIncrementTick
<LI><a href="#[ee]">&gt;&gt;</a>&nbsp;&nbsp;&nbsp;xPortSysTickHandler
<LI><a href="#[53]">&gt;&gt;</a>&nbsp;&nbsp;&nbsp;vTaskSwitchContext
<LI><a href="#[4d]">&gt;&gt;</a>&nbsp;&nbsp;&nbsp;prvTaskExitError
<LI><a href="#[f5]">&gt;&gt;</a>&nbsp;&nbsp;&nbsp;xTaskResumeAll
<LI><a href="#[f9]">&gt;&gt;</a>&nbsp;&nbsp;&nbsp;vPortFree
<LI><a href="#[f8]">&gt;&gt;</a>&nbsp;&nbsp;&nbsp;vPortExitCritical
<LI><a href="#[f6]">&gt;&gt;</a>&nbsp;&nbsp;&nbsp;vPortEnterCritical
<LI><a href="#[103]">&gt;&gt;</a>&nbsp;&nbsp;&nbsp;pvPortMalloc
<LI><a href="#[f0]">&gt;&gt;</a>&nbsp;&nbsp;&nbsp;xTaskGenericCreate
<LI><a href="#[ec]">&gt;&gt;</a>&nbsp;&nbsp;&nbsp;vTaskStartScheduler
<LI><a href="#[eb]">&gt;&gt;</a>&nbsp;&nbsp;&nbsp;vTaskDelay
</UL>

<P><STRONG><a name="[106]"></a>vPortClearInterruptMask</STRONG> (Thumb, 6 bytes, Stack size 0 bytes, port.o(.emb_text))
<BR><BR>[Called By]<UL><LI><a href="#[ee]">&gt;&gt;</a>&nbsp;&nbsp;&nbsp;xPortSysTickHandler
<LI><a href="#[f8]">&gt;&gt;</a>&nbsp;&nbsp;&nbsp;vPortExitCritical
</UL>

<P><STRONG><a name="[11b]"></a>vPortGetIPSR</STRONG> (Thumb, 6 bytes, Stack size 0 bytes, port.o(.emb_text), UNUSED)

<P><STRONG><a name="[2]"></a>Reset_Handler</STRONG> (Thumb, 8 bytes, Stack size 0 bytes, startup_stm32f103xe.o(.text))
<BR>[Address Reference Count : 1]<UL><LI> startup_stm32f103xe.o(RESET)
</UL>
<P><STRONG><a name="[1e]"></a>ADC1_2_IRQHandler</STRONG> (Thumb, 0 bytes, Stack size 0 bytes, startup_stm32f103xe.o(.text))
<BR><BR>[Calls]<UL><LI><a href="#[1e]">&gt;&gt;</a>&nbsp;&nbsp;&nbsp;ADC1_2_IRQHandler
</UL>
<BR>[Called By]<UL><LI><a href="#[1e]">&gt;&gt;</a>&nbsp;&nbsp;&nbsp;ADC1_2_IRQHandler
</UL>
<BR>[Address Reference Count : 1]<UL><LI> startup_stm32f103xe.o(RESET)
</UL>
<P><STRONG><a name="[3b]"></a>ADC3_IRQHandler</STRONG> (Thumb, 0 bytes, Stack size 0 bytes, startup_stm32f103xe.o(.text))
<BR>[Address Reference Count : 1]<UL><LI> startup_stm32f103xe.o(RESET)
</UL>
<P><STRONG><a name="[21]"></a>CAN1_RX1_IRQHandler</STRONG> (Thumb, 0 bytes, Stack size 0 bytes, startup_stm32f103xe.o(.text))
<BR>[Address Reference Count : 1]<UL><LI> startup_stm32f103xe.o(RESET)
</UL>
<P><STRONG><a name="[22]"></a>CAN1_SCE_IRQHandler</STRONG> (Thumb, 0 bytes, Stack size 0 bytes, startup_stm32f103xe.o(.text))
<BR>[Address Reference Count : 1]<UL><LI> startup_stm32f103xe.o(RESET)
</UL>
<P><STRONG><a name="[17]"></a>DMA1_Channel1_IRQHandler</STRONG> (Thumb, 0 bytes, Stack size 0 bytes, startup_stm32f103xe.o(.text))
<BR>[Address Reference Count : 1]<UL><LI> startup_stm32f103xe.o(RESET)
</UL>
<P><STRONG><a name="[18]"></a>DMA1_Channel2_IRQHandler</STRONG> (Thumb, 0 bytes, Stack size 0 bytes, startup_stm32f103xe.o(.text))
<BR>[Address Reference Count : 1]<UL><LI> startup_stm32f103xe.o(RESET)
</UL>
<P><STRONG><a name="[1a]"></a>DMA1_Channel4_IRQHandler</STRONG> (Thumb, 0 bytes, Stack size 0 bytes, startup_stm32f103xe.o(.text))
<BR>[Address Reference Count : 1]<UL><LI> startup_stm32f103xe.o(RESET)
</UL>
<P><STRONG><a name="[1c]"></a>DMA1_Channel6_IRQHandler</STRONG> (Thumb, 0 bytes, Stack size 0 bytes, startup_stm32f103xe.o(.text))
<BR>[Address Reference Count : 1]<UL><LI> startup_stm32f103xe.o(RESET)
</UL>
<P><STRONG><a name="[1d]"></a>DMA1_Channel7_IRQHandler</STRONG> (Thumb, 0 bytes, Stack size 0 bytes, startup_stm32f103xe.o(.text))
<BR>[Address Reference Count : 1]<UL><LI> startup_stm32f103xe.o(RESET)
</UL>
<P><STRONG><a name="[44]"></a>DMA2_Channel1_IRQHandler</STRONG> (Thumb, 0 bytes, Stack size 0 bytes, startup_stm32f103xe.o(.text))
<BR>[Address Reference Count : 1]<UL><LI> startup_stm32f103xe.o(RESET)
</UL>
<P><STRONG><a name="[45]"></a>DMA2_Channel2_IRQHandler</STRONG> (Thumb, 0 bytes, Stack size 0 bytes, startup_stm32f103xe.o(.text))
<BR>[Address Reference Count : 1]<UL><LI> startup_stm32f103xe.o(RESET)
</UL>
<P><STRONG><a name="[46]"></a>DMA2_Channel3_IRQHandler</STRONG> (Thumb, 0 bytes, Stack size 0 bytes, startup_stm32f103xe.o(.text))
<BR>[Address Reference Count : 1]<UL><LI> startup_stm32f103xe.o(RESET)
</UL>
<P><STRONG><a name="[47]"></a>DMA2_Channel4_5_IRQHandler</STRONG> (Thumb, 0 bytes, Stack size 0 bytes, startup_stm32f103xe.o(.text))
<BR>[Address Reference Count : 1]<UL><LI> startup_stm32f103xe.o(RESET)
</UL>
<P><STRONG><a name="[12]"></a>EXTI0_IRQHandler</STRONG> (Thumb, 0 bytes, Stack size 0 bytes, startup_stm32f103xe.o(.text))
<BR>[Address Reference Count : 1]<UL><LI> startup_stm32f103xe.o(RESET)
</UL>
<P><STRONG><a name="[34]"></a>EXTI15_10_IRQHandler</STRONG> (Thumb, 0 bytes, Stack size 0 bytes, startup_stm32f103xe.o(.text))
<BR>[Address Reference Count : 1]<UL><LI> startup_stm32f103xe.o(RESET)
</UL>
<P><STRONG><a name="[13]"></a>EXTI1_IRQHandler</STRONG> (Thumb, 0 bytes, Stack size 0 bytes, startup_stm32f103xe.o(.text))
<BR>[Address Reference Count : 1]<UL><LI> startup_stm32f103xe.o(RESET)
</UL>
<P><STRONG><a name="[14]"></a>EXTI2_IRQHandler</STRONG> (Thumb, 0 bytes, Stack size 0 bytes, startup_stm32f103xe.o(.text))
<BR>[Address Reference Count : 1]<UL><LI> startup_stm32f103xe.o(RESET)
</UL>
<P><STRONG><a name="[15]"></a>EXTI3_IRQHandler</STRONG> (Thumb, 0 bytes, Stack size 0 bytes, startup_stm32f103xe.o(.text))
<BR>[Address Reference Count : 1]<UL><LI> startup_stm32f103xe.o(RESET)
</UL>
<P><STRONG><a name="[16]"></a>EXTI4_IRQHandler</STRONG> (Thumb, 0 bytes, Stack size 0 bytes, startup_stm32f103xe.o(.text))
<BR>[Address Reference Count : 1]<UL><LI> startup_stm32f103xe.o(RESET)
</UL>
<P><STRONG><a name="[23]"></a>EXTI9_5_IRQHandler</STRONG> (Thumb, 0 bytes, Stack size 0 bytes, startup_stm32f103xe.o(.text))
<BR>[Address Reference Count : 1]<UL><LI> startup_stm32f103xe.o(RESET)
</UL>
<P><STRONG><a name="[10]"></a>FLASH_IRQHandler</STRONG> (Thumb, 0 bytes, Stack size 0 bytes, startup_stm32f103xe.o(.text))
<BR>[Address Reference Count : 1]<UL><LI> startup_stm32f103xe.o(RESET)
</UL>
<P><STRONG><a name="[3c]"></a>FSMC_IRQHandler</STRONG> (Thumb, 0 bytes, Stack size 0 bytes, startup_stm32f103xe.o(.text))
<BR>[Address Reference Count : 1]<UL><LI> startup_stm32f103xe.o(RESET)
</UL>
<P><STRONG><a name="[2c]"></a>I2C1_ER_IRQHandler</STRONG> (Thumb, 0 bytes, Stack size 0 bytes, startup_stm32f103xe.o(.text))
<BR>[Address Reference Count : 1]<UL><LI> startup_stm32f103xe.o(RESET)
</UL>
<P><STRONG><a name="[2b]"></a>I2C1_EV_IRQHandler</STRONG> (Thumb, 0 bytes, Stack size 0 bytes, startup_stm32f103xe.o(.text))
<BR>[Address Reference Count : 1]<UL><LI> startup_stm32f103xe.o(RESET)
</UL>
<P><STRONG><a name="[2e]"></a>I2C2_ER_IRQHandler</STRONG> (Thumb, 0 bytes, Stack size 0 bytes, startup_stm32f103xe.o(.text))
<BR>[Address Reference Count : 1]<UL><LI> startup_stm32f103xe.o(RESET)
</UL>
<P><STRONG><a name="[2d]"></a>I2C2_EV_IRQHandler</STRONG> (Thumb, 0 bytes, Stack size 0 bytes, startup_stm32f103xe.o(.text))
<BR>[Address Reference Count : 1]<UL><LI> startup_stm32f103xe.o(RESET)
</UL>
<P><STRONG><a name="[d]"></a>PVD_IRQHandler</STRONG> (Thumb, 0 bytes, Stack size 0 bytes, startup_stm32f103xe.o(.text))
<BR>[Address Reference Count : 1]<UL><LI> startup_stm32f103xe.o(RESET)
</UL>
<P><STRONG><a name="[11]"></a>RCC_IRQHandler</STRONG> (Thumb, 0 bytes, Stack size 0 bytes, startup_stm32f103xe.o(.text))
<BR>[Address Reference Count : 1]<UL><LI> startup_stm32f103xe.o(RESET)
</UL>
<P><STRONG><a name="[35]"></a>RTC_Alarm_IRQHandler</STRONG> (Thumb, 0 bytes, Stack size 0 bytes, startup_stm32f103xe.o(.text))
<BR>[Address Reference Count : 1]<UL><LI> startup_stm32f103xe.o(RESET)
</UL>
<P><STRONG><a name="[f]"></a>RTC_IRQHandler</STRONG> (Thumb, 0 bytes, Stack size 0 bytes, startup_stm32f103xe.o(.text))
<BR>[Address Reference Count : 1]<UL><LI> startup_stm32f103xe.o(RESET)
</UL>
<P><STRONG><a name="[3d]"></a>SDIO_IRQHandler</STRONG> (Thumb, 0 bytes, Stack size 0 bytes, startup_stm32f103xe.o(.text))
<BR>[Address Reference Count : 1]<UL><LI> startup_stm32f103xe.o(RESET)
</UL>
<P><STRONG><a name="[2f]"></a>SPI1_IRQHandler</STRONG> (Thumb, 0 bytes, Stack size 0 bytes, startup_stm32f103xe.o(.text))
<BR>[Address Reference Count : 1]<UL><LI> startup_stm32f103xe.o(RESET)
</UL>
<P><STRONG><a name="[30]"></a>SPI2_IRQHandler</STRONG> (Thumb, 0 bytes, Stack size 0 bytes, startup_stm32f103xe.o(.text))
<BR>[Address Reference Count : 1]<UL><LI> startup_stm32f103xe.o(RESET)
</UL>
<P><STRONG><a name="[3f]"></a>SPI3_IRQHandler</STRONG> (Thumb, 0 bytes, Stack size 0 bytes, startup_stm32f103xe.o(.text))
<BR>[Address Reference Count : 1]<UL><LI> startup_stm32f103xe.o(RESET)
</UL>
<P><STRONG><a name="[e]"></a>TAMPER_IRQHandler</STRONG> (Thumb, 0 bytes, Stack size 0 bytes, startup_stm32f103xe.o(.text))
<BR>[Address Reference Count : 1]<UL><LI> startup_stm32f103xe.o(RESET)
</UL>
<P><STRONG><a name="[24]"></a>TIM1_BRK_IRQHandler</STRONG> (Thumb, 0 bytes, Stack size 0 bytes, startup_stm32f103xe.o(.text))
<BR>[Address Reference Count : 1]<UL><LI> startup_stm32f103xe.o(RESET)
</UL>
<P><STRONG><a name="[27]"></a>TIM1_CC_IRQHandler</STRONG> (Thumb, 0 bytes, Stack size 0 bytes, startup_stm32f103xe.o(.text))
<BR>[Address Reference Count : 1]<UL><LI> startup_stm32f103xe.o(RESET)
</UL>
<P><STRONG><a name="[26]"></a>TIM1_TRG_COM_IRQHandler</STRONG> (Thumb, 0 bytes, Stack size 0 bytes, startup_stm32f103xe.o(.text))
<BR>[Address Reference Count : 1]<UL><LI> startup_stm32f103xe.o(RESET)
</UL>
<P><STRONG><a name="[25]"></a>TIM1_UP_IRQHandler</STRONG> (Thumb, 0 bytes, Stack size 0 bytes, startup_stm32f103xe.o(.text))
<BR>[Address Reference Count : 1]<UL><LI> startup_stm32f103xe.o(RESET)
</UL>
<P><STRONG><a name="[37]"></a>TIM8_BRK_IRQHandler</STRONG> (Thumb, 0 bytes, Stack size 0 bytes, startup_stm32f103xe.o(.text))
<BR>[Address Reference Count : 1]<UL><LI> startup_stm32f103xe.o(RESET)
</UL>
<P><STRONG><a name="[3a]"></a>TIM8_CC_IRQHandler</STRONG> (Thumb, 0 bytes, Stack size 0 bytes, startup_stm32f103xe.o(.text))
<BR>[Address Reference Count : 1]<UL><LI> startup_stm32f103xe.o(RESET)
</UL>
<P><STRONG><a name="[39]"></a>TIM8_TRG_COM_IRQHandler</STRONG> (Thumb, 0 bytes, Stack size 0 bytes, startup_stm32f103xe.o(.text))
<BR>[Address Reference Count : 1]<UL><LI> startup_stm32f103xe.o(RESET)
</UL>
<P><STRONG><a name="[38]"></a>TIM8_UP_IRQHandler</STRONG> (Thumb, 0 bytes, Stack size 0 bytes, startup_stm32f103xe.o(.text))
<BR>[Address Reference Count : 1]<UL><LI> startup_stm32f103xe.o(RESET)
</UL>
<P><STRONG><a name="[40]"></a>UART4_IRQHandler</STRONG> (Thumb, 0 bytes, Stack size 0 bytes, startup_stm32f103xe.o(.text))
<BR>[Address Reference Count : 1]<UL><LI> startup_stm32f103xe.o(RESET)
</UL>
<P><STRONG><a name="[41]"></a>UART5_IRQHandler</STRONG> (Thumb, 0 bytes, Stack size 0 bytes, startup_stm32f103xe.o(.text))
<BR>[Address Reference Count : 1]<UL><LI> startup_stm32f103xe.o(RESET)
</UL>
<P><STRONG><a name="[31]"></a>USART1_IRQHandler</STRONG> (Thumb, 0 bytes, Stack size 0 bytes, startup_stm32f103xe.o(.text))
<BR>[Address Reference Count : 1]<UL><LI> startup_stm32f103xe.o(RESET)
</UL>
<P><STRONG><a name="[32]"></a>USART2_IRQHandler</STRONG> (Thumb, 0 bytes, Stack size 0 bytes, startup_stm32f103xe.o(.text))
<BR>[Address Reference Count : 1]<UL><LI> startup_stm32f103xe.o(RESET)
</UL>
<P><STRONG><a name="[33]"></a>USART3_IRQHandler</STRONG> (Thumb, 0 bytes, Stack size 0 bytes, startup_stm32f103xe.o(.text))
<BR>[Address Reference Count : 1]<UL><LI> startup_stm32f103xe.o(RESET)
</UL>
<P><STRONG><a name="[36]"></a>USBWakeUp_IRQHandler</STRONG> (Thumb, 0 bytes, Stack size 0 bytes, startup_stm32f103xe.o(.text))
<BR>[Address Reference Count : 1]<UL><LI> startup_stm32f103xe.o(RESET)
</UL>
<P><STRONG><a name="[1f]"></a>USB_HP_CAN1_TX_IRQHandler</STRONG> (Thumb, 0 bytes, Stack size 0 bytes, startup_stm32f103xe.o(.text))
<BR>[Address Reference Count : 1]<UL><LI> startup_stm32f103xe.o(RESET)
</UL>
<P><STRONG><a name="[20]"></a>USB_LP_CAN1_RX0_IRQHandler</STRONG> (Thumb, 0 bytes, Stack size 0 bytes, startup_stm32f103xe.o(.text))
<BR>[Address Reference Count : 1]<UL><LI> startup_stm32f103xe.o(RESET)
</UL>
<P><STRONG><a name="[c]"></a>WWDG_IRQHandler</STRONG> (Thumb, 0 bytes, Stack size 0 bytes, startup_stm32f103xe.o(.text))
<BR>[Address Reference Count : 1]<UL><LI> startup_stm32f103xe.o(RESET)
</UL>
<P><STRONG><a name="[fb]"></a>__aeabi_memcpy</STRONG> (Thumb, 36 bytes, Stack size 0 bytes, memcpya.o(.text))
<BR><BR>[Called By]<UL><LI><a href="#[fc]">&gt;&gt;</a>&nbsp;&nbsp;&nbsp;prvCopyDataToQueue
<LI><a href="#[fa]">&gt;&gt;</a>&nbsp;&nbsp;&nbsp;prvCopyDataFromQueue
</UL>

<P><STRONG><a name="[af]"></a>__aeabi_memcpy4</STRONG> (Thumb, 0 bytes, Stack size 0 bytes, memcpya.o(.text))
<BR><BR>[Called By]<UL><LI><a href="#[ae]">&gt;&gt;</a>&nbsp;&nbsp;&nbsp;MX_FREERTOS_Init
</UL>

<P><STRONG><a name="[11c]"></a>__aeabi_memcpy8</STRONG> (Thumb, 0 bytes, Stack size 0 bytes, memcpya.o(.text), UNUSED)

<P><STRONG><a name="[55]"></a>__aeabi_memset</STRONG> (Thumb, 14 bytes, Stack size 0 bytes, memseta.o(.text))
<BR><BR>[Called By]<UL><LI><a href="#[f0]">&gt;&gt;</a>&nbsp;&nbsp;&nbsp;xTaskGenericCreate
<LI><a href="#[56]">&gt;&gt;</a>&nbsp;&nbsp;&nbsp;_memset$wrapper
<LI><a href="#[54]">&gt;&gt;</a>&nbsp;&nbsp;&nbsp;__aeabi_memclr
</UL>

<P><STRONG><a name="[11d]"></a>__aeabi_memset4</STRONG> (Thumb, 0 bytes, Stack size 0 bytes, memseta.o(.text), UNUSED)

<P><STRONG><a name="[11e]"></a>__aeabi_memset8</STRONG> (Thumb, 0 bytes, Stack size 0 bytes, memseta.o(.text), UNUSED)

<P><STRONG><a name="[54]"></a>__aeabi_memclr</STRONG> (Thumb, 4 bytes, Stack size 0 bytes, memseta.o(.text), UNUSED)
<BR><BR>[Calls]<UL><LI><a href="#[55]">&gt;&gt;</a>&nbsp;&nbsp;&nbsp;__aeabi_memset
</UL>

<P><STRONG><a name="[11f]"></a>__aeabi_memclr4</STRONG> (Thumb, 0 bytes, Stack size 0 bytes, memseta.o(.text), UNUSED)

<P><STRONG><a name="[120]"></a>__aeabi_memclr8</STRONG> (Thumb, 0 bytes, Stack size 0 bytes, memseta.o(.text), UNUSED)

<P><STRONG><a name="[56]"></a>_memset$wrapper</STRONG> (Thumb, 18 bytes, Stack size 8 bytes, memseta.o(.text), UNUSED)
<BR><BR>[Calls]<UL><LI><a href="#[55]">&gt;&gt;</a>&nbsp;&nbsp;&nbsp;__aeabi_memset
</UL>

<P><STRONG><a name="[de]"></a>strlen</STRONG> (Thumb, 14 bytes, Stack size 0 bytes, strlen.o(.text))
<BR><BR>[Called By]<UL><LI><a href="#[67]">&gt;&gt;</a>&nbsp;&nbsp;&nbsp;USART_SendData
</UL>

<P><STRONG><a name="[d3]"></a>__aeabi_fmul</STRONG> (Thumb, 100 bytes, Stack size 8 bytes, fmul.o(.text))
<BR><BR>[Stack]<UL><LI>Max Depth = 8<LI>Call Chain = __aeabi_fmul
</UL>
<BR>[Called By]<UL><LI><a href="#[ce]">&gt;&gt;</a>&nbsp;&nbsp;&nbsp;Stepper_Draw_Point
</UL>

<P><STRONG><a name="[57]"></a>__aeabi_fdiv</STRONG> (Thumb, 124 bytes, Stack size 8 bytes, fdiv.o(.text))
<BR><BR>[Stack]<UL><LI>Max Depth = 8<LI>Call Chain = __aeabi_fdiv
</UL>
<BR>[Calls]<UL><LI><a href="#[58]">&gt;&gt;</a>&nbsp;&nbsp;&nbsp;_float_round
</UL>
<BR>[Called By]<UL><LI><a href="#[ce]">&gt;&gt;</a>&nbsp;&nbsp;&nbsp;Stepper_Draw_Point
</UL>

<P><STRONG><a name="[d2]"></a>__ARM_scalbnf</STRONG> (Thumb, 24 bytes, Stack size 0 bytes, fscalb.o(.text))
<BR><BR>[Called By]<UL><LI><a href="#[ce]">&gt;&gt;</a>&nbsp;&nbsp;&nbsp;Stepper_Draw_Point
</UL>

<P><STRONG><a name="[121]"></a>scalbnf</STRONG> (Thumb, 0 bytes, Stack size 0 bytes, fscalb.o(.text), UNUSED)

<P><STRONG><a name="[59]"></a>__aeabi_ui2f</STRONG> (Thumb, 10 bytes, Stack size 0 bytes, ffltui.o(.text))
<BR><BR>[Stack]<UL><LI>Max Depth = 4<LI>Call Chain = __aeabi_ui2f &rArr; _float_epilogue
</UL>
<BR>[Calls]<UL><LI><a href="#[5a]">&gt;&gt;</a>&nbsp;&nbsp;&nbsp;_float_epilogue
</UL>
<BR>[Called By]<UL><LI><a href="#[ce]">&gt;&gt;</a>&nbsp;&nbsp;&nbsp;Stepper_Draw_Point
</UL>

<P><STRONG><a name="[d4]"></a>__aeabi_f2uiz</STRONG> (Thumb, 40 bytes, Stack size 0 bytes, ffixui.o(.text))
<BR><BR>[Called By]<UL><LI><a href="#[ce]">&gt;&gt;</a>&nbsp;&nbsp;&nbsp;Stepper_Draw_Point
</UL>

<P><STRONG><a name="[122]"></a>__I$use$fp</STRONG> (Thumb, 0 bytes, Stack size 0 bytes, iusefp.o(.text), UNUSED)

<P><STRONG><a name="[58]"></a>_float_round</STRONG> (Thumb, 18 bytes, Stack size 0 bytes, fepilogue.o(.text))
<BR><BR>[Called By]<UL><LI><a href="#[57]">&gt;&gt;</a>&nbsp;&nbsp;&nbsp;__aeabi_fdiv
</UL>

<P><STRONG><a name="[5a]"></a>_float_epilogue</STRONG> (Thumb, 92 bytes, Stack size 4 bytes, fepilogue.o(.text))
<BR><BR>[Stack]<UL><LI>Max Depth = 4<LI>Call Chain = _float_epilogue
</UL>
<BR>[Called By]<UL><LI><a href="#[59]">&gt;&gt;</a>&nbsp;&nbsp;&nbsp;__aeabi_ui2f
</UL>

<P><STRONG><a name="[52]"></a>__scatterload</STRONG> (Thumb, 28 bytes, Stack size 0 bytes, init.o(.text))
<BR><BR>[Calls]<UL><LI><a href="#[5b]">&gt;&gt;</a>&nbsp;&nbsp;&nbsp;__main_after_scatterload
</UL>
<BR>[Called By]<UL><LI><a href="#[51]">&gt;&gt;</a>&nbsp;&nbsp;&nbsp;_main_scatterload
</UL>

<P><STRONG><a name="[123]"></a>__scatterload_rt2</STRONG> (Thumb, 0 bytes, Stack size 0 bytes, init.o(.text), UNUSED)

<P><STRONG><a name="[124]"></a>__decompress</STRONG> (Thumb, 0 bytes, Stack size unknown bytes, __dczerorl2.o(.text), UNUSED)

<P><STRONG><a name="[125]"></a>__decompress1</STRONG> (Thumb, 86 bytes, Stack size unknown bytes, __dczerorl2.o(.text), UNUSED)

<P><STRONG><a name="[5c]"></a>AT24CXX_Check</STRONG> (Thumb, 38 bytes, Stack size 8 bytes, bsp_24c02.o(i.AT24CXX_Check))
<BR><BR>[Stack]<UL><LI>Max Depth = 76<LI>Call Chain = AT24CXX_Check &rArr; AT24CXX_ReadOneByte &rArr; IIC_Read_Byte &rArr; IIC_NAck &rArr; bsp_DelayUS
</UL>
<BR>[Calls]<UL><LI><a href="#[5e]">&gt;&gt;</a>&nbsp;&nbsp;&nbsp;AT24CXX_WriteOneByte
<LI><a href="#[5d]">&gt;&gt;</a>&nbsp;&nbsp;&nbsp;AT24CXX_ReadOneByte
</UL>
<BR>[Called By]<UL><LI><a href="#[e2]">&gt;&gt;</a>&nbsp;&nbsp;&nbsp;bsp_Check
</UL>

<P><STRONG><a name="[5d]"></a>AT24CXX_ReadOneByte</STRONG> (Thumb, 66 bytes, Stack size 8 bytes, bsp_24c02.o(i.AT24CXX_ReadOneByte))
<BR><BR>[Stack]<UL><LI>Max Depth = 68<LI>Call Chain = AT24CXX_ReadOneByte &rArr; IIC_Read_Byte &rArr; IIC_NAck &rArr; bsp_DelayUS
</UL>
<BR>[Calls]<UL><LI><a href="#[61]">&gt;&gt;</a>&nbsp;&nbsp;&nbsp;IIC_Wait_Ack
<LI><a href="#[63]">&gt;&gt;</a>&nbsp;&nbsp;&nbsp;IIC_Stop
<LI><a href="#[5f]">&gt;&gt;</a>&nbsp;&nbsp;&nbsp;IIC_Start
<LI><a href="#[60]">&gt;&gt;</a>&nbsp;&nbsp;&nbsp;IIC_Send_Byte
<LI><a href="#[62]">&gt;&gt;</a>&nbsp;&nbsp;&nbsp;IIC_Read_Byte
</UL>
<BR>[Called By]<UL><LI><a href="#[cc]">&gt;&gt;</a>&nbsp;&nbsp;&nbsp;Stepper_Read_eeprom_pos
<LI><a href="#[5c]">&gt;&gt;</a>&nbsp;&nbsp;&nbsp;AT24CXX_Check
</UL>

<P><STRONG><a name="[5e]"></a>AT24CXX_WriteOneByte</STRONG> (Thumb, 62 bytes, Stack size 16 bytes, bsp_24c02.o(i.AT24CXX_WriteOneByte))
<BR><BR>[Stack]<UL><LI>Max Depth = 52<LI>Call Chain = AT24CXX_WriteOneByte &rArr; IIC_Wait_Ack &rArr; IIC_Stop &rArr; bsp_DelayUS
</UL>
<BR>[Calls]<UL><LI><a href="#[64]">&gt;&gt;</a>&nbsp;&nbsp;&nbsp;HAL_Delay
<LI><a href="#[61]">&gt;&gt;</a>&nbsp;&nbsp;&nbsp;IIC_Wait_Ack
<LI><a href="#[63]">&gt;&gt;</a>&nbsp;&nbsp;&nbsp;IIC_Stop
<LI><a href="#[5f]">&gt;&gt;</a>&nbsp;&nbsp;&nbsp;IIC_Start
<LI><a href="#[60]">&gt;&gt;</a>&nbsp;&nbsp;&nbsp;IIC_Send_Byte
</UL>
<BR>[Called By]<UL><LI><a href="#[cf]">&gt;&gt;</a>&nbsp;&nbsp;&nbsp;Stepper_Save_pos
<LI><a href="#[5c]">&gt;&gt;</a>&nbsp;&nbsp;&nbsp;AT24CXX_Check
</UL>

<P><STRONG><a name="[65]"></a>AppObjCreate</STRONG> (Thumb, 28 bytes, Stack size 8 bytes, freertos.o(i.AppObjCreate))
<BR><BR>[Stack]<UL><LI>Max Depth = 320<LI>Call Chain = AppObjCreate &rArr; USART_SendData &rArr; xQueueGenericSend &rArr; xTaskResumeAll &rArr; xTaskIncrementTick
</UL>
<BR>[Calls]<UL><LI><a href="#[66]">&gt;&gt;</a>&nbsp;&nbsp;&nbsp;xQueueCreateMutex
<LI><a href="#[67]">&gt;&gt;</a>&nbsp;&nbsp;&nbsp;USART_SendData
</UL>
<BR>[Called By]<UL><LI><a href="#[50]">&gt;&gt;</a>&nbsp;&nbsp;&nbsp;StepperTask02
<LI><a href="#[4f]">&gt;&gt;</a>&nbsp;&nbsp;&nbsp;NRFTask
</UL>

<P><STRONG><a name="[6]"></a>BusFault_Handler</STRONG> (Thumb, 2 bytes, Stack size 0 bytes, stm32f1xx_it.o(i.BusFault_Handler))
<BR><BR>[Calls]<UL><LI><a href="#[6]">&gt;&gt;</a>&nbsp;&nbsp;&nbsp;BusFault_Handler
</UL>
<BR>[Called By]<UL><LI><a href="#[6]">&gt;&gt;</a>&nbsp;&nbsp;&nbsp;BusFault_Handler
</UL>
<BR>[Address Reference Count : 1]<UL><LI> startup_stm32f103xe.o(RESET)
</UL>
<P><STRONG><a name="[19]"></a>DMA1_Channel3_IRQHandler</STRONG> (Thumb, 16 bytes, Stack size 8 bytes, stm32f1xx_it.o(i.DMA1_Channel3_IRQHandler))
<BR><BR>[Stack]<UL><LI>Max Depth = 48<LI>Call Chain = DMA1_Channel3_IRQHandler &rArr; HAL_DMA_IRQHandler
</UL>
<BR>[Calls]<UL><LI><a href="#[68]">&gt;&gt;</a>&nbsp;&nbsp;&nbsp;HAL_DMA_IRQHandler
</UL>
<BR>[Address Reference Count : 1]<UL><LI> startup_stm32f103xe.o(RESET)
</UL>
<P><STRONG><a name="[1b]"></a>DMA1_Channel5_IRQHandler</STRONG> (Thumb, 18 bytes, Stack size 8 bytes, stm32f1xx_it.o(i.DMA1_Channel5_IRQHandler))
<BR><BR>[Stack]<UL><LI>Max Depth = 48<LI>Call Chain = DMA1_Channel5_IRQHandler &rArr; HAL_DMA_IRQHandler
</UL>
<BR>[Calls]<UL><LI><a href="#[69]">&gt;&gt;</a>&nbsp;&nbsp;&nbsp;HAL_TIM_Base_Start_IT
<LI><a href="#[68]">&gt;&gt;</a>&nbsp;&nbsp;&nbsp;HAL_DMA_IRQHandler
</UL>
<BR>[Address Reference Count : 1]<UL><LI> startup_stm32f103xe.o(RESET)
</UL>
<P><STRONG><a name="[9]"></a>DebugMon_Handler</STRONG> (Thumb, 2 bytes, Stack size 0 bytes, stm32f1xx_it.o(i.DebugMon_Handler))
<BR>[Address Reference Count : 1]<UL><LI> startup_stm32f103xe.o(RESET)
</UL>
<P><STRONG><a name="[6a]"></a>Error_Handler</STRONG> (Thumb, 2 bytes, Stack size 0 bytes, main.o(i.Error_Handler))
<BR><BR>[Calls]<UL><LI><a href="#[6a]">&gt;&gt;</a>&nbsp;&nbsp;&nbsp;Error_Handler
</UL>
<BR>[Called By]<UL><LI><a href="#[bb]">&gt;&gt;</a>&nbsp;&nbsp;&nbsp;MX_USART1_UART_Init
<LI><a href="#[6a]">&gt;&gt;</a>&nbsp;&nbsp;&nbsp;Error_Handler
<LI><a href="#[ac]">&gt;&gt;</a>&nbsp;&nbsp;&nbsp;MX_CRC_Init
<LI><a href="#[d5]">&gt;&gt;</a>&nbsp;&nbsp;&nbsp;TIM7_Rebuild
<LI><a href="#[9c]">&gt;&gt;</a>&nbsp;&nbsp;&nbsp;HAL_TIM_OC_MspInit
<LI><a href="#[ba]">&gt;&gt;</a>&nbsp;&nbsp;&nbsp;MX_TIM7_Init
<LI><a href="#[b9]">&gt;&gt;</a>&nbsp;&nbsp;&nbsp;MX_TIM6_Init
<LI><a href="#[b8]">&gt;&gt;</a>&nbsp;&nbsp;&nbsp;MX_TIM5_Init
<LI><a href="#[b7]">&gt;&gt;</a>&nbsp;&nbsp;&nbsp;MX_TIM4_Init
<LI><a href="#[b6]">&gt;&gt;</a>&nbsp;&nbsp;&nbsp;MX_TIM3_Init
<LI><a href="#[b4]">&gt;&gt;</a>&nbsp;&nbsp;&nbsp;MX_TIM2_Init
<LI><a href="#[b3]">&gt;&gt;</a>&nbsp;&nbsp;&nbsp;MX_SPI2_Init
</UL>

<P><STRONG><a name="[6b]"></a>HAL_CRC_Init</STRONG> (Thumb, 34 bytes, Stack size 8 bytes, stm32f1xx_hal_crc.o(i.HAL_CRC_Init))
<BR><BR>[Stack]<UL><LI>Max Depth = 16<LI>Call Chain = HAL_CRC_Init &rArr; HAL_CRC_MspInit
</UL>
<BR>[Calls]<UL><LI><a href="#[6c]">&gt;&gt;</a>&nbsp;&nbsp;&nbsp;HAL_CRC_MspInit
</UL>
<BR>[Called By]<UL><LI><a href="#[ac]">&gt;&gt;</a>&nbsp;&nbsp;&nbsp;MX_CRC_Init
</UL>

<P><STRONG><a name="[6c]"></a>HAL_CRC_MspInit</STRONG> (Thumb, 30 bytes, Stack size 8 bytes, crc.o(i.HAL_CRC_MspInit))
<BR><BR>[Stack]<UL><LI>Max Depth = 8<LI>Call Chain = HAL_CRC_MspInit
</UL>
<BR>[Called By]<UL><LI><a href="#[6b]">&gt;&gt;</a>&nbsp;&nbsp;&nbsp;HAL_CRC_Init
</UL>

<P><STRONG><a name="[68]"></a>HAL_DMA_IRQHandler</STRONG> (Thumb, 1198 bytes, Stack size 40 bytes, stm32f1xx_hal_dma.o(i.HAL_DMA_IRQHandler))
<BR><BR>[Stack]<UL><LI>Max Depth = 40<LI>Call Chain = HAL_DMA_IRQHandler
</UL>
<BR>[Called By]<UL><LI><a href="#[1b]">&gt;&gt;</a>&nbsp;&nbsp;&nbsp;DMA1_Channel5_IRQHandler
<LI><a href="#[19]">&gt;&gt;</a>&nbsp;&nbsp;&nbsp;DMA1_Channel3_IRQHandler
</UL>

<P><STRONG><a name="[9d]"></a>HAL_DMA_Init</STRONG> (Thumb, 80 bytes, Stack size 16 bytes, stm32f1xx_hal_dma.o(i.HAL_DMA_Init))
<BR><BR>[Stack]<UL><LI>Max Depth = 16<LI>Call Chain = HAL_DMA_Init
</UL>
<BR>[Called By]<UL><LI><a href="#[9c]">&gt;&gt;</a>&nbsp;&nbsp;&nbsp;HAL_TIM_OC_MspInit
</UL>

<P><STRONG><a name="[6d]"></a>HAL_DMA_Start</STRONG> (Thumb, 58 bytes, Stack size 16 bytes, stm32f1xx_hal_dma.o(i.HAL_DMA_Start))
<BR><BR>[Stack]<UL><LI>Max Depth = 24<LI>Call Chain = HAL_DMA_Start &rArr; DMA_SetConfig
</UL>
<BR>[Calls]<UL><LI><a href="#[6e]">&gt;&gt;</a>&nbsp;&nbsp;&nbsp;DMA_SetConfig
</UL>
<BR>[Called By]<UL><LI><a href="#[ce]">&gt;&gt;</a>&nbsp;&nbsp;&nbsp;Stepper_Draw_Point
<LI><a href="#[91]">&gt;&gt;</a>&nbsp;&nbsp;&nbsp;HAL_TIM_PeriodElapsedCallback
</UL>

<P><STRONG><a name="[6f]"></a>HAL_DMA_Start_IT</STRONG> (Thumb, 88 bytes, Stack size 16 bytes, stm32f1xx_hal_dma.o(i.HAL_DMA_Start_IT))
<BR><BR>[Stack]<UL><LI>Max Depth = 24<LI>Call Chain = HAL_DMA_Start_IT &rArr; DMA_SetConfig
</UL>
<BR>[Calls]<UL><LI><a href="#[6e]">&gt;&gt;</a>&nbsp;&nbsp;&nbsp;DMA_SetConfig
</UL>
<BR>[Called By]<UL><LI><a href="#[ce]">&gt;&gt;</a>&nbsp;&nbsp;&nbsp;Stepper_Draw_Point
<LI><a href="#[91]">&gt;&gt;</a>&nbsp;&nbsp;&nbsp;HAL_TIM_PeriodElapsedCallback
</UL>

<P><STRONG><a name="[64]"></a>HAL_Delay</STRONG> (Thumb, 22 bytes, Stack size 16 bytes, stm32f1xx_hal.o(i.HAL_Delay))
<BR><BR>[Stack]<UL><LI>Max Depth = 16<LI>Call Chain = HAL_Delay
</UL>
<BR>[Calls]<UL><LI><a href="#[70]">&gt;&gt;</a>&nbsp;&nbsp;&nbsp;HAL_GetTick
</UL>
<BR>[Called By]<UL><LI><a href="#[4f]">&gt;&gt;</a>&nbsp;&nbsp;&nbsp;NRFTask
<LI><a href="#[e3]">&gt;&gt;</a>&nbsp;&nbsp;&nbsp;bsp_Init
<LI><a href="#[e2]">&gt;&gt;</a>&nbsp;&nbsp;&nbsp;bsp_Check
<LI><a href="#[7b]">&gt;&gt;</a>&nbsp;&nbsp;&nbsp;HAL_RCC_OscConfig
<LI><a href="#[5e]">&gt;&gt;</a>&nbsp;&nbsp;&nbsp;AT24CXX_WriteOneByte
<LI><a href="#[bf]">&gt;&gt;</a>&nbsp;&nbsp;&nbsp;NRF24L01_Connect_Check
</UL>

<P><STRONG><a name="[7e]"></a>HAL_GPIO_Init</STRONG> (Thumb, 446 bytes, Stack size 40 bytes, stm32f1xx_hal_gpio.o(i.HAL_GPIO_Init))
<BR><BR>[Stack]<UL><LI>Max Depth = 40<LI>Call Chain = HAL_GPIO_Init
</UL>
<BR>[Called By]<UL><LI><a href="#[a5]">&gt;&gt;</a>&nbsp;&nbsp;&nbsp;HAL_UART_MspInit
<LI><a href="#[b1]">&gt;&gt;</a>&nbsp;&nbsp;&nbsp;MX_GPIO_Init
<LI><a href="#[7d]">&gt;&gt;</a>&nbsp;&nbsp;&nbsp;HAL_SPI_MspInit
<LI><a href="#[95]">&gt;&gt;</a>&nbsp;&nbsp;&nbsp;HAL_TIM_MspPostInit
</UL>

<P><STRONG><a name="[c8]"></a>HAL_GPIO_ReadPin</STRONG> (Thumb, 10 bytes, Stack size 0 bytes, stm32f1xx_hal_gpio.o(i.HAL_GPIO_ReadPin))
<BR><BR>[Called By]<UL><LI><a href="#[c5]">&gt;&gt;</a>&nbsp;&nbsp;&nbsp;NRF24L01_TxPacket
</UL>

<P><STRONG><a name="[c3]"></a>HAL_GPIO_TogglePin</STRONG> (Thumb, 8 bytes, Stack size 0 bytes, stm32f1xx_hal_gpio.o(i.HAL_GPIO_TogglePin))
<BR><BR>[Called By]<UL><LI><a href="#[e2]">&gt;&gt;</a>&nbsp;&nbsp;&nbsp;bsp_Check
<LI><a href="#[bf]">&gt;&gt;</a>&nbsp;&nbsp;&nbsp;NRF24L01_Connect_Check
</UL>

<P><STRONG><a name="[b2]"></a>HAL_GPIO_WritePin</STRONG> (Thumb, 10 bytes, Stack size 0 bytes, stm32f1xx_hal_gpio.o(i.HAL_GPIO_WritePin))
<BR><BR>[Called By]<UL><LI><a href="#[b1]">&gt;&gt;</a>&nbsp;&nbsp;&nbsp;MX_GPIO_Init
<LI><a href="#[c4]">&gt;&gt;</a>&nbsp;&nbsp;&nbsp;TX_Mode
<LI><a href="#[c0]">&gt;&gt;</a>&nbsp;&nbsp;&nbsp;RX_Mode
<LI><a href="#[c5]">&gt;&gt;</a>&nbsp;&nbsp;&nbsp;NRF24L01_TxPacket
<LI><a href="#[c7]">&gt;&gt;</a>&nbsp;&nbsp;&nbsp;NRF24L01_Write_Reg
<LI><a href="#[bd]">&gt;&gt;</a>&nbsp;&nbsp;&nbsp;NRF24L01_Write_Buf
<LI><a href="#[c6]">&gt;&gt;</a>&nbsp;&nbsp;&nbsp;NRF24L01_Read_Reg
<LI><a href="#[be]">&gt;&gt;</a>&nbsp;&nbsp;&nbsp;NRF24L01_Read_Buf
<LI><a href="#[e5]">&gt;&gt;</a>&nbsp;&nbsp;&nbsp;bsp_nrf_init
</UL>

<P><STRONG><a name="[70]"></a>HAL_GetTick</STRONG> (Thumb, 6 bytes, Stack size 0 bytes, stm32f1xx_hal.o(i.HAL_GetTick))
<BR><BR>[Called By]<UL><LI><a href="#[a8]">&gt;&gt;</a>&nbsp;&nbsp;&nbsp;UART_WaitOnFlagUntilTimeout
<LI><a href="#[81]">&gt;&gt;</a>&nbsp;&nbsp;&nbsp;SPI_WaitOnFlagUntilTimeout
<LI><a href="#[64]">&gt;&gt;</a>&nbsp;&nbsp;&nbsp;HAL_Delay
<LI><a href="#[7b]">&gt;&gt;</a>&nbsp;&nbsp;&nbsp;HAL_RCC_OscConfig
<LI><a href="#[79]">&gt;&gt;</a>&nbsp;&nbsp;&nbsp;HAL_RCC_ClockConfig
</UL>

<P><STRONG><a name="[d6]"></a>HAL_IncTick</STRONG> (Thumb, 10 bytes, Stack size 0 bytes, stm32f1xx_hal.o(i.HAL_IncTick))
<BR><BR>[Called By]<UL><LI><a href="#[b]">&gt;&gt;</a>&nbsp;&nbsp;&nbsp;SysTick_Handler
</UL>

<P><STRONG><a name="[71]"></a>HAL_Init</STRONG> (Thumb, 32 bytes, Stack size 8 bytes, stm32f1xx_hal.o(i.HAL_Init))
<BR><BR>[Stack]<UL><LI>Max Depth = 32<LI>Call Chain = HAL_Init &rArr; HAL_MspInit &rArr; HAL_NVIC_SetPriority
</UL>
<BR>[Calls]<UL><LI><a href="#[72]">&gt;&gt;</a>&nbsp;&nbsp;&nbsp;HAL_NVIC_SetPriorityGrouping
<LI><a href="#[74]">&gt;&gt;</a>&nbsp;&nbsp;&nbsp;HAL_MspInit
<LI><a href="#[73]">&gt;&gt;</a>&nbsp;&nbsp;&nbsp;HAL_InitTick
</UL>
<BR>[Called By]<UL><LI><a href="#[48]">&gt;&gt;</a>&nbsp;&nbsp;&nbsp;main
</UL>

<P><STRONG><a name="[73]"></a>HAL_InitTick</STRONG> (Thumb, 34 bytes, Stack size 8 bytes, stm32f1xx_hal.o(i.HAL_InitTick))
<BR><BR>[Stack]<UL><LI>Max Depth = 24<LI>Call Chain = HAL_InitTick &rArr; HAL_NVIC_SetPriority
</UL>
<BR>[Calls]<UL><LI><a href="#[77]">&gt;&gt;</a>&nbsp;&nbsp;&nbsp;HAL_NVIC_SetPriority
<LI><a href="#[76]">&gt;&gt;</a>&nbsp;&nbsp;&nbsp;HAL_SYSTICK_Config
<LI><a href="#[75]">&gt;&gt;</a>&nbsp;&nbsp;&nbsp;HAL_RCC_GetHCLKFreq
</UL>
<BR>[Called By]<UL><LI><a href="#[79]">&gt;&gt;</a>&nbsp;&nbsp;&nbsp;HAL_RCC_ClockConfig
<LI><a href="#[71]">&gt;&gt;</a>&nbsp;&nbsp;&nbsp;HAL_Init
</UL>

<P><STRONG><a name="[74]"></a>HAL_MspInit</STRONG> (Thumb, 118 bytes, Stack size 8 bytes, stm32f1xx_hal_msp.o(i.HAL_MspInit))
<BR><BR>[Stack]<UL><LI>Max Depth = 24<LI>Call Chain = HAL_MspInit &rArr; HAL_NVIC_SetPriority
</UL>
<BR>[Calls]<UL><LI><a href="#[72]">&gt;&gt;</a>&nbsp;&nbsp;&nbsp;HAL_NVIC_SetPriorityGrouping
<LI><a href="#[77]">&gt;&gt;</a>&nbsp;&nbsp;&nbsp;HAL_NVIC_SetPriority
</UL>
<BR>[Called By]<UL><LI><a href="#[71]">&gt;&gt;</a>&nbsp;&nbsp;&nbsp;HAL_Init
</UL>

<P><STRONG><a name="[87]"></a>HAL_NVIC_EnableIRQ</STRONG> (Thumb, 22 bytes, Stack size 0 bytes, stm32f1xx_hal_cortex.o(i.HAL_NVIC_EnableIRQ))
<BR><BR>[Called By]<UL><LI><a href="#[a0]">&gt;&gt;</a>&nbsp;&nbsp;&nbsp;HAL_TIM_PWM_MspInit
<LI><a href="#[9c]">&gt;&gt;</a>&nbsp;&nbsp;&nbsp;HAL_TIM_OC_MspInit
<LI><a href="#[85]">&gt;&gt;</a>&nbsp;&nbsp;&nbsp;HAL_TIM_Base_MspInit
<LI><a href="#[ad]">&gt;&gt;</a>&nbsp;&nbsp;&nbsp;MX_DMA_Init
</UL>

<P><STRONG><a name="[77]"></a>HAL_NVIC_SetPriority</STRONG> (Thumb, 60 bytes, Stack size 16 bytes, stm32f1xx_hal_cortex.o(i.HAL_NVIC_SetPriority))
<BR><BR>[Stack]<UL><LI>Max Depth = 16<LI>Call Chain = HAL_NVIC_SetPriority
</UL>
<BR>[Calls]<UL><LI><a href="#[78]">&gt;&gt;</a>&nbsp;&nbsp;&nbsp;NVIC_SetPriority
</UL>
<BR>[Called By]<UL><LI><a href="#[74]">&gt;&gt;</a>&nbsp;&nbsp;&nbsp;HAL_MspInit
<LI><a href="#[a0]">&gt;&gt;</a>&nbsp;&nbsp;&nbsp;HAL_TIM_PWM_MspInit
<LI><a href="#[9c]">&gt;&gt;</a>&nbsp;&nbsp;&nbsp;HAL_TIM_OC_MspInit
<LI><a href="#[85]">&gt;&gt;</a>&nbsp;&nbsp;&nbsp;HAL_TIM_Base_MspInit
<LI><a href="#[ad]">&gt;&gt;</a>&nbsp;&nbsp;&nbsp;MX_DMA_Init
<LI><a href="#[d8]">&gt;&gt;</a>&nbsp;&nbsp;&nbsp;SystemClock_Config
<LI><a href="#[73]">&gt;&gt;</a>&nbsp;&nbsp;&nbsp;HAL_InitTick
</UL>

<P><STRONG><a name="[72]"></a>HAL_NVIC_SetPriorityGrouping</STRONG> (Thumb, 26 bytes, Stack size 0 bytes, stm32f1xx_hal_cortex.o(i.HAL_NVIC_SetPriorityGrouping))
<BR><BR>[Called By]<UL><LI><a href="#[74]">&gt;&gt;</a>&nbsp;&nbsp;&nbsp;HAL_MspInit
<LI><a href="#[71]">&gt;&gt;</a>&nbsp;&nbsp;&nbsp;HAL_Init
</UL>

<P><STRONG><a name="[79]"></a>HAL_RCC_ClockConfig</STRONG> (Thumb, 374 bytes, Stack size 32 bytes, stm32f1xx_hal_rcc.o(i.HAL_RCC_ClockConfig))
<BR><BR>[Stack]<UL><LI>Max Depth = 60<LI>Call Chain = HAL_RCC_ClockConfig &rArr; HAL_RCC_GetSysClockFreq
</UL>
<BR>[Calls]<UL><LI><a href="#[70]">&gt;&gt;</a>&nbsp;&nbsp;&nbsp;HAL_GetTick
<LI><a href="#[73]">&gt;&gt;</a>&nbsp;&nbsp;&nbsp;HAL_InitTick
<LI><a href="#[7a]">&gt;&gt;</a>&nbsp;&nbsp;&nbsp;HAL_RCC_GetSysClockFreq
</UL>
<BR>[Called By]<UL><LI><a href="#[d8]">&gt;&gt;</a>&nbsp;&nbsp;&nbsp;SystemClock_Config
</UL>

<P><STRONG><a name="[75]"></a>HAL_RCC_GetHCLKFreq</STRONG> (Thumb, 6 bytes, Stack size 0 bytes, stm32f1xx_hal_rcc.o(i.HAL_RCC_GetHCLKFreq))
<BR><BR>[Called By]<UL><LI><a href="#[d8]">&gt;&gt;</a>&nbsp;&nbsp;&nbsp;SystemClock_Config
<LI><a href="#[73]">&gt;&gt;</a>&nbsp;&nbsp;&nbsp;HAL_InitTick
</UL>

<P><STRONG><a name="[db]"></a>HAL_RCC_GetPCLK1Freq</STRONG> (Thumb, 34 bytes, Stack size 0 bytes, stm32f1xx_hal_rcc.o(i.HAL_RCC_GetPCLK1Freq))
<BR><BR>[Called By]<UL><LI><a href="#[a6]">&gt;&gt;</a>&nbsp;&nbsp;&nbsp;UART_SetConfig
</UL>

<P><STRONG><a name="[da]"></a>HAL_RCC_GetPCLK2Freq</STRONG> (Thumb, 34 bytes, Stack size 0 bytes, stm32f1xx_hal_rcc.o(i.HAL_RCC_GetPCLK2Freq))
<BR><BR>[Called By]<UL><LI><a href="#[a6]">&gt;&gt;</a>&nbsp;&nbsp;&nbsp;UART_SetConfig
</UL>

<P><STRONG><a name="[7a]"></a>HAL_RCC_GetSysClockFreq</STRONG> (Thumb, 102 bytes, Stack size 28 bytes, stm32f1xx_hal_rcc.o(i.HAL_RCC_GetSysClockFreq))
<BR><BR>[Stack]<UL><LI>Max Depth = 28<LI>Call Chain = HAL_RCC_GetSysClockFreq
</UL>
<BR>[Called By]<UL><LI><a href="#[79]">&gt;&gt;</a>&nbsp;&nbsp;&nbsp;HAL_RCC_ClockConfig
</UL>

<P><STRONG><a name="[7b]"></a>HAL_RCC_OscConfig</STRONG> (Thumb, 1406 bytes, Stack size 40 bytes, stm32f1xx_hal_rcc.o(i.HAL_RCC_OscConfig))
<BR><BR>[Stack]<UL><LI>Max Depth = 56<LI>Call Chain = HAL_RCC_OscConfig &rArr; HAL_Delay
</UL>
<BR>[Calls]<UL><LI><a href="#[70]">&gt;&gt;</a>&nbsp;&nbsp;&nbsp;HAL_GetTick
<LI><a href="#[64]">&gt;&gt;</a>&nbsp;&nbsp;&nbsp;HAL_Delay
</UL>
<BR>[Called By]<UL><LI><a href="#[d8]">&gt;&gt;</a>&nbsp;&nbsp;&nbsp;SystemClock_Config
</UL>

<P><STRONG><a name="[7c]"></a>HAL_SPI_Init</STRONG> (Thumb, 132 bytes, Stack size 8 bytes, stm32f1xx_hal_spi_ex.o(i.HAL_SPI_Init))
<BR><BR>[Stack]<UL><LI>Max Depth = 80<LI>Call Chain = HAL_SPI_Init &rArr; HAL_SPI_MspInit &rArr; HAL_GPIO_Init
</UL>
<BR>[Calls]<UL><LI><a href="#[7d]">&gt;&gt;</a>&nbsp;&nbsp;&nbsp;HAL_SPI_MspInit
</UL>
<BR>[Called By]<UL><LI><a href="#[b3]">&gt;&gt;</a>&nbsp;&nbsp;&nbsp;MX_SPI2_Init
</UL>

<P><STRONG><a name="[7d]"></a>HAL_SPI_MspInit</STRONG> (Thumb, 78 bytes, Stack size 32 bytes, spi.o(i.HAL_SPI_MspInit))
<BR><BR>[Stack]<UL><LI>Max Depth = 72<LI>Call Chain = HAL_SPI_MspInit &rArr; HAL_GPIO_Init
</UL>
<BR>[Calls]<UL><LI><a href="#[7e]">&gt;&gt;</a>&nbsp;&nbsp;&nbsp;HAL_GPIO_Init
</UL>
<BR>[Called By]<UL><LI><a href="#[7c]">&gt;&gt;</a>&nbsp;&nbsp;&nbsp;HAL_SPI_Init
</UL>

<P><STRONG><a name="[7f]"></a>HAL_SPI_Receive</STRONG> (Thumb, 492 bytes, Stack size 40 bytes, stm32f1xx_hal_spi.o(i.HAL_SPI_Receive))
<BR><BR>[Stack]<UL><LI>Max Depth = 104<LI>Call Chain = HAL_SPI_Receive &rArr; HAL_SPI_TransmitReceive &rArr; SPI_WaitOnFlagUntilTimeout
</UL>
<BR>[Calls]<UL><LI><a href="#[80]">&gt;&gt;</a>&nbsp;&nbsp;&nbsp;HAL_SPI_TransmitReceive
<LI><a href="#[81]">&gt;&gt;</a>&nbsp;&nbsp;&nbsp;SPI_WaitOnFlagUntilTimeout
<LI><a href="#[82]">&gt;&gt;</a>&nbsp;&nbsp;&nbsp;SPI_ISCRCErrorValid
</UL>
<BR>[Called By]<UL><LI><a href="#[c6]">&gt;&gt;</a>&nbsp;&nbsp;&nbsp;NRF24L01_Read_Reg
<LI><a href="#[be]">&gt;&gt;</a>&nbsp;&nbsp;&nbsp;NRF24L01_Read_Buf
</UL>

<P><STRONG><a name="[83]"></a>HAL_SPI_Transmit</STRONG> (Thumb, 326 bytes, Stack size 32 bytes, stm32f1xx_hal_spi.o(i.HAL_SPI_Transmit))
<BR><BR>[Stack]<UL><LI>Max Depth = 64<LI>Call Chain = HAL_SPI_Transmit &rArr; SPI_WaitOnFlagUntilTimeout
</UL>
<BR>[Calls]<UL><LI><a href="#[81]">&gt;&gt;</a>&nbsp;&nbsp;&nbsp;SPI_WaitOnFlagUntilTimeout
</UL>
<BR>[Called By]<UL><LI><a href="#[c7]">&gt;&gt;</a>&nbsp;&nbsp;&nbsp;NRF24L01_Write_Reg
<LI><a href="#[bd]">&gt;&gt;</a>&nbsp;&nbsp;&nbsp;NRF24L01_Write_Buf
<LI><a href="#[c6]">&gt;&gt;</a>&nbsp;&nbsp;&nbsp;NRF24L01_Read_Reg
</UL>

<P><STRONG><a name="[80]"></a>HAL_SPI_TransmitReceive</STRONG> (Thumb, 690 bytes, Stack size 32 bytes, stm32f1xx_hal_spi.o(i.HAL_SPI_TransmitReceive))
<BR><BR>[Stack]<UL><LI>Max Depth = 64<LI>Call Chain = HAL_SPI_TransmitReceive &rArr; SPI_WaitOnFlagUntilTimeout
</UL>
<BR>[Calls]<UL><LI><a href="#[81]">&gt;&gt;</a>&nbsp;&nbsp;&nbsp;SPI_WaitOnFlagUntilTimeout
</UL>
<BR>[Called By]<UL><LI><a href="#[7f]">&gt;&gt;</a>&nbsp;&nbsp;&nbsp;HAL_SPI_Receive
<LI><a href="#[c7]">&gt;&gt;</a>&nbsp;&nbsp;&nbsp;NRF24L01_Write_Reg
<LI><a href="#[bd]">&gt;&gt;</a>&nbsp;&nbsp;&nbsp;NRF24L01_Write_Buf
<LI><a href="#[be]">&gt;&gt;</a>&nbsp;&nbsp;&nbsp;NRF24L01_Read_Buf
</UL>

<P><STRONG><a name="[d9]"></a>HAL_SYSTICK_CLKSourceConfig</STRONG> (Thumb, 24 bytes, Stack size 0 bytes, stm32f1xx_hal_cortex.o(i.HAL_SYSTICK_CLKSourceConfig))
<BR><BR>[Called By]<UL><LI><a href="#[d8]">&gt;&gt;</a>&nbsp;&nbsp;&nbsp;SystemClock_Config
</UL>

<P><STRONG><a name="[76]"></a>HAL_SYSTICK_Config</STRONG> (Thumb, 40 bytes, Stack size 8 bytes, stm32f1xx_hal_cortex.o(i.HAL_SYSTICK_Config))
<BR><BR>[Stack]<UL><LI>Max Depth = 8<LI>Call Chain = HAL_SYSTICK_Config
</UL>
<BR>[Calls]<UL><LI><a href="#[78]">&gt;&gt;</a>&nbsp;&nbsp;&nbsp;NVIC_SetPriority
</UL>
<BR>[Called By]<UL><LI><a href="#[d8]">&gt;&gt;</a>&nbsp;&nbsp;&nbsp;SystemClock_Config
<LI><a href="#[73]">&gt;&gt;</a>&nbsp;&nbsp;&nbsp;HAL_InitTick
</UL>

<P><STRONG><a name="[92]"></a>HAL_TIMEx_BreakCallback</STRONG> (Thumb, 2 bytes, Stack size 0 bytes, stm32f1xx_hal_tim_ex.o(i.HAL_TIMEx_BreakCallback))
<BR><BR>[Called By]<UL><LI><a href="#[8d]">&gt;&gt;</a>&nbsp;&nbsp;&nbsp;HAL_TIM_IRQHandler
</UL>

<P><STRONG><a name="[94]"></a>HAL_TIMEx_CommutationCallback</STRONG> (Thumb, 2 bytes, Stack size 0 bytes, stm32f1xx_hal_tim_ex.o(i.HAL_TIMEx_CommutationCallback))
<BR><BR>[Called By]<UL><LI><a href="#[8d]">&gt;&gt;</a>&nbsp;&nbsp;&nbsp;HAL_TIM_IRQHandler
</UL>

<P><STRONG><a name="[b5]"></a>HAL_TIMEx_MasterConfigSynchronization</STRONG> (Thumb, 80 bytes, Stack size 12 bytes, stm32f1xx_hal_tim_ex.o(i.HAL_TIMEx_MasterConfigSynchronization))
<BR><BR>[Stack]<UL><LI>Max Depth = 12<LI>Call Chain = HAL_TIMEx_MasterConfigSynchronization
</UL>
<BR>[Called By]<UL><LI><a href="#[ba]">&gt;&gt;</a>&nbsp;&nbsp;&nbsp;MX_TIM7_Init
<LI><a href="#[b9]">&gt;&gt;</a>&nbsp;&nbsp;&nbsp;MX_TIM6_Init
<LI><a href="#[b8]">&gt;&gt;</a>&nbsp;&nbsp;&nbsp;MX_TIM5_Init
<LI><a href="#[b7]">&gt;&gt;</a>&nbsp;&nbsp;&nbsp;MX_TIM4_Init
<LI><a href="#[b6]">&gt;&gt;</a>&nbsp;&nbsp;&nbsp;MX_TIM3_Init
<LI><a href="#[b4]">&gt;&gt;</a>&nbsp;&nbsp;&nbsp;MX_TIM2_Init
</UL>

<P><STRONG><a name="[84]"></a>HAL_TIM_Base_Init</STRONG> (Thumb, 54 bytes, Stack size 8 bytes, stm32f1xx_hal_tim.o(i.HAL_TIM_Base_Init))
<BR><BR>[Stack]<UL><LI>Max Depth = 32<LI>Call Chain = HAL_TIM_Base_Init &rArr; HAL_TIM_Base_MspInit &rArr; HAL_NVIC_SetPriority
</UL>
<BR>[Calls]<UL><LI><a href="#[85]">&gt;&gt;</a>&nbsp;&nbsp;&nbsp;HAL_TIM_Base_MspInit
<LI><a href="#[86]">&gt;&gt;</a>&nbsp;&nbsp;&nbsp;TIM_Base_SetConfig
</UL>
<BR>[Called By]<UL><LI><a href="#[d5]">&gt;&gt;</a>&nbsp;&nbsp;&nbsp;TIM7_Rebuild
<LI><a href="#[ba]">&gt;&gt;</a>&nbsp;&nbsp;&nbsp;MX_TIM7_Init
<LI><a href="#[b9]">&gt;&gt;</a>&nbsp;&nbsp;&nbsp;MX_TIM6_Init
<LI><a href="#[b7]">&gt;&gt;</a>&nbsp;&nbsp;&nbsp;MX_TIM4_Init
</UL>

<P><STRONG><a name="[85]"></a>HAL_TIM_Base_MspInit</STRONG> (Thumb, 122 bytes, Stack size 8 bytes, tim.o(i.HAL_TIM_Base_MspInit))
<BR><BR>[Stack]<UL><LI>Max Depth = 24<LI>Call Chain = HAL_TIM_Base_MspInit &rArr; HAL_NVIC_SetPriority
</UL>
<BR>[Calls]<UL><LI><a href="#[77]">&gt;&gt;</a>&nbsp;&nbsp;&nbsp;HAL_NVIC_SetPriority
<LI><a href="#[87]">&gt;&gt;</a>&nbsp;&nbsp;&nbsp;HAL_NVIC_EnableIRQ
</UL>
<BR>[Called By]<UL><LI><a href="#[84]">&gt;&gt;</a>&nbsp;&nbsp;&nbsp;HAL_TIM_Base_Init
</UL>

<P><STRONG><a name="[69]"></a>HAL_TIM_Base_Start_IT</STRONG> (Thumb, 24 bytes, Stack size 0 bytes, stm32f1xx_hal_tim.o(i.HAL_TIM_Base_Start_IT))
<BR><BR>[Called By]<UL><LI><a href="#[1b]">&gt;&gt;</a>&nbsp;&nbsp;&nbsp;DMA1_Channel5_IRQHandler
<LI><a href="#[cd]">&gt;&gt;</a>&nbsp;&nbsp;&nbsp;Stepper_Pen_Press
</UL>

<P><STRONG><a name="[88]"></a>HAL_TIM_ConfigClockSource</STRONG> (Thumb, 242 bytes, Stack size 16 bytes, stm32f1xx_hal_tim.o(i.HAL_TIM_ConfigClockSource))
<BR><BR>[Stack]<UL><LI>Max Depth = 24<LI>Call Chain = HAL_TIM_ConfigClockSource &rArr; TIM_TI2_ConfigInputStage
</UL>
<BR>[Calls]<UL><LI><a href="#[8b]">&gt;&gt;</a>&nbsp;&nbsp;&nbsp;TIM_TI2_ConfigInputStage
<LI><a href="#[8a]">&gt;&gt;</a>&nbsp;&nbsp;&nbsp;TIM_TI1_ConfigInputStage
<LI><a href="#[8c]">&gt;&gt;</a>&nbsp;&nbsp;&nbsp;TIM_ITRx_SetConfig
<LI><a href="#[89]">&gt;&gt;</a>&nbsp;&nbsp;&nbsp;TIM_ETR_SetConfig
</UL>
<BR>[Called By]<UL><LI><a href="#[b7]">&gt;&gt;</a>&nbsp;&nbsp;&nbsp;MX_TIM4_Init
</UL>

<P><STRONG><a name="[8e]"></a>HAL_TIM_IC_CaptureCallback</STRONG> (Thumb, 2 bytes, Stack size 0 bytes, stm32f1xx_hal_tim.o(i.HAL_TIM_IC_CaptureCallback))
<BR><BR>[Called By]<UL><LI><a href="#[8d]">&gt;&gt;</a>&nbsp;&nbsp;&nbsp;HAL_TIM_IRQHandler
</UL>

<P><STRONG><a name="[8d]"></a>HAL_TIM_IRQHandler</STRONG> (Thumb, 358 bytes, Stack size 16 bytes, stm32f1xx_hal_tim.o(i.HAL_TIM_IRQHandler))
<BR><BR>[Stack]<UL><LI>Max Depth = 48<LI>Call Chain = HAL_TIM_IRQHandler &rArr; HAL_TIM_PeriodElapsedCallback &rArr; HAL_DMA_Start_IT &rArr; DMA_SetConfig
</UL>
<BR>[Calls]<UL><LI><a href="#[91]">&gt;&gt;</a>&nbsp;&nbsp;&nbsp;HAL_TIM_PeriodElapsedCallback
<LI><a href="#[94]">&gt;&gt;</a>&nbsp;&nbsp;&nbsp;HAL_TIMEx_CommutationCallback
<LI><a href="#[92]">&gt;&gt;</a>&nbsp;&nbsp;&nbsp;HAL_TIMEx_BreakCallback
<LI><a href="#[93]">&gt;&gt;</a>&nbsp;&nbsp;&nbsp;HAL_TIM_TriggerCallback
<LI><a href="#[90]">&gt;&gt;</a>&nbsp;&nbsp;&nbsp;HAL_TIM_PWM_PulseFinishedCallback
<LI><a href="#[8f]">&gt;&gt;</a>&nbsp;&nbsp;&nbsp;HAL_TIM_OC_DelayElapsedCallback
<LI><a href="#[8e]">&gt;&gt;</a>&nbsp;&nbsp;&nbsp;HAL_TIM_IC_CaptureCallback
</UL>
<BR>[Called By]<UL><LI><a href="#[43]">&gt;&gt;</a>&nbsp;&nbsp;&nbsp;TIM7_IRQHandler
<LI><a href="#[42]">&gt;&gt;</a>&nbsp;&nbsp;&nbsp;TIM6_IRQHandler
<LI><a href="#[3e]">&gt;&gt;</a>&nbsp;&nbsp;&nbsp;TIM5_IRQHandler
<LI><a href="#[2a]">&gt;&gt;</a>&nbsp;&nbsp;&nbsp;TIM4_IRQHandler
<LI><a href="#[29]">&gt;&gt;</a>&nbsp;&nbsp;&nbsp;TIM3_IRQHandler
<LI><a href="#[28]">&gt;&gt;</a>&nbsp;&nbsp;&nbsp;TIM2_IRQHandler
</UL>

<P><STRONG><a name="[95]"></a>HAL_TIM_MspPostInit</STRONG> (Thumb, 56 bytes, Stack size 24 bytes, tim.o(i.HAL_TIM_MspPostInit))
<BR><BR>[Stack]<UL><LI>Max Depth = 64<LI>Call Chain = HAL_TIM_MspPostInit &rArr; HAL_GPIO_Init
</UL>
<BR>[Calls]<UL><LI><a href="#[7e]">&gt;&gt;</a>&nbsp;&nbsp;&nbsp;HAL_GPIO_Init
</UL>
<BR>[Called By]<UL><LI><a href="#[b8]">&gt;&gt;</a>&nbsp;&nbsp;&nbsp;MX_TIM5_Init
<LI><a href="#[b6]">&gt;&gt;</a>&nbsp;&nbsp;&nbsp;MX_TIM3_Init
<LI><a href="#[b4]">&gt;&gt;</a>&nbsp;&nbsp;&nbsp;MX_TIM2_Init
</UL>

<P><STRONG><a name="[96]"></a>HAL_TIM_OC_ConfigChannel</STRONG> (Thumb, 86 bytes, Stack size 16 bytes, stm32f1xx_hal_tim.o(i.HAL_TIM_OC_ConfigChannel))
<BR><BR>[Stack]<UL><LI>Max Depth = 36<LI>Call Chain = HAL_TIM_OC_ConfigChannel &rArr; TIM_OC2_SetConfig
</UL>
<BR>[Calls]<UL><LI><a href="#[98]">&gt;&gt;</a>&nbsp;&nbsp;&nbsp;TIM_OC2_SetConfig
<LI><a href="#[9a]">&gt;&gt;</a>&nbsp;&nbsp;&nbsp;TIM_OC4_SetConfig
<LI><a href="#[99]">&gt;&gt;</a>&nbsp;&nbsp;&nbsp;TIM_OC3_SetConfig
<LI><a href="#[97]">&gt;&gt;</a>&nbsp;&nbsp;&nbsp;TIM_OC1_SetConfig
</UL>
<BR>[Called By]<UL><LI><a href="#[b6]">&gt;&gt;</a>&nbsp;&nbsp;&nbsp;MX_TIM3_Init
<LI><a href="#[b4]">&gt;&gt;</a>&nbsp;&nbsp;&nbsp;MX_TIM2_Init
</UL>

<P><STRONG><a name="[8f]"></a>HAL_TIM_OC_DelayElapsedCallback</STRONG> (Thumb, 2 bytes, Stack size 0 bytes, stm32f1xx_hal_tim.o(i.HAL_TIM_OC_DelayElapsedCallback))
<BR><BR>[Called By]<UL><LI><a href="#[8d]">&gt;&gt;</a>&nbsp;&nbsp;&nbsp;HAL_TIM_IRQHandler
</UL>

<P><STRONG><a name="[9b]"></a>HAL_TIM_OC_Init</STRONG> (Thumb, 54 bytes, Stack size 8 bytes, stm32f1xx_hal_tim.o(i.HAL_TIM_OC_Init))
<BR><BR>[Stack]<UL><LI>Max Depth = 48<LI>Call Chain = HAL_TIM_OC_Init &rArr; HAL_TIM_OC_MspInit &rArr; HAL_NVIC_SetPriority
</UL>
<BR>[Calls]<UL><LI><a href="#[9c]">&gt;&gt;</a>&nbsp;&nbsp;&nbsp;HAL_TIM_OC_MspInit
<LI><a href="#[86]">&gt;&gt;</a>&nbsp;&nbsp;&nbsp;TIM_Base_SetConfig
</UL>
<BR>[Called By]<UL><LI><a href="#[b6]">&gt;&gt;</a>&nbsp;&nbsp;&nbsp;MX_TIM3_Init
<LI><a href="#[b4]">&gt;&gt;</a>&nbsp;&nbsp;&nbsp;MX_TIM2_Init
</UL>

<P><STRONG><a name="[9c]"></a>HAL_TIM_OC_MspInit</STRONG> (Thumb, 180 bytes, Stack size 24 bytes, tim.o(i.HAL_TIM_OC_MspInit))
<BR><BR>[Stack]<UL><LI>Max Depth = 40<LI>Call Chain = HAL_TIM_OC_MspInit &rArr; HAL_NVIC_SetPriority
</UL>
<BR>[Calls]<UL><LI><a href="#[77]">&gt;&gt;</a>&nbsp;&nbsp;&nbsp;HAL_NVIC_SetPriority
<LI><a href="#[6a]">&gt;&gt;</a>&nbsp;&nbsp;&nbsp;Error_Handler
<LI><a href="#[87]">&gt;&gt;</a>&nbsp;&nbsp;&nbsp;HAL_NVIC_EnableIRQ
<LI><a href="#[9d]">&gt;&gt;</a>&nbsp;&nbsp;&nbsp;HAL_DMA_Init
</UL>
<BR>[Called By]<UL><LI><a href="#[9b]">&gt;&gt;</a>&nbsp;&nbsp;&nbsp;HAL_TIM_OC_Init
</UL>

<P><STRONG><a name="[9e]"></a>HAL_TIM_PWM_ConfigChannel</STRONG> (Thumb, 208 bytes, Stack size 16 bytes, stm32f1xx_hal_tim.o(i.HAL_TIM_PWM_ConfigChannel))
<BR><BR>[Stack]<UL><LI>Max Depth = 36<LI>Call Chain = HAL_TIM_PWM_ConfigChannel &rArr; TIM_OC2_SetConfig
</UL>
<BR>[Calls]<UL><LI><a href="#[98]">&gt;&gt;</a>&nbsp;&nbsp;&nbsp;TIM_OC2_SetConfig
<LI><a href="#[9a]">&gt;&gt;</a>&nbsp;&nbsp;&nbsp;TIM_OC4_SetConfig
<LI><a href="#[99]">&gt;&gt;</a>&nbsp;&nbsp;&nbsp;TIM_OC3_SetConfig
<LI><a href="#[97]">&gt;&gt;</a>&nbsp;&nbsp;&nbsp;TIM_OC1_SetConfig
</UL>
<BR>[Called By]<UL><LI><a href="#[b8]">&gt;&gt;</a>&nbsp;&nbsp;&nbsp;MX_TIM5_Init
</UL>

<P><STRONG><a name="[9f]"></a>HAL_TIM_PWM_Init</STRONG> (Thumb, 54 bytes, Stack size 8 bytes, stm32f1xx_hal_tim.o(i.HAL_TIM_PWM_Init))
<BR><BR>[Stack]<UL><LI>Max Depth = 32<LI>Call Chain = HAL_TIM_PWM_Init &rArr; HAL_TIM_PWM_MspInit &rArr; HAL_NVIC_SetPriority
</UL>
<BR>[Calls]<UL><LI><a href="#[a0]">&gt;&gt;</a>&nbsp;&nbsp;&nbsp;HAL_TIM_PWM_MspInit
<LI><a href="#[86]">&gt;&gt;</a>&nbsp;&nbsp;&nbsp;TIM_Base_SetConfig
</UL>
<BR>[Called By]<UL><LI><a href="#[b8]">&gt;&gt;</a>&nbsp;&nbsp;&nbsp;MX_TIM5_Init
</UL>

<P><STRONG><a name="[a0]"></a>HAL_TIM_PWM_MspInit</STRONG> (Thumb, 50 bytes, Stack size 8 bytes, tim.o(i.HAL_TIM_PWM_MspInit))
<BR><BR>[Stack]<UL><LI>Max Depth = 24<LI>Call Chain = HAL_TIM_PWM_MspInit &rArr; HAL_NVIC_SetPriority
</UL>
<BR>[Calls]<UL><LI><a href="#[77]">&gt;&gt;</a>&nbsp;&nbsp;&nbsp;HAL_NVIC_SetPriority
<LI><a href="#[87]">&gt;&gt;</a>&nbsp;&nbsp;&nbsp;HAL_NVIC_EnableIRQ
</UL>
<BR>[Called By]<UL><LI><a href="#[9f]">&gt;&gt;</a>&nbsp;&nbsp;&nbsp;HAL_TIM_PWM_Init
</UL>

<P><STRONG><a name="[90]"></a>HAL_TIM_PWM_PulseFinishedCallback</STRONG> (Thumb, 2 bytes, Stack size 0 bytes, stm32f1xx_hal_tim.o(i.HAL_TIM_PWM_PulseFinishedCallback))
<BR><BR>[Called By]<UL><LI><a href="#[8d]">&gt;&gt;</a>&nbsp;&nbsp;&nbsp;HAL_TIM_IRQHandler
</UL>

<P><STRONG><a name="[a1]"></a>HAL_TIM_PWM_Start</STRONG> (Thumb, 48 bytes, Stack size 8 bytes, stm32f1xx_hal_tim.o(i.HAL_TIM_PWM_Start))
<BR><BR>[Stack]<UL><LI>Max Depth = 16<LI>Call Chain = HAL_TIM_PWM_Start &rArr; TIM_CCxChannelCmd
</UL>
<BR>[Calls]<UL><LI><a href="#[a2]">&gt;&gt;</a>&nbsp;&nbsp;&nbsp;TIM_CCxChannelCmd
</UL>
<BR>[Called By]<UL><LI><a href="#[cd]">&gt;&gt;</a>&nbsp;&nbsp;&nbsp;Stepper_Pen_Press
</UL>

<P><STRONG><a name="[a3]"></a>HAL_TIM_PWM_Stop</STRONG> (Thumb, 84 bytes, Stack size 8 bytes, stm32f1xx_hal_tim.o(i.HAL_TIM_PWM_Stop))
<BR><BR>[Stack]<UL><LI>Max Depth = 16<LI>Call Chain = HAL_TIM_PWM_Stop &rArr; TIM_CCxChannelCmd
</UL>
<BR>[Calls]<UL><LI><a href="#[a2]">&gt;&gt;</a>&nbsp;&nbsp;&nbsp;TIM_CCxChannelCmd
</UL>
<BR>[Called By]<UL><LI><a href="#[91]">&gt;&gt;</a>&nbsp;&nbsp;&nbsp;HAL_TIM_PeriodElapsedCallback
</UL>

<P><STRONG><a name="[91]"></a>HAL_TIM_PeriodElapsedCallback</STRONG> (Thumb, 70 bytes, Stack size 8 bytes, tim.o(i.HAL_TIM_PeriodElapsedCallback))
<BR><BR>[Stack]<UL><LI>Max Depth = 32<LI>Call Chain = HAL_TIM_PeriodElapsedCallback &rArr; HAL_DMA_Start_IT &rArr; DMA_SetConfig
</UL>
<BR>[Calls]<UL><LI><a href="#[a3]">&gt;&gt;</a>&nbsp;&nbsp;&nbsp;HAL_TIM_PWM_Stop
<LI><a href="#[6f]">&gt;&gt;</a>&nbsp;&nbsp;&nbsp;HAL_DMA_Start_IT
<LI><a href="#[6d]">&gt;&gt;</a>&nbsp;&nbsp;&nbsp;HAL_DMA_Start
</UL>
<BR>[Called By]<UL><LI><a href="#[8d]">&gt;&gt;</a>&nbsp;&nbsp;&nbsp;HAL_TIM_IRQHandler
</UL>

<P><STRONG><a name="[93]"></a>HAL_TIM_TriggerCallback</STRONG> (Thumb, 2 bytes, Stack size 0 bytes, stm32f1xx_hal_tim.o(i.HAL_TIM_TriggerCallback))
<BR><BR>[Called By]<UL><LI><a href="#[8d]">&gt;&gt;</a>&nbsp;&nbsp;&nbsp;HAL_TIM_IRQHandler
</UL>

<P><STRONG><a name="[a4]"></a>HAL_UART_Init</STRONG> (Thumb, 94 bytes, Stack size 16 bytes, stm32f1xx_hal_uart.o(i.HAL_UART_Init))
<BR><BR>[Stack]<UL><LI>Max Depth = 88<LI>Call Chain = HAL_UART_Init &rArr; HAL_UART_MspInit &rArr; HAL_GPIO_Init
</UL>
<BR>[Calls]<UL><LI><a href="#[a5]">&gt;&gt;</a>&nbsp;&nbsp;&nbsp;HAL_UART_MspInit
<LI><a href="#[a6]">&gt;&gt;</a>&nbsp;&nbsp;&nbsp;UART_SetConfig
</UL>
<BR>[Called By]<UL><LI><a href="#[bb]">&gt;&gt;</a>&nbsp;&nbsp;&nbsp;MX_USART1_UART_Init
</UL>

<P><STRONG><a name="[a5]"></a>HAL_UART_MspInit</STRONG> (Thumb, 76 bytes, Stack size 32 bytes, usart.o(i.HAL_UART_MspInit))
<BR><BR>[Stack]<UL><LI>Max Depth = 72<LI>Call Chain = HAL_UART_MspInit &rArr; HAL_GPIO_Init
</UL>
<BR>[Calls]<UL><LI><a href="#[7e]">&gt;&gt;</a>&nbsp;&nbsp;&nbsp;HAL_GPIO_Init
</UL>
<BR>[Called By]<UL><LI><a href="#[a4]">&gt;&gt;</a>&nbsp;&nbsp;&nbsp;HAL_UART_Init
</UL>

<P><STRONG><a name="[a7]"></a>HAL_UART_Transmit</STRONG> (Thumb, 204 bytes, Stack size 32 bytes, stm32f1xx_hal_uart.o(i.HAL_UART_Transmit))
<BR><BR>[Stack]<UL><LI>Max Depth = 64<LI>Call Chain = HAL_UART_Transmit &rArr; UART_WaitOnFlagUntilTimeout
</UL>
<BR>[Calls]<UL><LI><a href="#[a8]">&gt;&gt;</a>&nbsp;&nbsp;&nbsp;UART_WaitOnFlagUntilTimeout
</UL>
<BR>[Called By]<UL><LI><a href="#[4b]">&gt;&gt;</a>&nbsp;&nbsp;&nbsp;fputc
<LI><a href="#[67]">&gt;&gt;</a>&nbsp;&nbsp;&nbsp;USART_SendData
</UL>

<P><STRONG><a name="[4]"></a>HardFault_Handler</STRONG> (Thumb, 2 bytes, Stack size 0 bytes, stm32f1xx_it.o(i.HardFault_Handler))
<BR><BR>[Calls]<UL><LI><a href="#[4]">&gt;&gt;</a>&nbsp;&nbsp;&nbsp;HardFault_Handler
</UL>
<BR>[Called By]<UL><LI><a href="#[4]">&gt;&gt;</a>&nbsp;&nbsp;&nbsp;HardFault_Handler
</UL>
<BR>[Address Reference Count : 1]<UL><LI> startup_stm32f103xe.o(RESET)
</UL>
<P><STRONG><a name="[a9]"></a>IIC_Ack</STRONG> (Thumb, 56 bytes, Stack size 16 bytes, bsp_24c02.o(i.IIC_Ack))
<BR><BR>[Stack]<UL><LI>Max Depth = 28<LI>Call Chain = IIC_Ack &rArr; bsp_DelayUS
</UL>
<BR>[Calls]<UL><LI><a href="#[aa]">&gt;&gt;</a>&nbsp;&nbsp;&nbsp;bsp_DelayUS
</UL>
<BR>[Called By]<UL><LI><a href="#[62]">&gt;&gt;</a>&nbsp;&nbsp;&nbsp;IIC_Read_Byte
</UL>

<P><STRONG><a name="[ab]"></a>IIC_NAck</STRONG> (Thumb, 56 bytes, Stack size 16 bytes, bsp_24c02.o(i.IIC_NAck))
<BR><BR>[Stack]<UL><LI>Max Depth = 28<LI>Call Chain = IIC_NAck &rArr; bsp_DelayUS
</UL>
<BR>[Calls]<UL><LI><a href="#[aa]">&gt;&gt;</a>&nbsp;&nbsp;&nbsp;bsp_DelayUS
</UL>
<BR>[Called By]<UL><LI><a href="#[62]">&gt;&gt;</a>&nbsp;&nbsp;&nbsp;IIC_Read_Byte
</UL>

<P><STRONG><a name="[62]"></a>IIC_Read_Byte</STRONG> (Thumb, 100 bytes, Stack size 32 bytes, bsp_24c02.o(i.IIC_Read_Byte))
<BR><BR>[Stack]<UL><LI>Max Depth = 60<LI>Call Chain = IIC_Read_Byte &rArr; IIC_NAck &rArr; bsp_DelayUS
</UL>
<BR>[Calls]<UL><LI><a href="#[aa]">&gt;&gt;</a>&nbsp;&nbsp;&nbsp;bsp_DelayUS
<LI><a href="#[ab]">&gt;&gt;</a>&nbsp;&nbsp;&nbsp;IIC_NAck
<LI><a href="#[a9]">&gt;&gt;</a>&nbsp;&nbsp;&nbsp;IIC_Ack
</UL>
<BR>[Called By]<UL><LI><a href="#[5d]">&gt;&gt;</a>&nbsp;&nbsp;&nbsp;AT24CXX_ReadOneByte
</UL>

<P><STRONG><a name="[60]"></a>IIC_Send_Byte</STRONG> (Thumb, 94 bytes, Stack size 24 bytes, bsp_24c02.o(i.IIC_Send_Byte))
<BR><BR>[Stack]<UL><LI>Max Depth = 36<LI>Call Chain = IIC_Send_Byte &rArr; bsp_DelayUS
</UL>
<BR>[Calls]<UL><LI><a href="#[aa]">&gt;&gt;</a>&nbsp;&nbsp;&nbsp;bsp_DelayUS
</UL>
<BR>[Called By]<UL><LI><a href="#[5e]">&gt;&gt;</a>&nbsp;&nbsp;&nbsp;AT24CXX_WriteOneByte
<LI><a href="#[5d]">&gt;&gt;</a>&nbsp;&nbsp;&nbsp;AT24CXX_ReadOneByte
</UL>

<P><STRONG><a name="[5f]"></a>IIC_Start</STRONG> (Thumb, 56 bytes, Stack size 16 bytes, bsp_24c02.o(i.IIC_Start))
<BR><BR>[Stack]<UL><LI>Max Depth = 28<LI>Call Chain = IIC_Start &rArr; bsp_DelayUS
</UL>
<BR>[Calls]<UL><LI><a href="#[aa]">&gt;&gt;</a>&nbsp;&nbsp;&nbsp;bsp_DelayUS
</UL>
<BR>[Called By]<UL><LI><a href="#[5e]">&gt;&gt;</a>&nbsp;&nbsp;&nbsp;AT24CXX_WriteOneByte
<LI><a href="#[5d]">&gt;&gt;</a>&nbsp;&nbsp;&nbsp;AT24CXX_ReadOneByte
</UL>

<P><STRONG><a name="[63]"></a>IIC_Stop</STRONG> (Thumb, 58 bytes, Stack size 8 bytes, bsp_24c02.o(i.IIC_Stop))
<BR><BR>[Stack]<UL><LI>Max Depth = 20<LI>Call Chain = IIC_Stop &rArr; bsp_DelayUS
</UL>
<BR>[Calls]<UL><LI><a href="#[aa]">&gt;&gt;</a>&nbsp;&nbsp;&nbsp;bsp_DelayUS
</UL>
<BR>[Called By]<UL><LI><a href="#[61]">&gt;&gt;</a>&nbsp;&nbsp;&nbsp;IIC_Wait_Ack
<LI><a href="#[5e]">&gt;&gt;</a>&nbsp;&nbsp;&nbsp;AT24CXX_WriteOneByte
<LI><a href="#[5d]">&gt;&gt;</a>&nbsp;&nbsp;&nbsp;AT24CXX_ReadOneByte
</UL>

<P><STRONG><a name="[61]"></a>IIC_Wait_Ack</STRONG> (Thumb, 78 bytes, Stack size 16 bytes, bsp_24c02.o(i.IIC_Wait_Ack))
<BR><BR>[Stack]<UL><LI>Max Depth = 36<LI>Call Chain = IIC_Wait_Ack &rArr; IIC_Stop &rArr; bsp_DelayUS
</UL>
<BR>[Calls]<UL><LI><a href="#[aa]">&gt;&gt;</a>&nbsp;&nbsp;&nbsp;bsp_DelayUS
<LI><a href="#[63]">&gt;&gt;</a>&nbsp;&nbsp;&nbsp;IIC_Stop
</UL>
<BR>[Called By]<UL><LI><a href="#[5e]">&gt;&gt;</a>&nbsp;&nbsp;&nbsp;AT24CXX_WriteOneByte
<LI><a href="#[5d]">&gt;&gt;</a>&nbsp;&nbsp;&nbsp;AT24CXX_ReadOneByte
</UL>

<P><STRONG><a name="[ac]"></a>MX_CRC_Init</STRONG> (Thumb, 28 bytes, Stack size 8 bytes, crc.o(i.MX_CRC_Init))
<BR><BR>[Stack]<UL><LI>Max Depth = 24<LI>Call Chain = MX_CRC_Init &rArr; HAL_CRC_Init &rArr; HAL_CRC_MspInit
</UL>
<BR>[Calls]<UL><LI><a href="#[6b]">&gt;&gt;</a>&nbsp;&nbsp;&nbsp;HAL_CRC_Init
<LI><a href="#[6a]">&gt;&gt;</a>&nbsp;&nbsp;&nbsp;Error_Handler
</UL>
<BR>[Called By]<UL><LI><a href="#[48]">&gt;&gt;</a>&nbsp;&nbsp;&nbsp;main
</UL>

<P><STRONG><a name="[ad]"></a>MX_DMA_Init</STRONG> (Thumb, 56 bytes, Stack size 8 bytes, dma.o(i.MX_DMA_Init))
<BR><BR>[Stack]<UL><LI>Max Depth = 24<LI>Call Chain = MX_DMA_Init &rArr; HAL_NVIC_SetPriority
</UL>
<BR>[Calls]<UL><LI><a href="#[77]">&gt;&gt;</a>&nbsp;&nbsp;&nbsp;HAL_NVIC_SetPriority
<LI><a href="#[87]">&gt;&gt;</a>&nbsp;&nbsp;&nbsp;HAL_NVIC_EnableIRQ
</UL>
<BR>[Called By]<UL><LI><a href="#[48]">&gt;&gt;</a>&nbsp;&nbsp;&nbsp;main
</UL>

<P><STRONG><a name="[ae]"></a>MX_FREERTOS_Init</STRONG> (Thumb, 52 bytes, Stack size 48 bytes, freertos.o(i.MX_FREERTOS_Init))
<BR><BR>[Stack]<UL><LI>Max Depth = 216<LI>Call Chain = MX_FREERTOS_Init &rArr; osThreadCreate &rArr; xTaskGenericCreate &rArr; pvPortMalloc &rArr; xTaskResumeAll &rArr; xTaskIncrementTick
</UL>
<BR>[Calls]<UL><LI><a href="#[b0]">&gt;&gt;</a>&nbsp;&nbsp;&nbsp;osThreadCreate
<LI><a href="#[af]">&gt;&gt;</a>&nbsp;&nbsp;&nbsp;__aeabi_memcpy4
</UL>
<BR>[Called By]<UL><LI><a href="#[48]">&gt;&gt;</a>&nbsp;&nbsp;&nbsp;main
</UL>

<P><STRONG><a name="[b1]"></a>MX_GPIO_Init</STRONG> (Thumb, 360 bytes, Stack size 56 bytes, gpio.o(i.MX_GPIO_Init))
<BR><BR>[Stack]<UL><LI>Max Depth = 96<LI>Call Chain = MX_GPIO_Init &rArr; HAL_GPIO_Init
</UL>
<BR>[Calls]<UL><LI><a href="#[b2]">&gt;&gt;</a>&nbsp;&nbsp;&nbsp;HAL_GPIO_WritePin
<LI><a href="#[7e]">&gt;&gt;</a>&nbsp;&nbsp;&nbsp;HAL_GPIO_Init
</UL>
<BR>[Called By]<UL><LI><a href="#[48]">&gt;&gt;</a>&nbsp;&nbsp;&nbsp;main
</UL>

<P><STRONG><a name="[b3]"></a>MX_SPI2_Init</STRONG> (Thumb, 62 bytes, Stack size 8 bytes, spi.o(i.MX_SPI2_Init))
<BR><BR>[Stack]<UL><LI>Max Depth = 88<LI>Call Chain = MX_SPI2_Init &rArr; HAL_SPI_Init &rArr; HAL_SPI_MspInit &rArr; HAL_GPIO_Init
</UL>
<BR>[Calls]<UL><LI><a href="#[6a]">&gt;&gt;</a>&nbsp;&nbsp;&nbsp;Error_Handler
<LI><a href="#[7c]">&gt;&gt;</a>&nbsp;&nbsp;&nbsp;HAL_SPI_Init
</UL>
<BR>[Called By]<UL><LI><a href="#[48]">&gt;&gt;</a>&nbsp;&nbsp;&nbsp;main
</UL>

<P><STRONG><a name="[b4]"></a>MX_TIM2_Init</STRONG> (Thumb, 94 bytes, Stack size 48 bytes, tim.o(i.MX_TIM2_Init))
<BR><BR>[Stack]<UL><LI>Max Depth = 112<LI>Call Chain = MX_TIM2_Init &rArr; HAL_TIM_MspPostInit &rArr; HAL_GPIO_Init
</UL>
<BR>[Calls]<UL><LI><a href="#[6a]">&gt;&gt;</a>&nbsp;&nbsp;&nbsp;Error_Handler
<LI><a href="#[9b]">&gt;&gt;</a>&nbsp;&nbsp;&nbsp;HAL_TIM_OC_Init
<LI><a href="#[96]">&gt;&gt;</a>&nbsp;&nbsp;&nbsp;HAL_TIM_OC_ConfigChannel
<LI><a href="#[b5]">&gt;&gt;</a>&nbsp;&nbsp;&nbsp;HAL_TIMEx_MasterConfigSynchronization
<LI><a href="#[95]">&gt;&gt;</a>&nbsp;&nbsp;&nbsp;HAL_TIM_MspPostInit
</UL>
<BR>[Called By]<UL><LI><a href="#[48]">&gt;&gt;</a>&nbsp;&nbsp;&nbsp;main
</UL>

<P><STRONG><a name="[b6]"></a>MX_TIM3_Init</STRONG> (Thumb, 92 bytes, Stack size 48 bytes, tim.o(i.MX_TIM3_Init))
<BR><BR>[Stack]<UL><LI>Max Depth = 112<LI>Call Chain = MX_TIM3_Init &rArr; HAL_TIM_MspPostInit &rArr; HAL_GPIO_Init
</UL>
<BR>[Calls]<UL><LI><a href="#[6a]">&gt;&gt;</a>&nbsp;&nbsp;&nbsp;Error_Handler
<LI><a href="#[9b]">&gt;&gt;</a>&nbsp;&nbsp;&nbsp;HAL_TIM_OC_Init
<LI><a href="#[96]">&gt;&gt;</a>&nbsp;&nbsp;&nbsp;HAL_TIM_OC_ConfigChannel
<LI><a href="#[b5]">&gt;&gt;</a>&nbsp;&nbsp;&nbsp;HAL_TIMEx_MasterConfigSynchronization
<LI><a href="#[95]">&gt;&gt;</a>&nbsp;&nbsp;&nbsp;HAL_TIM_MspPostInit
</UL>
<BR>[Called By]<UL><LI><a href="#[48]">&gt;&gt;</a>&nbsp;&nbsp;&nbsp;main
</UL>

<P><STRONG><a name="[b7]"></a>MX_TIM4_Init</STRONG> (Thumb, 74 bytes, Stack size 32 bytes, tim.o(i.MX_TIM4_Init))
<BR><BR>[Stack]<UL><LI>Max Depth = 64<LI>Call Chain = MX_TIM4_Init &rArr; HAL_TIM_Base_Init &rArr; HAL_TIM_Base_MspInit &rArr; HAL_NVIC_SetPriority
</UL>
<BR>[Calls]<UL><LI><a href="#[6a]">&gt;&gt;</a>&nbsp;&nbsp;&nbsp;Error_Handler
<LI><a href="#[88]">&gt;&gt;</a>&nbsp;&nbsp;&nbsp;HAL_TIM_ConfigClockSource
<LI><a href="#[84]">&gt;&gt;</a>&nbsp;&nbsp;&nbsp;HAL_TIM_Base_Init
<LI><a href="#[b5]">&gt;&gt;</a>&nbsp;&nbsp;&nbsp;HAL_TIMEx_MasterConfigSynchronization
</UL>
<BR>[Called By]<UL><LI><a href="#[48]">&gt;&gt;</a>&nbsp;&nbsp;&nbsp;main
</UL>

<P><STRONG><a name="[b8]"></a>MX_TIM5_Init</STRONG> (Thumb, 96 bytes, Stack size 48 bytes, tim.o(i.MX_TIM5_Init))
<BR><BR>[Stack]<UL><LI>Max Depth = 112<LI>Call Chain = MX_TIM5_Init &rArr; HAL_TIM_MspPostInit &rArr; HAL_GPIO_Init
</UL>
<BR>[Calls]<UL><LI><a href="#[6a]">&gt;&gt;</a>&nbsp;&nbsp;&nbsp;Error_Handler
<LI><a href="#[9f]">&gt;&gt;</a>&nbsp;&nbsp;&nbsp;HAL_TIM_PWM_Init
<LI><a href="#[9e]">&gt;&gt;</a>&nbsp;&nbsp;&nbsp;HAL_TIM_PWM_ConfigChannel
<LI><a href="#[b5]">&gt;&gt;</a>&nbsp;&nbsp;&nbsp;HAL_TIMEx_MasterConfigSynchronization
<LI><a href="#[95]">&gt;&gt;</a>&nbsp;&nbsp;&nbsp;HAL_TIM_MspPostInit
</UL>
<BR>[Called By]<UL><LI><a href="#[48]">&gt;&gt;</a>&nbsp;&nbsp;&nbsp;main
</UL>

<P><STRONG><a name="[b9]"></a>MX_TIM6_Init</STRONG> (Thumb, 56 bytes, Stack size 16 bytes, tim.o(i.MX_TIM6_Init))
<BR><BR>[Stack]<UL><LI>Max Depth = 48<LI>Call Chain = MX_TIM6_Init &rArr; HAL_TIM_Base_Init &rArr; HAL_TIM_Base_MspInit &rArr; HAL_NVIC_SetPriority
</UL>
<BR>[Calls]<UL><LI><a href="#[6a]">&gt;&gt;</a>&nbsp;&nbsp;&nbsp;Error_Handler
<LI><a href="#[84]">&gt;&gt;</a>&nbsp;&nbsp;&nbsp;HAL_TIM_Base_Init
<LI><a href="#[b5]">&gt;&gt;</a>&nbsp;&nbsp;&nbsp;HAL_TIMEx_MasterConfigSynchronization
</UL>
<BR>[Called By]<UL><LI><a href="#[48]">&gt;&gt;</a>&nbsp;&nbsp;&nbsp;main
</UL>

<P><STRONG><a name="[ba]"></a>MX_TIM7_Init</STRONG> (Thumb, 54 bytes, Stack size 16 bytes, tim.o(i.MX_TIM7_Init))
<BR><BR>[Stack]<UL><LI>Max Depth = 48<LI>Call Chain = MX_TIM7_Init &rArr; HAL_TIM_Base_Init &rArr; HAL_TIM_Base_MspInit &rArr; HAL_NVIC_SetPriority
</UL>
<BR>[Calls]<UL><LI><a href="#[6a]">&gt;&gt;</a>&nbsp;&nbsp;&nbsp;Error_Handler
<LI><a href="#[84]">&gt;&gt;</a>&nbsp;&nbsp;&nbsp;HAL_TIM_Base_Init
<LI><a href="#[b5]">&gt;&gt;</a>&nbsp;&nbsp;&nbsp;HAL_TIMEx_MasterConfigSynchronization
</UL>
<BR>[Called By]<UL><LI><a href="#[48]">&gt;&gt;</a>&nbsp;&nbsp;&nbsp;main
</UL>

<P><STRONG><a name="[bb]"></a>MX_USART1_UART_Init</STRONG> (Thumb, 48 bytes, Stack size 8 bytes, usart.o(i.MX_USART1_UART_Init))
<BR><BR>[Stack]<UL><LI>Max Depth = 96<LI>Call Chain = MX_USART1_UART_Init &rArr; HAL_UART_Init &rArr; HAL_UART_MspInit &rArr; HAL_GPIO_Init
</UL>
<BR>[Calls]<UL><LI><a href="#[a4]">&gt;&gt;</a>&nbsp;&nbsp;&nbsp;HAL_UART_Init
<LI><a href="#[6a]">&gt;&gt;</a>&nbsp;&nbsp;&nbsp;Error_Handler
</UL>
<BR>[Called By]<UL><LI><a href="#[48]">&gt;&gt;</a>&nbsp;&nbsp;&nbsp;main
</UL>

<P><STRONG><a name="[5]"></a>MemManage_Handler</STRONG> (Thumb, 2 bytes, Stack size 0 bytes, stm32f1xx_it.o(i.MemManage_Handler))
<BR><BR>[Calls]<UL><LI><a href="#[5]">&gt;&gt;</a>&nbsp;&nbsp;&nbsp;MemManage_Handler
</UL>
<BR>[Called By]<UL><LI><a href="#[5]">&gt;&gt;</a>&nbsp;&nbsp;&nbsp;MemManage_Handler
</UL>
<BR>[Address Reference Count : 1]<UL><LI> startup_stm32f103xe.o(RESET)
</UL>
<P><STRONG><a name="[3]"></a>NMI_Handler</STRONG> (Thumb, 2 bytes, Stack size 0 bytes, stm32f1xx_it.o(i.NMI_Handler))
<BR>[Address Reference Count : 1]<UL><LI> startup_stm32f103xe.o(RESET)
</UL>
<P><STRONG><a name="[bc]"></a>NRF24L01_Check</STRONG> (Thumb, 62 bytes, Stack size 16 bytes, bsp_nrf.o(i.NRF24L01_Check))
<BR><BR>[Stack]<UL><LI>Max Depth = 160<LI>Call Chain = NRF24L01_Check &rArr; NRF24L01_Read_Buf &rArr; HAL_SPI_Receive &rArr; HAL_SPI_TransmitReceive &rArr; SPI_WaitOnFlagUntilTimeout
</UL>
<BR>[Calls]<UL><LI><a href="#[bd]">&gt;&gt;</a>&nbsp;&nbsp;&nbsp;NRF24L01_Write_Buf
<LI><a href="#[be]">&gt;&gt;</a>&nbsp;&nbsp;&nbsp;NRF24L01_Read_Buf
</UL>
<BR>[Called By]<UL><LI><a href="#[e2]">&gt;&gt;</a>&nbsp;&nbsp;&nbsp;bsp_Check
</UL>

<P><STRONG><a name="[bf]"></a>NRF24L01_Connect_Check</STRONG> (Thumb, 126 bytes, Stack size 16 bytes, bsp.o(i.NRF24L01_Connect_Check))
<BR><BR>[Stack]<UL><LI>Max Depth = 176<LI>Call Chain = NRF24L01_Connect_Check &rArr; NRF24L01_RxPacket &rArr; NRF24L01_Read_Buf &rArr; HAL_SPI_Receive &rArr; HAL_SPI_TransmitReceive &rArr; SPI_WaitOnFlagUntilTimeout
</UL>
<BR>[Calls]<UL><LI><a href="#[c4]">&gt;&gt;</a>&nbsp;&nbsp;&nbsp;TX_Mode
<LI><a href="#[c0]">&gt;&gt;</a>&nbsp;&nbsp;&nbsp;RX_Mode
<LI><a href="#[c5]">&gt;&gt;</a>&nbsp;&nbsp;&nbsp;NRF24L01_TxPacket
<LI><a href="#[c1]">&gt;&gt;</a>&nbsp;&nbsp;&nbsp;NRF24L01_RxPacket
<LI><a href="#[64]">&gt;&gt;</a>&nbsp;&nbsp;&nbsp;HAL_Delay
<LI><a href="#[c3]">&gt;&gt;</a>&nbsp;&nbsp;&nbsp;HAL_GPIO_TogglePin
<LI><a href="#[c2]">&gt;&gt;</a>&nbsp;&nbsp;&nbsp;__2printf
</UL>
<BR>[Called By]<UL><LI><a href="#[e2]">&gt;&gt;</a>&nbsp;&nbsp;&nbsp;bsp_Check
</UL>

<P><STRONG><a name="[be]"></a>NRF24L01_Read_Buf</STRONG> (Thumb, 70 bytes, Stack size 40 bytes, bsp_nrf.o(i.NRF24L01_Read_Buf))
<BR><BR>[Stack]<UL><LI>Max Depth = 144<LI>Call Chain = NRF24L01_Read_Buf &rArr; HAL_SPI_Receive &rArr; HAL_SPI_TransmitReceive &rArr; SPI_WaitOnFlagUntilTimeout
</UL>
<BR>[Calls]<UL><LI><a href="#[b2]">&gt;&gt;</a>&nbsp;&nbsp;&nbsp;HAL_GPIO_WritePin
<LI><a href="#[80]">&gt;&gt;</a>&nbsp;&nbsp;&nbsp;HAL_SPI_TransmitReceive
<LI><a href="#[7f]">&gt;&gt;</a>&nbsp;&nbsp;&nbsp;HAL_SPI_Receive
</UL>
<BR>[Called By]<UL><LI><a href="#[c1]">&gt;&gt;</a>&nbsp;&nbsp;&nbsp;NRF24L01_RxPacket
<LI><a href="#[bc]">&gt;&gt;</a>&nbsp;&nbsp;&nbsp;NRF24L01_Check
</UL>

<P><STRONG><a name="[c6]"></a>NRF24L01_Read_Reg</STRONG> (Thumb, 60 bytes, Stack size 24 bytes, bsp_nrf.o(i.NRF24L01_Read_Reg))
<BR><BR>[Stack]<UL><LI>Max Depth = 128<LI>Call Chain = NRF24L01_Read_Reg &rArr; HAL_SPI_Receive &rArr; HAL_SPI_TransmitReceive &rArr; SPI_WaitOnFlagUntilTimeout
</UL>
<BR>[Calls]<UL><LI><a href="#[b2]">&gt;&gt;</a>&nbsp;&nbsp;&nbsp;HAL_GPIO_WritePin
<LI><a href="#[83]">&gt;&gt;</a>&nbsp;&nbsp;&nbsp;HAL_SPI_Transmit
<LI><a href="#[7f]">&gt;&gt;</a>&nbsp;&nbsp;&nbsp;HAL_SPI_Receive
</UL>
<BR>[Called By]<UL><LI><a href="#[c5]">&gt;&gt;</a>&nbsp;&nbsp;&nbsp;NRF24L01_TxPacket
<LI><a href="#[c1]">&gt;&gt;</a>&nbsp;&nbsp;&nbsp;NRF24L01_RxPacket
</UL>

<P><STRONG><a name="[c1]"></a>NRF24L01_RxPacket</STRONG> (Thumb, 50 bytes, Stack size 16 bytes, bsp_nrf.o(i.NRF24L01_RxPacket))
<BR><BR>[Stack]<UL><LI>Max Depth = 160<LI>Call Chain = NRF24L01_RxPacket &rArr; NRF24L01_Read_Buf &rArr; HAL_SPI_Receive &rArr; HAL_SPI_TransmitReceive &rArr; SPI_WaitOnFlagUntilTimeout
</UL>
<BR>[Calls]<UL><LI><a href="#[c7]">&gt;&gt;</a>&nbsp;&nbsp;&nbsp;NRF24L01_Write_Reg
<LI><a href="#[c6]">&gt;&gt;</a>&nbsp;&nbsp;&nbsp;NRF24L01_Read_Reg
<LI><a href="#[be]">&gt;&gt;</a>&nbsp;&nbsp;&nbsp;NRF24L01_Read_Buf
</UL>
<BR>[Called By]<UL><LI><a href="#[4f]">&gt;&gt;</a>&nbsp;&nbsp;&nbsp;NRFTask
<LI><a href="#[bf]">&gt;&gt;</a>&nbsp;&nbsp;&nbsp;NRF24L01_Connect_Check
</UL>

<P><STRONG><a name="[c5]"></a>NRF24L01_TxPacket</STRONG> (Thumb, 104 bytes, Stack size 16 bytes, bsp_nrf.o(i.NRF24L01_TxPacket))
<BR><BR>[Stack]<UL><LI>Max Depth = 144<LI>Call Chain = NRF24L01_TxPacket &rArr; NRF24L01_Read_Reg &rArr; HAL_SPI_Receive &rArr; HAL_SPI_TransmitReceive &rArr; SPI_WaitOnFlagUntilTimeout
</UL>
<BR>[Calls]<UL><LI><a href="#[b2]">&gt;&gt;</a>&nbsp;&nbsp;&nbsp;HAL_GPIO_WritePin
<LI><a href="#[c0]">&gt;&gt;</a>&nbsp;&nbsp;&nbsp;RX_Mode
<LI><a href="#[c8]">&gt;&gt;</a>&nbsp;&nbsp;&nbsp;HAL_GPIO_ReadPin
<LI><a href="#[c7]">&gt;&gt;</a>&nbsp;&nbsp;&nbsp;NRF24L01_Write_Reg
<LI><a href="#[bd]">&gt;&gt;</a>&nbsp;&nbsp;&nbsp;NRF24L01_Write_Buf
<LI><a href="#[c6]">&gt;&gt;</a>&nbsp;&nbsp;&nbsp;NRF24L01_Read_Reg
</UL>
<BR>[Called By]<UL><LI><a href="#[4f]">&gt;&gt;</a>&nbsp;&nbsp;&nbsp;NRFTask
<LI><a href="#[bf]">&gt;&gt;</a>&nbsp;&nbsp;&nbsp;NRF24L01_Connect_Check
</UL>

<P><STRONG><a name="[bd]"></a>NRF24L01_Write_Buf</STRONG> (Thumb, 70 bytes, Stack size 40 bytes, bsp_nrf.o(i.NRF24L01_Write_Buf))
<BR><BR>[Stack]<UL><LI>Max Depth = 104<LI>Call Chain = NRF24L01_Write_Buf &rArr; HAL_SPI_TransmitReceive &rArr; SPI_WaitOnFlagUntilTimeout
</UL>
<BR>[Calls]<UL><LI><a href="#[b2]">&gt;&gt;</a>&nbsp;&nbsp;&nbsp;HAL_GPIO_WritePin
<LI><a href="#[80]">&gt;&gt;</a>&nbsp;&nbsp;&nbsp;HAL_SPI_TransmitReceive
<LI><a href="#[83]">&gt;&gt;</a>&nbsp;&nbsp;&nbsp;HAL_SPI_Transmit
</UL>
<BR>[Called By]<UL><LI><a href="#[c4]">&gt;&gt;</a>&nbsp;&nbsp;&nbsp;TX_Mode
<LI><a href="#[c0]">&gt;&gt;</a>&nbsp;&nbsp;&nbsp;RX_Mode
<LI><a href="#[c5]">&gt;&gt;</a>&nbsp;&nbsp;&nbsp;NRF24L01_TxPacket
<LI><a href="#[bc]">&gt;&gt;</a>&nbsp;&nbsp;&nbsp;NRF24L01_Check
</UL>

<P><STRONG><a name="[c7]"></a>NRF24L01_Write_Reg</STRONG> (Thumb, 66 bytes, Stack size 32 bytes, bsp_nrf.o(i.NRF24L01_Write_Reg))
<BR><BR>[Stack]<UL><LI>Max Depth = 96<LI>Call Chain = NRF24L01_Write_Reg &rArr; HAL_SPI_TransmitReceive &rArr; SPI_WaitOnFlagUntilTimeout
</UL>
[...]
</UL>
<BR>[Called By]<UL><LI><a href="#[a]">&gt;&gt;</a>&nbsp;&nbsp;&nbsp;PendSV_Handler
</UL>

<P><STRONG><a name="[10b]"></a>xPortStartScheduler</STRONG> (Thumb, 102 bytes, Stack size 16 bytes, port.o(i.xPortStartScheduler))
<BR><BR>[Stack]<UL><LI>Max Depth = 16<LI>Call Chain = xPortStartScheduler
</UL>
<BR>[Calls]<UL><LI><a href="#[10c]">&gt;&gt;</a>&nbsp;&nbsp;&nbsp;vPortSetupTimerInterrupt
<LI><a href="#[10d]">&gt;&gt;</a>&nbsp;&nbsp;&nbsp;__asm___6_port_c_39a90d8d__prvStartFirstTask
</UL>
<BR>[Called By]<UL><LI><a href="#[ec]">&gt;&gt;</a>&nbsp;&nbsp;&nbsp;vTaskStartScheduler
</UL>

<P><STRONG><a name="[ee]"></a>xPortSysTickHandler</STRONG> (Thumb, 30 bytes, Stack size 8 bytes, port.o(i.xPortSysTickHandler))
<BR><BR>[Stack]<UL><LI>Max Depth = 32<LI>Call Chain = xPortSysTickHandler &rArr; xTaskIncrementTick
</UL>
<BR>[Calls]<UL><LI><a href="#[10e]">&gt;&gt;</a>&nbsp;&nbsp;&nbsp;xTaskIncrementTick
<LI><a href="#[106]">&gt;&gt;</a>&nbsp;&nbsp;&nbsp;vPortClearInterruptMask
<LI><a href="#[ff]">&gt;&gt;</a>&nbsp;&nbsp;&nbsp;ulPortSetInterruptMask
</UL>
<BR>[Called By]<UL><LI><a href="#[d7]">&gt;&gt;</a>&nbsp;&nbsp;&nbsp;osSystickHandler
</UL>

<P><STRONG><a name="[66]"></a>xQueueCreateMutex</STRONG> (Thumb, 74 bytes, Stack size 16 bytes, queue.o(i.xQueueCreateMutex))
<BR><BR>[Stack]<UL><LI>Max Depth = 120<LI>Call Chain = xQueueCreateMutex &rArr; xQueueGenericSend &rArr; xTaskResumeAll &rArr; xTaskIncrementTick
</UL>
<BR>[Calls]<UL><LI><a href="#[ca]">&gt;&gt;</a>&nbsp;&nbsp;&nbsp;xQueueGenericSend
<LI><a href="#[10f]">&gt;&gt;</a>&nbsp;&nbsp;&nbsp;vListInitialise
<LI><a href="#[103]">&gt;&gt;</a>&nbsp;&nbsp;&nbsp;pvPortMalloc
</UL>
<BR>[Called By]<UL><LI><a href="#[65]">&gt;&gt;</a>&nbsp;&nbsp;&nbsp;AppObjCreate
</UL>

<P><STRONG><a name="[dd]"></a>xQueueGenericReceive</STRONG> (Thumb, 302 bytes, Stack size 48 bytes, queue.o(i.xQueueGenericReceive))
<BR><BR>[Stack]<UL><LI>Max Depth = 104<LI>Call Chain = xQueueGenericReceive &rArr; xTaskResumeAll &rArr; xTaskIncrementTick
</UL>
<BR>[Calls]<UL><LI><a href="#[101]">&gt;&gt;</a>&nbsp;&nbsp;&nbsp;xTaskRemoveFromEventList
<LI><a href="#[111]">&gt;&gt;</a>&nbsp;&nbsp;&nbsp;xTaskCheckForTimeOut
<LI><a href="#[10a]">&gt;&gt;</a>&nbsp;&nbsp;&nbsp;vTaskSetTimeOutState
<LI><a href="#[109]">&gt;&gt;</a>&nbsp;&nbsp;&nbsp;vTaskPriorityInherit
<LI><a href="#[107]">&gt;&gt;</a>&nbsp;&nbsp;&nbsp;vTaskPlaceOnEventList
<LI><a href="#[110]">&gt;&gt;</a>&nbsp;&nbsp;&nbsp;pvTaskIncrementMutexHeldCount
<LI><a href="#[100]">&gt;&gt;</a>&nbsp;&nbsp;&nbsp;prvUnlockQueue
<LI><a href="#[fa]">&gt;&gt;</a>&nbsp;&nbsp;&nbsp;prvCopyDataFromQueue
<LI><a href="#[f5]">&gt;&gt;</a>&nbsp;&nbsp;&nbsp;xTaskResumeAll
<LI><a href="#[ed]">&gt;&gt;</a>&nbsp;&nbsp;&nbsp;xTaskGetSchedulerState
<LI><a href="#[f4]">&gt;&gt;</a>&nbsp;&nbsp;&nbsp;vTaskSuspendAll
<LI><a href="#[fe]">&gt;&gt;</a>&nbsp;&nbsp;&nbsp;vPortYield
<LI><a href="#[f8]">&gt;&gt;</a>&nbsp;&nbsp;&nbsp;vPortExitCritical
<LI><a href="#[f6]">&gt;&gt;</a>&nbsp;&nbsp;&nbsp;vPortEnterCritical
<LI><a href="#[ff]">&gt;&gt;</a>&nbsp;&nbsp;&nbsp;ulPortSetInterruptMask
</UL>
<BR>[Called By]<UL><LI><a href="#[67]">&gt;&gt;</a>&nbsp;&nbsp;&nbsp;USART_SendData
</UL>

<P><STRONG><a name="[ca]"></a>xQueueGenericSend</STRONG> (Thumb, 276 bytes, Stack size 48 bytes, queue.o(i.xQueueGenericSend))
<BR><BR>[Stack]<UL><LI>Max Depth = 104<LI>Call Chain = xQueueGenericSend &rArr; xTaskResumeAll &rArr; xTaskIncrementTick
</UL>
<BR>[Calls]<UL><LI><a href="#[101]">&gt;&gt;</a>&nbsp;&nbsp;&nbsp;xTaskRemoveFromEventList
<LI><a href="#[111]">&gt;&gt;</a>&nbsp;&nbsp;&nbsp;xTaskCheckForTimeOut
<LI><a href="#[10a]">&gt;&gt;</a>&nbsp;&nbsp;&nbsp;vTaskSetTimeOutState
<LI><a href="#[107]">&gt;&gt;</a>&nbsp;&nbsp;&nbsp;vTaskPlaceOnEventList
<LI><a href="#[100]">&gt;&gt;</a>&nbsp;&nbsp;&nbsp;prvUnlockQueue
<LI><a href="#[fc]">&gt;&gt;</a>&nbsp;&nbsp;&nbsp;prvCopyDataToQueue
<LI><a href="#[f5]">&gt;&gt;</a>&nbsp;&nbsp;&nbsp;xTaskResumeAll
<LI><a href="#[ed]">&gt;&gt;</a>&nbsp;&nbsp;&nbsp;xTaskGetSchedulerState
<LI><a href="#[f4]">&gt;&gt;</a>&nbsp;&nbsp;&nbsp;vTaskSuspendAll
<LI><a href="#[fe]">&gt;&gt;</a>&nbsp;&nbsp;&nbsp;vPortYield
<LI><a href="#[f8]">&gt;&gt;</a>&nbsp;&nbsp;&nbsp;vPortExitCritical
<LI><a href="#[f6]">&gt;&gt;</a>&nbsp;&nbsp;&nbsp;vPortEnterCritical
<LI><a href="#[ff]">&gt;&gt;</a>&nbsp;&nbsp;&nbsp;ulPortSetInterruptMask
</UL>
<BR>[Called By]<UL><LI><a href="#[66]">&gt;&gt;</a>&nbsp;&nbsp;&nbsp;xQueueCreateMutex
<LI><a href="#[67]">&gt;&gt;</a>&nbsp;&nbsp;&nbsp;USART_SendData
<LI><a href="#[50]">&gt;&gt;</a>&nbsp;&nbsp;&nbsp;StepperTask02
<LI><a href="#[4f]">&gt;&gt;</a>&nbsp;&nbsp;&nbsp;NRFTask
</UL>

<P><STRONG><a name="[111]"></a>xTaskCheckForTimeOut</STRONG> (Thumb, 82 bytes, Stack size 16 bytes, tasks.o(i.xTaskCheckForTimeOut))
<BR><BR>[Stack]<UL><LI>Max Depth = 24<LI>Call Chain = xTaskCheckForTimeOut &rArr; vTaskSetTimeOutState
</UL>
<BR>[Calls]<UL><LI><a href="#[10a]">&gt;&gt;</a>&nbsp;&nbsp;&nbsp;vTaskSetTimeOutState
<LI><a href="#[f8]">&gt;&gt;</a>&nbsp;&nbsp;&nbsp;vPortExitCritical
<LI><a href="#[f6]">&gt;&gt;</a>&nbsp;&nbsp;&nbsp;vPortEnterCritical
<LI><a href="#[ff]">&gt;&gt;</a>&nbsp;&nbsp;&nbsp;ulPortSetInterruptMask
</UL>
<BR>[Called By]<UL><LI><a href="#[ca]">&gt;&gt;</a>&nbsp;&nbsp;&nbsp;xQueueGenericSend
<LI><a href="#[dd]">&gt;&gt;</a>&nbsp;&nbsp;&nbsp;xQueueGenericReceive
</UL>

<P><STRONG><a name="[f0]"></a>xTaskGenericCreate</STRONG> (Thumb, 388 bytes, Stack size 56 bytes, tasks.o(i.xTaskGenericCreate))
<BR><BR>[Stack]<UL><LI>Max Depth = 136<LI>Call Chain = xTaskGenericCreate &rArr; pvPortMalloc &rArr; xTaskResumeAll &rArr; xTaskIncrementTick
</UL>
<BR>[Calls]<UL><LI><a href="#[113]">&gt;&gt;</a>&nbsp;&nbsp;&nbsp;pxPortInitialiseStack
<LI><a href="#[108]">&gt;&gt;</a>&nbsp;&nbsp;&nbsp;vListInsertEnd
<LI><a href="#[112]">&gt;&gt;</a>&nbsp;&nbsp;&nbsp;vListInitialiseItem
<LI><a href="#[fe]">&gt;&gt;</a>&nbsp;&nbsp;&nbsp;vPortYield
<LI><a href="#[f9]">&gt;&gt;</a>&nbsp;&nbsp;&nbsp;vPortFree
<LI><a href="#[f8]">&gt;&gt;</a>&nbsp;&nbsp;&nbsp;vPortExitCritical
<LI><a href="#[f6]">&gt;&gt;</a>&nbsp;&nbsp;&nbsp;vPortEnterCritical
<LI><a href="#[10f]">&gt;&gt;</a>&nbsp;&nbsp;&nbsp;vListInitialise
<LI><a href="#[ff]">&gt;&gt;</a>&nbsp;&nbsp;&nbsp;ulPortSetInterruptMask
<LI><a href="#[103]">&gt;&gt;</a>&nbsp;&nbsp;&nbsp;pvPortMalloc
<LI><a href="#[55]">&gt;&gt;</a>&nbsp;&nbsp;&nbsp;__aeabi_memset
</UL>
<BR>[Called By]<UL><LI><a href="#[ec]">&gt;&gt;</a>&nbsp;&nbsp;&nbsp;vTaskStartScheduler
<LI><a href="#[b0]">&gt;&gt;</a>&nbsp;&nbsp;&nbsp;osThreadCreate
</UL>

<P><STRONG><a name="[ed]"></a>xTaskGetSchedulerState</STRONG> (Thumb, 22 bytes, Stack size 0 bytes, tasks.o(i.xTaskGetSchedulerState))
<BR><BR>[Called By]<UL><LI><a href="#[ca]">&gt;&gt;</a>&nbsp;&nbsp;&nbsp;xQueueGenericSend
<LI><a href="#[dd]">&gt;&gt;</a>&nbsp;&nbsp;&nbsp;xQueueGenericReceive
<LI><a href="#[d7]">&gt;&gt;</a>&nbsp;&nbsp;&nbsp;osSystickHandler
</UL>

<P><STRONG><a name="[10e]"></a>xTaskIncrementTick</STRONG> (Thumb, 184 bytes, Stack size 24 bytes, tasks.o(i.xTaskIncrementTick))
<BR><BR>[Stack]<UL><LI>Max Depth = 24<LI>Call Chain = xTaskIncrementTick
</UL>
<BR>[Calls]<UL><LI><a href="#[108]">&gt;&gt;</a>&nbsp;&nbsp;&nbsp;vListInsertEnd
<LI><a href="#[f7]">&gt;&gt;</a>&nbsp;&nbsp;&nbsp;uxListRemove
<LI><a href="#[ff]">&gt;&gt;</a>&nbsp;&nbsp;&nbsp;ulPortSetInterruptMask
<LI><a href="#[114]">&gt;&gt;</a>&nbsp;&nbsp;&nbsp;prvResetNextTaskUnblockTime
</UL>
<BR>[Called By]<UL><LI><a href="#[ee]">&gt;&gt;</a>&nbsp;&nbsp;&nbsp;xPortSysTickHandler
<LI><a href="#[f5]">&gt;&gt;</a>&nbsp;&nbsp;&nbsp;xTaskResumeAll
</UL>

<P><STRONG><a name="[fd]"></a>xTaskPriorityDisinherit</STRONG> (Thumb, 124 bytes, Stack size 16 bytes, tasks.o(i.xTaskPriorityDisinherit))
<BR><BR>[Stack]<UL><LI>Max Depth = 16<LI>Call Chain = xTaskPriorityDisinherit
</UL>
<BR>[Calls]<UL><LI><a href="#[108]">&gt;&gt;</a>&nbsp;&nbsp;&nbsp;vListInsertEnd
<LI><a href="#[f7]">&gt;&gt;</a>&nbsp;&nbsp;&nbsp;uxListRemove
<LI><a href="#[ff]">&gt;&gt;</a>&nbsp;&nbsp;&nbsp;ulPortSetInterruptMask
</UL>
<BR>[Called By]<UL><LI><a href="#[fc]">&gt;&gt;</a>&nbsp;&nbsp;&nbsp;prvCopyDataToQueue
</UL>

<P><STRONG><a name="[101]"></a>xTaskRemoveFromEventList</STRONG> (Thumb, 98 bytes, Stack size 24 bytes, tasks.o(i.xTaskRemoveFromEventList))
<BR><BR>[Stack]<UL><LI>Max Depth = 24<LI>Call Chain = xTaskRemoveFromEventList
</UL>
<BR>[Calls]<UL><LI><a href="#[108]">&gt;&gt;</a>&nbsp;&nbsp;&nbsp;vListInsertEnd
<LI><a href="#[f7]">&gt;&gt;</a>&nbsp;&nbsp;&nbsp;uxListRemove
<LI><a href="#[ff]">&gt;&gt;</a>&nbsp;&nbsp;&nbsp;ulPortSetInterruptMask
</UL>
<BR>[Called By]<UL><LI><a href="#[ca]">&gt;&gt;</a>&nbsp;&nbsp;&nbsp;xQueueGenericSend
<LI><a href="#[dd]">&gt;&gt;</a>&nbsp;&nbsp;&nbsp;xQueueGenericReceive
<LI><a href="#[100]">&gt;&gt;</a>&nbsp;&nbsp;&nbsp;prvUnlockQueue
</UL>

<P><STRONG><a name="[f5]"></a>xTaskResumeAll</STRONG> (Thumb, 162 bytes, Stack size 32 bytes, tasks.o(i.xTaskResumeAll))
<BR><BR>[Stack]<UL><LI>Max Depth = 56<LI>Call Chain = xTaskResumeAll &rArr; xTaskIncrementTick
</UL>
<BR>[Calls]<UL><LI><a href="#[10e]">&gt;&gt;</a>&nbsp;&nbsp;&nbsp;xTaskIncrementTick
<LI><a href="#[108]">&gt;&gt;</a>&nbsp;&nbsp;&nbsp;vListInsertEnd
<LI><a href="#[f7]">&gt;&gt;</a>&nbsp;&nbsp;&nbsp;uxListRemove
<LI><a href="#[fe]">&gt;&gt;</a>&nbsp;&nbsp;&nbsp;vPortYield
<LI><a href="#[f8]">&gt;&gt;</a>&nbsp;&nbsp;&nbsp;vPortExitCritical
<LI><a href="#[f6]">&gt;&gt;</a>&nbsp;&nbsp;&nbsp;vPortEnterCritical
<LI><a href="#[ff]">&gt;&gt;</a>&nbsp;&nbsp;&nbsp;ulPortSetInterruptMask
</UL>
<BR>[Called By]<UL><LI><a href="#[ca]">&gt;&gt;</a>&nbsp;&nbsp;&nbsp;xQueueGenericSend
<LI><a href="#[dd]">&gt;&gt;</a>&nbsp;&nbsp;&nbsp;xQueueGenericReceive
<LI><a href="#[f9]">&gt;&gt;</a>&nbsp;&nbsp;&nbsp;vPortFree
<LI><a href="#[103]">&gt;&gt;</a>&nbsp;&nbsp;&nbsp;pvPortMalloc
<LI><a href="#[f3]">&gt;&gt;</a>&nbsp;&nbsp;&nbsp;prvCheckTasksWaitingTermination
<LI><a href="#[eb]">&gt;&gt;</a>&nbsp;&nbsp;&nbsp;vTaskDelay
</UL>
<P>
<H3>
Local Symbols
</H3>
<P><STRONG><a name="[104]"></a>prvHeapInit</STRONG> (Thumb, 66 bytes, Stack size 0 bytes, heap_4.o(i.prvHeapInit))
<BR><BR>[Called By]<UL><LI><a href="#[103]">&gt;&gt;</a>&nbsp;&nbsp;&nbsp;pvPortMalloc
</UL>

<P><STRONG><a name="[105]"></a>prvInsertBlockIntoFreeList</STRONG> (Thumb, 72 bytes, Stack size 12 bytes, heap_4.o(i.prvInsertBlockIntoFreeList))
<BR><BR>[Stack]<UL><LI>Max Depth = 12<LI>Call Chain = prvInsertBlockIntoFreeList
</UL>
<BR>[Called By]<UL><LI><a href="#[f9]">&gt;&gt;</a>&nbsp;&nbsp;&nbsp;vPortFree
<LI><a href="#[103]">&gt;&gt;</a>&nbsp;&nbsp;&nbsp;pvPortMalloc
</UL>

<P><STRONG><a name="[4d]"></a>prvTaskExitError</STRONG> (Thumb, 20 bytes, Stack size 0 bytes, port.o(i.prvTaskExitError))
<BR><BR>[Calls]<UL><LI><a href="#[ff]">&gt;&gt;</a>&nbsp;&nbsp;&nbsp;ulPortSetInterruptMask
</UL>
<BR>[Address Reference Count : 1]<UL><LI> port.o(i.pxPortInitialiseStack)
</UL>
<P><STRONG><a name="[fa]"></a>prvCopyDataFromQueue</STRONG> (Thumb, 38 bytes, Stack size 8 bytes, queue.o(i.prvCopyDataFromQueue))
<BR><BR>[Stack]<UL><LI>Max Depth = 8<LI>Call Chain = prvCopyDataFromQueue
</UL>
<BR>[Calls]<UL><LI><a href="#[fb]">&gt;&gt;</a>&nbsp;&nbsp;&nbsp;__aeabi_memcpy
</UL>
<BR>[Called By]<UL><LI><a href="#[dd]">&gt;&gt;</a>&nbsp;&nbsp;&nbsp;xQueueGenericReceive
</UL>

<P><STRONG><a name="[fc]"></a>prvCopyDataToQueue</STRONG> (Thumb, 110 bytes, Stack size 16 bytes, queue.o(i.prvCopyDataToQueue))
<BR><BR>[Stack]<UL><LI>Max Depth = 32<LI>Call Chain = prvCopyDataToQueue &rArr; xTaskPriorityDisinherit
</UL>
<BR>[Calls]<UL><LI><a href="#[fd]">&gt;&gt;</a>&nbsp;&nbsp;&nbsp;xTaskPriorityDisinherit
<LI><a href="#[fb]">&gt;&gt;</a>&nbsp;&nbsp;&nbsp;__aeabi_memcpy
</UL>
<BR>[Called By]<UL><LI><a href="#[ca]">&gt;&gt;</a>&nbsp;&nbsp;&nbsp;xQueueGenericSend
</UL>

<P><STRONG><a name="[100]"></a>prvUnlockQueue</STRONG> (Thumb, 100 bytes, Stack size 16 bytes, queue.o(i.prvUnlockQueue))
<BR><BR>[Stack]<UL><LI>Max Depth = 40<LI>Call Chain = prvUnlockQueue &rArr; xTaskRemoveFromEventList
</UL>
<BR>[Calls]<UL><LI><a href="#[101]">&gt;&gt;</a>&nbsp;&nbsp;&nbsp;xTaskRemoveFromEventList
<LI><a href="#[102]">&gt;&gt;</a>&nbsp;&nbsp;&nbsp;vTaskMissedYield
<LI><a href="#[f8]">&gt;&gt;</a>&nbsp;&nbsp;&nbsp;vPortExitCritical
<LI><a href="#[f6]">&gt;&gt;</a>&nbsp;&nbsp;&nbsp;vPortEnterCritical
</UL>
<BR>[Called By]<UL><LI><a href="#[ca]">&gt;&gt;</a>&nbsp;&nbsp;&nbsp;xQueueGenericSend
<LI><a href="#[dd]">&gt;&gt;</a>&nbsp;&nbsp;&nbsp;xQueueGenericReceive
</UL>

<P><STRONG><a name="[ef]"></a>makeFreeRtosPriority</STRONG> (Thumb, 12 bytes, Stack size 0 bytes, cmsis_os.o(i.makeFreeRtosPriority))
<BR><BR>[Called By]<UL><LI><a href="#[b0]">&gt;&gt;</a>&nbsp;&nbsp;&nbsp;osThreadCreate
</UL>

<P><STRONG><a name="[f1]"></a>prvAddCurrentTaskToDelayedList</STRONG> (Thumb, 48 bytes, Stack size 16 bytes, tasks.o(i.prvAddCurrentTaskToDelayedList))
<BR><BR>[Stack]<UL><LI>Max Depth = 28<LI>Call Chain = prvAddCurrentTaskToDelayedList &rArr; vListInsert
</UL>
<BR>[Calls]<UL><LI><a href="#[f2]">&gt;&gt;</a>&nbsp;&nbsp;&nbsp;vListInsert
</UL>
<BR>[Called By]<UL><LI><a href="#[107]">&gt;&gt;</a>&nbsp;&nbsp;&nbsp;vTaskPlaceOnEventList
<LI><a href="#[eb]">&gt;&gt;</a>&nbsp;&nbsp;&nbsp;vTaskDelay
</UL>

<P><STRONG><a name="[f3]"></a>prvCheckTasksWaitingTermination</STRONG> (Thumb, 76 bytes, Stack size 16 bytes, tasks.o(i.prvCheckTasksWaitingTermination))
<BR><BR>[Stack]<UL><LI>Max Depth = 88<LI>Call Chain = prvCheckTasksWaitingTermination &rArr; vPortFree &rArr; xTaskResumeAll &rArr; xTaskIncrementTick
</UL>
<BR>[Calls]<UL><LI><a href="#[f7]">&gt;&gt;</a>&nbsp;&nbsp;&nbsp;uxListRemove
<LI><a href="#[f5]">&gt;&gt;</a>&nbsp;&nbsp;&nbsp;xTaskResumeAll
<LI><a href="#[f4]">&gt;&gt;</a>&nbsp;&nbsp;&nbsp;vTaskSuspendAll
<LI><a href="#[f9]">&gt;&gt;</a>&nbsp;&nbsp;&nbsp;vPortFree
<LI><a href="#[f8]">&gt;&gt;</a>&nbsp;&nbsp;&nbsp;vPortExitCritical
<LI><a href="#[f6]">&gt;&gt;</a>&nbsp;&nbsp;&nbsp;vPortEnterCritical
</UL>
<BR>[Called By]<UL><LI><a href="#[4e]">&gt;&gt;</a>&nbsp;&nbsp;&nbsp;prvIdleTask
</UL>

<P><STRONG><a name="[4e]"></a>prvIdleTask</STRONG> (Thumb, 20 bytes, Stack size 0 bytes, tasks.o(i.prvIdleTask))
<BR><BR>[Stack]<UL><LI>Max Depth = 88<LI>Call Chain = prvIdleTask &rArr; prvCheckTasksWaitingTermination &rArr; vPortFree &rArr; xTaskResumeAll &rArr; xTaskIncrementTick
</UL>
<BR>[Calls]<UL><LI><a href="#[fe]">&gt;&gt;</a>&nbsp;&nbsp;&nbsp;vPortYield
<LI><a href="#[f3]">&gt;&gt;</a>&nbsp;&nbsp;&nbsp;prvCheckTasksWaitingTermination
</UL>
<BR>[Address Reference Count : 1]<UL><LI> tasks.o(i.vTaskStartScheduler)
</UL>
<P><STRONG><a name="[114]"></a>prvResetNextTaskUnblockTime</STRONG> (Thumb, 26 bytes, Stack size 0 bytes, tasks.o(i.prvResetNextTaskUnblockTime))
<BR><BR>[Called By]<UL><LI><a href="#[10e]">&gt;&gt;</a>&nbsp;&nbsp;&nbsp;xTaskIncrementTick
</UL>

<P><STRONG><a name="[81]"></a>SPI_WaitOnFlagUntilTimeout</STRONG> (Thumb, 158 bytes, Stack size 32 bytes, stm32f1xx_hal_spi.o(i.SPI_WaitOnFlagUntilTimeout))
<BR><BR>[Stack]<UL><LI>Max Depth = 32<LI>Call Chain = SPI_WaitOnFlagUntilTimeout
</UL>
<BR>[Calls]<UL><LI><a href="#[70]">&gt;&gt;</a>&nbsp;&nbsp;&nbsp;HAL_GetTick
</UL>
<BR>[Called By]<UL><LI><a href="#[80]">&gt;&gt;</a>&nbsp;&nbsp;&nbsp;HAL_SPI_TransmitReceive
<LI><a href="#[83]">&gt;&gt;</a>&nbsp;&nbsp;&nbsp;HAL_SPI_Transmit
<LI><a href="#[7f]">&gt;&gt;</a>&nbsp;&nbsp;&nbsp;HAL_SPI_Receive
</UL>

<P><STRONG><a name="[a6]"></a>UART_SetConfig</STRONG> (Thumb, 364 bytes, Stack size 24 bytes, stm32f1xx_hal_uart.o(i.UART_SetConfig))
<BR><BR>[Stack]<UL><LI>Max Depth = 24<LI>Call Chain = UART_SetConfig
</UL>
<BR>[Calls]<UL><LI><a href="#[da]">&gt;&gt;</a>&nbsp;&nbsp;&nbsp;HAL_RCC_GetPCLK2Freq
<LI><a href="#[db]">&gt;&gt;</a>&nbsp;&nbsp;&nbsp;HAL_RCC_GetPCLK1Freq
</UL>
<BR>[Called By]<UL><LI><a href="#[a4]">&gt;&gt;</a>&nbsp;&nbsp;&nbsp;HAL_UART_Init
</UL>

<P><STRONG><a name="[a8]"></a>UART_WaitOnFlagUntilTimeout</STRONG> (Thumb, 146 bytes, Stack size 32 bytes, stm32f1xx_hal_uart.o(i.UART_WaitOnFlagUntilTimeout))
<BR><BR>[Stack]<UL><LI>Max Depth = 32<LI>Call Chain = UART_WaitOnFlagUntilTimeout
</UL>
<BR>[Calls]<UL><LI><a href="#[70]">&gt;&gt;</a>&nbsp;&nbsp;&nbsp;HAL_GetTick
</UL>
<BR>[Called By]<UL><LI><a href="#[a7]">&gt;&gt;</a>&nbsp;&nbsp;&nbsp;HAL_UART_Transmit
</UL>

<P><STRONG><a name="[78]"></a>NVIC_SetPriority</STRONG> (Thumb, 32 bytes, Stack size 0 bytes, stm32f1xx_hal_cortex.o(i.NVIC_SetPriority))
<BR><BR>[Called By]<UL><LI><a href="#[77]">&gt;&gt;</a>&nbsp;&nbsp;&nbsp;HAL_NVIC_SetPriority
<LI><a href="#[76]">&gt;&gt;</a>&nbsp;&nbsp;&nbsp;HAL_SYSTICK_Config
</UL>

<P><STRONG><a name="[6e]"></a>DMA_SetConfig</STRONG> (Thumb, 30 bytes, Stack size 8 bytes, stm32f1xx_hal_dma.o(i.DMA_SetConfig))
<BR><BR>[Stack]<UL><LI>Max Depth = 8<LI>Call Chain = DMA_SetConfig
</UL>
<BR>[Called By]<UL><LI><a href="#[6f]">&gt;&gt;</a>&nbsp;&nbsp;&nbsp;HAL_DMA_Start_IT
<LI><a href="#[6d]">&gt;&gt;</a>&nbsp;&nbsp;&nbsp;HAL_DMA_Start
</UL>

<P><STRONG><a name="[89]"></a>TIM_ETR_SetConfig</STRONG> (Thumb, 20 bytes, Stack size 8 bytes, stm32f1xx_hal_tim.o(i.TIM_ETR_SetConfig))
<BR><BR>[Stack]<UL><LI>Max Depth = 8<LI>Call Chain = TIM_ETR_SetConfig
</UL>
<BR>[Called By]<UL><LI><a href="#[88]">&gt;&gt;</a>&nbsp;&nbsp;&nbsp;HAL_TIM_ConfigClockSource
</UL>

<P><STRONG><a name="[8c]"></a>TIM_ITRx_SetConfig</STRONG> (Thumb, 16 bytes, Stack size 0 bytes, stm32f1xx_hal_tim.o(i.TIM_ITRx_SetConfig))
<BR><BR>[Called By]<UL><LI><a href="#[88]">&gt;&gt;</a>&nbsp;&nbsp;&nbsp;HAL_TIM_ConfigClockSource
</UL>

<P><STRONG><a name="[97]"></a>TIM_OC1_SetConfig</STRONG> (Thumb, 88 bytes, Stack size 20 bytes, stm32f1xx_hal_tim.o(i.TIM_OC1_SetConfig))
<BR><BR>[Stack]<UL><LI>Max Depth = 20<LI>Call Chain = TIM_OC1_SetConfig
</UL>
<BR>[Called By]<UL><LI><a href="#[9e]">&gt;&gt;</a>&nbsp;&nbsp;&nbsp;HAL_TIM_PWM_ConfigChannel
<LI><a href="#[96]">&gt;&gt;</a>&nbsp;&nbsp;&nbsp;HAL_TIM_OC_ConfigChannel
</UL>

<P><STRONG><a name="[99]"></a>TIM_OC3_SetConfig</STRONG> (Thumb, 96 bytes, Stack size 20 bytes, stm32f1xx_hal_tim.o(i.TIM_OC3_SetConfig))
<BR><BR>[Stack]<UL><LI>Max Depth = 20<LI>Call Chain = TIM_OC3_SetConfig
</UL>
<BR>[Called By]<UL><LI><a href="#[9e]">&gt;&gt;</a>&nbsp;&nbsp;&nbsp;HAL_TIM_PWM_ConfigChannel
<LI><a href="#[96]">&gt;&gt;</a>&nbsp;&nbsp;&nbsp;HAL_TIM_OC_ConfigChannel
</UL>

<P><STRONG><a name="[9a]"></a>TIM_OC4_SetConfig</STRONG> (Thumb, 70 bytes, Stack size 12 bytes, stm32f1xx_hal_tim.o(i.TIM_OC4_SetConfig))
<BR><BR>[Stack]<UL><LI>Max Depth = 12<LI>Call Chain = TIM_OC4_SetConfig
</UL>
<BR>[Called By]<UL><LI><a href="#[9e]">&gt;&gt;</a>&nbsp;&nbsp;&nbsp;HAL_TIM_PWM_ConfigChannel
<LI><a href="#[96]">&gt;&gt;</a>&nbsp;&nbsp;&nbsp;HAL_TIM_OC_ConfigChannel
</UL>

<P><STRONG><a name="[8a]"></a>TIM_TI1_ConfigInputStage</STRONG> (Thumb, 34 bytes, Stack size 8 bytes, stm32f1xx_hal_tim.o(i.TIM_TI1_ConfigInputStage))
<BR><BR>[Stack]<UL><LI>Max Depth = 8<LI>Call Chain = TIM_TI1_ConfigInputStage
</UL>
<BR>[Called By]<UL><LI><a href="#[88]">&gt;&gt;</a>&nbsp;&nbsp;&nbsp;HAL_TIM_ConfigClockSource
</UL>

<P><STRONG><a name="[8b]"></a>TIM_TI2_ConfigInputStage</STRONG> (Thumb, 36 bytes, Stack size 8 bytes, stm32f1xx_hal_tim.o(i.TIM_TI2_ConfigInputStage))
<BR><BR>[Stack]<UL><LI>Max Depth = 8<LI>Call Chain = TIM_TI2_ConfigInputStage
</UL>
<BR>[Called By]<UL><LI><a href="#[88]">&gt;&gt;</a>&nbsp;&nbsp;&nbsp;HAL_TIM_ConfigClockSource
</UL>

<P><STRONG><a name="[e0]"></a>_printf_core</STRONG> (Thumb, 214 bytes, Stack size 40 bytes, printf2.o(i._printf_core), UNUSED)
<BR><BR>[Called By]<UL><LI><a href="#[e1]">&gt;&gt;</a>&nbsp;&nbsp;&nbsp;__0sprintf$2
<LI><a href="#[df]">&gt;&gt;</a>&nbsp;&nbsp;&nbsp;__0printf$2
</UL>

<P><STRONG><a name="[4c]"></a>_sputc</STRONG> (Thumb, 10 bytes, Stack size 0 bytes, printf2.o(i._sputc))
<BR><BR>[Called By]<UL><LI><a href="#[e1]">&gt;&gt;</a>&nbsp;&nbsp;&nbsp;__0sprintf$2
</UL>
<BR>[Address Reference Count : 1]<UL><LI> printf2.o(i.__0sprintf$2)
</UL><P>
<H3>
Undefined Global Symbols
</H3><HR></body></html>
