<html>
<body>
<pre>
<h1>µVision Build Log</h1>
<h2>Project:</h2>
C:\Users\MQjehovah\Desktop\Gcode_interpreter\Project\Project.uvproj
Project File Date:  03/05/2015

<h2>Output:</h2>
Rebuild target 'Gocde_interpreter'
assembling startup_stm32f10x_ld.s...
compiling core_cm3.c...
compiling system_stm32f10x.c...
compiling misc.c...
compiling stm32f10x_adc.c...
compiling stm32f10x_bkp.c...
compiling stm32f10x_can.c...
compiling stm32f10x_cec.c...
compiling stm32f10x_crc.c...
compiling stm32f10x_dac.c...
compiling stm32f10x_dbgmcu.c...
compiling stm32f10x_dma.c...
compiling stm32f10x_exti.c...
compiling stm32f10x_flash.c...
compiling stm32f10x_fsmc.c...
compiling stm32f10x_gpio.c...
compiling stm32f10x_i2c.c...
compiling stm32f10x_iwdg.c...
compiling stm32f10x_pwr.c...
compiling stm32f10x_rcc.c...
compiling stm32f10x_rtc.c...
compiling stm32f10x_sdio.c...
compiling stm32f10x_spi.c...
compiling stm32f10x_tim.c...
compiling stm32f10x_usart.c...
compiling stm32f10x_wwdg.c...
compiling main.c...
compiling stm32f10x_it.c...
compiling usart.c...
compiling gcode.c...
compiling lcd.c...
linking...
Program Size: Code=15928 RO-data=724 RW-data=112 ZI-data=1800  
FromELF: creating hex file...
".\OutPut\Project.axf" - 0 Error(s), 0 Warning(s).
</pre>
</body>
</html>
